// Vitest Snapshot v1, https://vitest.dev/guide/snapshot.html

exports[`<Image /> > should render 1`] = `
<div
  class="image-container"
  data-astro-cid-vovw4llg=""
>
   
  <picture
    data-astro-cid-vovw4llg=""
  >
     
    <source
      data-astro-cid-vovw4llg="true"
      srcset=""
      type="image/avif"
    />
     
    <source
      data-astro-cid-vovw4llg="true"
      srcset=""
      type="image/webp"
    />
     
    <img
      alt="Test image"
      data-astro-cid-vovw4llg="true"
      fetchpriority="high"
      loading="eager"
      src="https://images.ctfassets.net/44t6u1r4zgqq/22zkTYrMQVwAfvrEW3WGeX/9d5c7c3e5e853a9dede1b5cc0e539486/Teko%C3%83_ly.jpg?f=face&q=80&fit=fill"
      srcset="https://images.ctfassets.net/44t6u1r4zgqq/22zkTYrMQVwAfvrEW3WGeX/9d5c7c3e5e853a9dede1b5cc0e539486/Teko%C3%83_ly.jpg?f=face&q=80&w=640&fit=fill 640w,
https://images.ctfassets.net/44t6u1r4zgqq/22zkTYrMQVwAfvrEW3WGeX/9d5c7c3e5e853a9dede1b5cc0e539486/Teko%C3%83_ly.jpg?f=face&q=80&w=750&fit=fill 750w,
https://images.ctfassets.net/44t6u1r4zgqq/22zkTYrMQVwAfvrEW3WGeX/9d5c7c3e5e853a9dede1b5cc0e539486/Teko%C3%83_ly.jpg?f=face&q=80&w=828&fit=fill 828w,
https://images.ctfassets.net/44t6u1r4zgqq/22zkTYrMQVwAfvrEW3WGeX/9d5c7c3e5e853a9dede1b5cc0e539486/Teko%C3%83_ly.jpg?f=face&q=80&w=960&fit=fill 960w,
https://images.ctfassets.net/44t6u1r4zgqq/22zkTYrMQVwAfvrEW3WGeX/9d5c7c3e5e853a9dede1b5cc0e539486/Teko%C3%83_ly.jpg?f=face&q=80&w=1080&fit=fill 1080w,
https://images.ctfassets.net/44t6u1r4zgqq/22zkTYrMQVwAfvrEW3WGeX/9d5c7c3e5e853a9dede1b5cc0e539486/Teko%C3%83_ly.jpg?f=face&q=80&w=1280&fit=fill 1280w,
https://images.ctfassets.net/44t6u1r4zgqq/22zkTYrMQVwAfvrEW3WGeX/9d5c7c3e5e853a9dede1b5cc0e539486/Teko%C3%83_ly.jpg?f=face&q=80&w=1668&fit=fill 1668w,
https://images.ctfassets.net/44t6u1r4zgqq/22zkTYrMQVwAfvrEW3WGeX/9d5c7c3e5e853a9dede1b5cc0e539486/Teko%C3%83_ly.jpg?f=face&q=80&w=1920&fit=fill 1920w,
https://images.ctfassets.net/44t6u1r4zgqq/22zkTYrMQVwAfvrEW3WGeX/9d5c7c3e5e853a9dede1b5cc0e539486/Teko%C3%83_ly.jpg?f=face&q=80&w=2048&fit=fill 2048w,
https://images.ctfassets.net/44t6u1r4zgqq/22zkTYrMQVwAfvrEW3WGeX/9d5c7c3e5e853a9dede1b5cc0e539486/Teko%C3%83_ly.jpg?f=face&q=80&w=2560&fit=fill 2560w,
https://images.ctfassets.net/44t6u1r4zgqq/22zkTYrMQVwAfvrEW3WGeX/9d5c7c3e5e853a9dede1b5cc0e539486/Teko%C3%83_ly.jpg?f=face&q=80&w=3200&fit=fill 3200w,
https://images.ctfassets.net/44t6u1r4zgqq/22zkTYrMQVwAfvrEW3WGeX/9d5c7c3e5e853a9dede1b5cc0e539486/Teko%C3%83_ly.jpg?f=face&q=80&w=3840&fit=fill 3840w,
https://images.ctfassets.net/44t6u1r4zgqq/22zkTYrMQVwAfvrEW3WGeX/9d5c7c3e5e853a9dede1b5cc0e539486/Teko%C3%83_ly.jpg?f=face&q=80&w=4000&fit=fill 4480w,
https://images.ctfassets.net/44t6u1r4zgqq/22zkTYrMQVwAfvrEW3WGeX/9d5c7c3e5e853a9dede1b5cc0e539486/Teko%C3%83_ly.jpg?f=face&q=80&w=4000&fit=fill 5120w,
https://images.ctfassets.net/44t6u1r4zgqq/22zkTYrMQVwAfvrEW3WGeX/9d5c7c3e5e853a9dede1b5cc0e539486/Teko%C3%83_ly.jpg?f=face&q=80&w=4000&fit=fill 6016w"
      style="object-fit:cover;background-image:url(data:image/bmp;base64,Qk32BAAAAAAAADYAAAAoAAAACAAAAAgAAAABABgAAAAAAMAAAAATCwAAEwsAAAAAAAAAAAAAEQACGgAAJgAAKwAAJh5BGyxWECRKDQANKyQzMBsYOA4AOSIjMTxeJEd1HUBrHyhBPD1IQDYzRi4ARTo5O1B0LVuOJ1SEKz5bQ0dQR0E7TToBTEVEQlp+NGWZLV2PMUdlQkVMRkA3TToETUZERFp8N2SWL1yLMUVgOzk7PzUnRzIASkA+Q1NwN1yGLlR6LTtOMSkhNiUDQCUARTc0QUphN1JzLUhlJy00LB8LMhsAPR4AQjIvQEZaN01qLEJaJCUj);background-size:cover;background-repeat:no-repeat;width:100%"
    />
     
  </picture>
   
</div>
`;
