// Jest Snapshot v1, https://goo.gl/fbAQLP

exports[`<404 /> should render 1`] = `
.c2 {
  grid-column-start: 3;
  font-family: "Signika Negative";
  font-weight: 700;
  font-size: 2.25rem;
  line-heihgt: 2.5rem;
}

.c0 {
  color: rgb(90, 94, 0);
  text-decoration: none;
  transition-property: color,background-color,border-color,text-decoration-color,fill,stroke,opacity,box-shadow,transform,filter,backdrop-filter;
  transition-timing-function: cubic-bezier(0.4, 0, 0.2, 1);
  transition-duration: 150ms;
}

.c0 :hover,
.c0 :active,
.c0 :focus {
  text-decoration: underline;
}

.c1 {
  width: 100%;
  padding-left: 2rem;
  margin-top: 1.5rem;
  color: rgb(0, 0, 0);
  font-size: 1.875rem;
  line-height: 2.25rem;
}

.c1 :first-of-type {
  margin-top: 0px;
}

.c1 :hover,
.c1 :active {
  color: rgb(0, 104, 69);
}

.emotion-0 {
  position: relative;
  display: grid;
  min-height: 100vh;
  grid-template-columns: repeat(1, minmax(0, 1fr));
  grid-template-rows: 1fr 6rem;
  gap: 1.125rem;
  grid-template-areas: " main " "footer";
}

.emotion-1 {
  position: fixed;
  z-index: 50;
  box-sizing: border-box;
  display: -webkit-box;
  display: -webkit-flex;
  display: -ms-flexbox;
  display: flex;
  width: 100%;
  -webkit-user-select: none;
  -moz-user-select: none;
  -ms-user-select: none;
  user-select: none;
  -webkit-flex-direction: row-reverse;
  -ms-flex-direction: row-reverse;
  flex-direction: row-reverse;
  -webkit-align-items: center;
  -webkit-box-align: center;
  -ms-flex-align: center;
  align-items: center;
  -webkit-box-pack: justify;
  -webkit-justify-content: space-between;
  justify-content: space-between;
  padding: 0.5rem;
}

.emotion-2 {
  display: -webkit-box;
  display: -webkit-flex;
  display: -ms-flexbox;
  display: flex;
  height: 3rem;
  width: 3rem;
  cursor: pointer;
  -webkit-align-items: center;
  -webkit-box-align: center;
  -ms-flex-align: center;
  align-items: center;
  -webkit-box-pack: center;
  -ms-flex-pack: center;
  -webkit-justify-content: center;
  justify-content: center;
  box-sizing: border-box;
  border-radius: 0.375rem;
  border-bottom-right-radius: 0.125rem;
  border-top-left-radius: 0.125rem;
  --tw-bg-opacity: 0.75;
  background-color: rgb(255 255 255 / var(--tw-bg-opacity));
  transition-property: all;
  transition-timing-function: cubic-bezier(0, 0, 0.2, 1);
  transition-duration: 300ms;
  visibility: visible;
}

.emotion-3 {
  height: 2rem;
  width: 2rem;
}

.emotion-4 {
  display: -webkit-box;
  display: -webkit-flex;
  display: -ms-flexbox;
  display: flex;
  height: 3rem;
  width: 3rem;
  cursor: pointer;
  -webkit-align-items: center;
  -webkit-box-align: center;
  -ms-flex-align: center;
  align-items: center;
  -webkit-box-pack: center;
  -ms-flex-pack: center;
  -webkit-justify-content: center;
  justify-content: center;
  position: absolute;
  top: 0px;
  height: 100vh;
  width: 100vw;
  background-color: transparent;
  visibility: hidden;
  left: 100%;
}

.emotion-5 {
  position: fixed;
  top: 0px;
  display: -webkit-box;
  display: -webkit-flex;
  display: -ms-flexbox;
  display: flex;
  height: 100vh;
  width: 18rem;
  -webkit-flex-direction: column;
  -ms-flex-direction: column;
  flex-direction: column;
  -webkit-align-items: flex-end;
  -webkit-box-align: flex-end;
  -ms-flex-align: flex-end;
  align-items: flex-end;
  --tw-bg-opacity: 0.9;
  background-color: rgb(255 255 255 / var(--tw-bg-opacity));
  --tw-shadow: 0 1px 3px 0 rgb(0 0 0 / 0.1),0 1px 2px -1px rgb(0 0 0 / 0.1);
  --tw-shadow-colored: 0 1px 3px 0 var(--tw-shadow-color),0 1px 2px -1px var(--tw-shadow-color);
  box-shadow: var(--tw-ring-offset-shadow, 0 0 #0000),var(--tw-ring-shadow, 0 0 #0000),var(--tw-shadow);
  transition-property: all;
  transition-timing-function: cubic-bezier(0.4, 0, 1, 1);
  transition-duration: 300ms;
  visibility: hidden;
  right: -20rem;
}

.emotion-6 {
  display: -webkit-box;
  display: -webkit-flex;
  display: -ms-flexbox;
  display: flex;
  height: 3rem;
  width: 3rem;
  cursor: pointer;
  -webkit-align-items: center;
  -webkit-box-align: center;
  -ms-flex-align: center;
  align-items: center;
  -webkit-box-pack: center;
  -ms-flex-pack: center;
  -webkit-justify-content: center;
  justify-content: center;
}

.emotion-8 {
  border-radius: 0.375rem;
  border-bottom-left-radius: 0.125rem;
  border-top-right-radius: 0.125rem;
  --tw-bg-opacity: 0.75;
  background-color: rgb(255 255 255 / var(--tw-bg-opacity));
  padding: 0.5rem;
  visibility: visible;
}

.emotion-9 {
  grid-area: main;
}

.emotion-10 {
  display: grid;
  grid-template-columns: 1fr 0.5rem min(80ch, calc(100% - 1.125rem)) 0.5rem 1fr;
}

.emotion-10 NO_COMPONENT_SELECTOR+*,
.emotion-10 NO_COMPONENT_SELECTOR+* {
  margin-top: 1rem;
}

.emotion-11 {
  grid-column-start: 3;
  margin-bottom: 1rem;
  font-size: 1.5rem;
  line-height: 2rem;
}

.emotion-12 {
  grid-column-start: 3;
}

.emotion-13 {
  margin-top: 2rem;
}

.emotion-13:first-of-type {
  margin-top: 0px;
}

.emotion-15 {
  --tw-text-opacity: 1;
  color: rgb(235 235 236 / var(--tw-text-opacity));
}

.emotion-16 {
  display: -webkit-box;
  display: -webkit-flex;
  display: -ms-flexbox;
  display: flex;
  height: 16rem;
  width: 100%;
  object-fit: cover;
  display: none;
}

@media (min-width: 479px) {
  .emotion-16 {
    display: -webkit-box;
    display: -webkit-flex;
    display: -ms-flexbox;
    display: flex;
  }
}

.emotion-17 {
  display: -webkit-box;
  display: -webkit-flex;
  display: -ms-flexbox;
  display: flex;
  height: 16rem;
  width: 100%;
  object-fit: cover;
  display: -webkit-box;
  display: -webkit-flex;
  display: -ms-flexbox;
  display: flex;
}

@media (min-width: 479px) {
  .emotion-17 {
    display: none;
  }
}

.emotion-18 {
  position: relative;
  z-index: 40;
  margin-top: -8rem;
  margin-bottom: 1rem;
  display: -webkit-box;
  display: -webkit-flex;
  display: -ms-flexbox;
  display: flex;
  height: 8rem;
  width: 100%;
  -webkit-align-items: flex-end;
  -webkit-box-align: flex-end;
  -ms-flex-align: flex-end;
  align-items: flex-end;
  background-image: linear-gradient(to top, var(--tw-gradient-stops));
  --tw-gradient-from: rgb(0, 0, 0) var(--tw-gradient-from-position);
  --tw-gradient-to: rgb(0 0 0 / 0) var(--tw-gradient-to-position);
  --tw-gradient-stops: var(--tw-gradient-from),var(--tw-gradient-to);
  padding-bottom: 0.5rem;
  padding-left: 0.5rem;
}

.emotion-19 {
  grid-column-start: auto;
}

.emotion-20 {
  display: -webkit-box;
  display: -webkit-flex;
  display: -ms-flexbox;
  display: flex;
  -webkit-flex-direction: column;
  -ms-flex-direction: column;
  flex-direction: column;
}

.emotion-21 {
  margin-bottom: 0.5rem;
  display: -webkit-box;
  display: -webkit-flex;
  display: -ms-flexbox;
  display: flex;
  -webkit-flex-direction: row;
  -ms-flex-direction: row;
  flex-direction: row;
}

.emotion-22 {
  margin-right: 1rem;
  display: -webkit-box;
  display: -webkit-flex;
  display: -ms-flexbox;
  display: flex;
  -webkit-flex-direction: row;
  -ms-flex-direction: row;
  flex-direction: row;
  -webkit-align-items: center;
  -webkit-box-align: center;
  -ms-flex-align: center;
  align-items: center;
}

.emotion-22:last-child {
  margin-right: 0px;
}

.emotion-23 {
  margin-right: 0.5rem;
  display: inline-block;
  height: 1.125rem;
  width: 1.125rem;
  -webkit-flex-shrink: 0;
  -ms-flex-negative: 0;
  flex-shrink: 0;
}

.emotion-24 {
  display: -webkit-box;
  display: -webkit-flex;
  display: -ms-flexbox;
  display: flex;
  -webkit-flex-direction: row;
  -ms-flex-direction: row;
  flex-direction: row;
  -webkit-box-flex-wrap: wrap;
  -webkit-flex-wrap: wrap;
  -ms-flex-wrap: wrap;
  flex-wrap: wrap;
}

.emotion-25 {
  margin-right: 1rem;
}

.emotion-25:last-child {
  margin-right: 0px;
}

.emotion-28 {
  margin-top: 1rem;
  margin-bottom: 1rem;
  font-family: "IBM Plex Sans";
  font-size: 1.125rem;
  line-height: 1.75rem;
  font-weight: 400;
  margin-top: 0.25rem;
}

.emotion-92 {
  display: -webkit-box;
  display: -webkit-flex;
  display: -ms-flexbox;
  display: flex;
  height: 100%;
  -webkit-flex-direction: column;
  -ms-flex-direction: column;
  flex-direction: column;
  -webkit-align-items: center;
  -webkit-box-align: center;
  -ms-flex-align: center;
  align-items: center;
  -webkit-box-pack: center;
  -ms-flex-pack: center;
  -webkit-justify-content: center;
  justify-content: center;
  --tw-bg-opacity: 1;
  background-color: rgb(40 71 52 / var(--tw-bg-opacity));
  --tw-text-opacity: 1;
  color: rgb(255 255 255 / var(--tw-text-opacity));
  grid-area: footer;
}

.emotion-93 {
  display: -webkit-box;
  display: -webkit-flex;
  display: -ms-flexbox;
  display: flex;
  -webkit-flex-direction: row;
  -ms-flex-direction: row;
  flex-direction: row;
  -webkit-align-items: center;
  -webkit-box-align: center;
  -ms-flex-align: center;
  align-items: center;
  -webkit-box-pack: center;
  -ms-flex-pack: center;
  -webkit-justify-content: center;
  justify-content: center;
  gap: 1.5rem;
}

.emotion-94 {
  padding: 0px;
}

.emotion-95 {
  display: -webkit-box;
  display: -webkit-flex;
  display: -ms-flexbox;
  display: flex;
  height: 100%;
  -webkit-align-items: center;
  -webkit-box-align: center;
  -ms-flex-align: center;
  align-items: center;
  -webkit-box-pack: center;
  -ms-flex-pack: center;
  -webkit-justify-content: center;
  justify-content: center;
}

.emotion-96 {
  height: 2.25rem;
  width: 2.25rem;
  fill: rgb(235, 235, 236);
  transition-property: color,background-color,border-color,text-decoration-color,fill,stroke,opacity,box-shadow,transform,filter,backdrop-filter;
  transition-timing-function: cubic-bezier(0.4, 0, 0.2, 1);
  transition-duration: 150ms;
}

.emotion-96:hover {
  fill: #4267B2;
}

.emotion-96:focus {
  fill: #4267B2;
}

.emotion-99 {
  height: 2.25rem;
  width: 2.25rem;
  transition-property: color,background-color,border-color,text-decoration-color,fill,stroke,opacity,box-shadow,transform,filter,backdrop-filter;
  transition-timing-function: cubic-bezier(0.4, 0, 0.2, 1);
  transition-duration: 150ms;
}

.emotion-99:hover {
  fill: rgb(0, 0, 0);
}

.emotion-99:focus {
  fill: rgb(0, 0, 0);
}

.emotion-102 {
  height: 2.25rem;
  width: 2.25rem;
  transition-property: color,background-color,border-color,text-decoration-color,fill,stroke,opacity,box-shadow,transform,filter,backdrop-filter;
  transition-timing-function: cubic-bezier(0.4, 0, 0.2, 1);
  transition-duration: 150ms;
}

.emotion-102:hover {
  fill: url(#instagram-gradient);
}

.emotion-102:focus {
  fill: url(#instagram-gradient);
}

.emotion-105 {
  height: 2.25rem;
  width: 2.25rem;
  transition-property: color,background-color,border-color,text-decoration-color,fill,stroke,opacity,box-shadow,transform,filter,backdrop-filter;
  transition-timing-function: cubic-bezier(0.4, 0, 0.2, 1);
  transition-duration: 150ms;
}

.emotion-105:hover {
  fill: #0E76A8;
}

.emotion-105:focus {
  fill: #0E76A8;
}

.emotion-108 {
  height: 2.25rem;
  width: 2.25rem;
  transition-property: color,background-color,border-color,text-decoration-color,fill,stroke,opacity,box-shadow,transform,filter,backdrop-filter;
  transition-timing-function: cubic-bezier(0.4, 0, 0.2, 1);
  transition-duration: 150ms;
}

.emotion-108:hover {
  fill: #6363ff;
}

.emotion-108:focus {
  fill: #6363ff;
}

<div>
  <div
    class="emotion-0"
  >
    <header
      class="emotion-1"
    >
      <button
        aria-label="Avaa valikko"
        class="emotion-2"
      >
        <svg
          aria-hidden="true"
          class="emotion-3"
          fill="currentColor"
          height="1em"
          stroke="currentColor"
          stroke-width="0"
          viewBox="0 0 448 512"
          width="1em"
          xmlns="http://www.w3.org/2000/svg"
        >
          <path
            d="M0 96C0 78.3 14.3 64 32 64H416c17.7 0 32 14.3 32 32s-14.3 32-32 32H32C14.3 128 0 113.7 0 96zM0 256c0-17.7 14.3-32 32-32H416c17.7 0 32 14.3 32 32s-14.3 32-32 32H32c-17.7 0-32-14.3-32-32zM448 416c0 17.7-14.3 32-32 32H32c-17.7 0-32-14.3-32-32s14.3-32 32-32H416c17.7 0 32 14.3 32 32z"
          />
        </svg>
      </button>
      <button
        aria-hidden="true"
        class="emotion-4"
      />
      <nav
        aria-expanded="false"
        class="emotion-5"
      >
        <button
          aria-label="Sulje valikko"
          class="emotion-6"
        >
          <svg
            aria-hidden="true"
            class="emotion-3"
            fill="currentColor"
            height="1em"
            stroke="currentColor"
            stroke-width="0"
            viewBox="0 0 384 512"
            width="1em"
            xmlns="http://www.w3.org/2000/svg"
          >
            <path
              d="M342.6 150.6c12.5-12.5 12.5-32.8 0-45.3s-32.8-12.5-45.3 0L192 210.7 86.6 105.4c-12.5-12.5-32.8-12.5-45.3 0s-12.5 32.8 0 45.3L146.7 256 41.4 361.4c-12.5 12.5-12.5 32.8 0 45.3s32.8 12.5 45.3 0L192 301.3 297.4 406.6c12.5 12.5 32.8 12.5 45.3 0s12.5-32.8 0-45.3L237.3 256 342.6 150.6z"
            />
          </svg>
        </button>
        <a
          class="c0 c1"
          href="/minusta/"
        >
          Minusta
        </a>
        <a
          class="c0 c1"
          href="/blogi/"
        >
          Blogi
        </a>
        <a
          class="c0 c1"
          href="/ota-yhteytta/"
        >
          Ota yhteyttä
        </a>
      </nav>
      <h2
        class="c2 emotion-8"
        id="lauri-lavanti"
      >
        Lauri Lavanti
      </h2>
    </header>
    <main
      class="emotion-9"
    >
      <article
        class="emotion-10"
      >
        <h1
          class="emotion-11"
        >
          Etsimääsi sivua ei valitettavasti löytynyt, olisiko se joku seuraavista?
        </h1>
        <ul
          class="emotion-12"
        >
          <li
            class="emotion-13"
          >
            <article
              aria-label="Terveys kuuluu kaikille"
              class="emotion-14"
              itemscope=""
              itemtype="https://schema.org/CreativeWork"
            >
              <a
                class="c0 emotion-15"
                href="/blogi/terveys-kuuluu-kaikille/"
                rel="permalink"
              >
                <div
                  class="gatsby-image-wrapper gatsby-image-wrapper-constrained emotion-16"
                  data-gatsby-image-wrapper=""
                  style="position: relative; overflow: hidden; display: inline-block; vertical-align: top;"
                >
                  <div
                    style="max-width: 4032px; display: block;"
                  >
                    <img
                      alt=""
                      aria-hidden="true"
                      role="presentation"
                      src="data:image/svg+xml;charset=utf-8,%3Csvg%20height='1728'%20width='4032'%20xmlns='http://www.w3.org/2000/svg'%20version='1.1'%3E%3C/svg%3E"
                      style="max-width: 100%; display: block; position: static;"
                    />
                  </div>
                  <img
                    alt=""
                    aria-hidden="true"
                    data-placeholder-image=""
                    decoding="async"
                    src="data:image/jpeg;base64,/9j/4AAQSkZJRgABAQEBLAEsAAD/2wBDABALDA4MChAODQ4SERATGCgaGBYWGDEjJR0oOjM9PDkzODdASFxOQERXRTc4UG1RV19iZ2hnPk1xeXBkeFxlZ2P/2wBDARESEhgVGC8aGi9jQjhCY2NjY2NjY2NjY2NjY2NjY2NjY2NjY2NjY2NjY2NjY2NjY2NjY2NjY2NjY2NjY2NjY2P/wAARCAAJABQDAREAAhEBAxEB/8QAFQABAQAAAAAAAAAAAAAAAAAABQT/xAAiEAACAQIGAwEAAAAAAAAAAAABAhEAAwQFEhMxcTI1QXL/xAAYAQEAAwEAAAAAAAAAAAAAAAADAAIEAf/EABsRAQACAwEBAAAAAAAAAAAAAAABAgMRMSES/9oADAMBAAIRAxEAPwA6zlpYFt6BMERxQ7X+TOZ4BsFhVu7qvpUK2lYHdTLTUbHb3kASzIYVWjn6aBWfV9vxPVLLQQz71dj8iu5OQO/Atrg91msN/9k="
                    style="height: 100%; left: 0px; position: absolute; top: 0px; width: 100%;"
                  />
                  <picture>
                    <source
                      data-srcset="https://images.ctfassets.net/44t6u1r4zgqq/5aPvGwEnquvx8jkXJmkYE5/25e52ab22adc2730dce65ab3686cf060/Lauri-Lavanti-21-9.jpg?w=1008&h=432&q=50&fm=webp 1008w,https://images.ctfassets.net/44t6u1r4zgqq/5aPvGwEnquvx8jkXJmkYE5/25e52ab22adc2730dce65ab3686cf060/Lauri-Lavanti-21-9.jpg?w=2016&h=864&q=50&fm=webp 2016w,https://images.ctfassets.net/44t6u1r4zgqq/5aPvGwEnquvx8jkXJmkYE5/25e52ab22adc2730dce65ab3686cf060/Lauri-Lavanti-21-9.jpg?w=4000&h=1714&q=50&fm=webp 4000w"
                      sizes="(min-width: 4032px) 4032px, 100vw"
                      type="image/webp"
                    />
                    <img
                      alt="Terveys kuuluu kaikille"
                      data-gatsby-image-ssr=""
                      data-main-image=""
                      data-src="https://images.ctfassets.net/44t6u1r4zgqq/5aPvGwEnquvx8jkXJmkYE5/25e52ab22adc2730dce65ab3686cf060/Lauri-Lavanti-21-9.jpg?w=1008&h=432&fl=progressive&q=50&fm=jpg"
                      data-srcset="https://images.ctfassets.net/44t6u1r4zgqq/5aPvGwEnquvx8jkXJmkYE5/25e52ab22adc2730dce65ab3686cf060/Lauri-Lavanti-21-9.jpg?w=1008&h=432&fl=progressive&q=50&fm=jpg 1008w,https://images.ctfassets.net/44t6u1r4zgqq/5aPvGwEnquvx8jkXJmkYE5/25e52ab22adc2730dce65ab3686cf060/Lauri-Lavanti-21-9.jpg?w=2016&h=864&fl=progressive&q=50&fm=jpg 2016w,https://images.ctfassets.net/44t6u1r4zgqq/5aPvGwEnquvx8jkXJmkYE5/25e52ab22adc2730dce65ab3686cf060/Lauri-Lavanti-21-9.jpg?w=4000&h=1714&fl=progressive&q=50&fm=jpg 4000w"
                      decoding="async"
                      loading="lazy"
                      sizes="(min-width: 4032px) 4032px, 100vw"
                      style="height: 100%; left: 0px; position: absolute; top: 0px; transform: translateZ(0); transition: opacity 250ms linear; width: 100%; will-change: opacity; opacity: 0;"
                    />
                  </picture>
                  <noscript />
                  <script
                    type="module"
                  >
                    const t="undefined"!=typeof HTMLImageElement&&"loading"in HTMLImageElement.prototype;if(t){const t=document.querySelectorAll("img[data-main-image]");for(let e of t){e.dataset.src&&(e.setAttribute("src",e.dataset.src),e.removeAttribute("data-src")),e.dataset.srcset&&(e.setAttribute("srcset",e.dataset.srcset),e.removeAttribute("data-srcset"));const t=e.parentNode.querySelectorAll("source[data-srcset]");for(let e of t)e.setAttribute("srcset",e.dataset.srcset),e.removeAttribute("data-srcset");e.complete&&(e.style.opacity=1,e.parentNode.parentNode.querySelector("[data-placeholder-image]").style.opacity=0)}}
                  </script>
                </div>
                <div
                  class="gatsby-image-wrapper gatsby-image-wrapper-constrained emotion-17"
                  data-gatsby-image-wrapper=""
                  style="position: relative; overflow: hidden; display: inline-block; vertical-align: top;"
                >
                  <div
                    style="max-width: 1728px; display: block;"
                  >
                    <img
                      alt=""
                      aria-hidden="true"
                      role="presentation"
                      src="data:image/svg+xml;charset=utf-8,%3Csvg%20height='1728'%20width='1728'%20xmlns='http://www.w3.org/2000/svg'%20version='1.1'%3E%3C/svg%3E"
                      style="max-width: 100%; display: block; position: static;"
                    />
                  </div>
                  <img
                    alt=""
                    aria-hidden="true"
                    data-placeholder-image=""
                    decoding="async"
                    src="data:image/jpeg;base64,/9j/2wBDABALDA4MChAODQ4SERATGCgaGBYWGDEjJR0oOjM9PDkzODdASFxOQERXRTc4UG1RV19iZ2hnPk1xeXBkeFxlZ2P/2wBDARESEhgVGC8aGi9jQjhCY2NjY2NjY2NjY2NjY2NjY2NjY2NjY2NjY2NjY2NjY2NjY2NjY2NjY2NjY2NjY2NjY2P/wgARCAAUABQDASIAAhEBAxEB/8QAFwABAQEBAAAAAAAAAAAAAAAAAAMEBf/EABYBAQEBAAAAAAAAAAAAAAAAAAMCAP/aAAwDAQACEAMQAAABhbZSdzExTusKnGBx/8QAGxAAAgIDAQAAAAAAAAAAAAAAAQIAAxESMjH/2gAIAQEAAQUCp9brMpRDHQGGUk7WsVjdf//EABURAQEAAAAAAAAAAAAAAAAAAAEg/9oACAEDAQE/AWP/xAAXEQEAAwAAAAAAAAAAAAAAAAAQEiFB/9oACAECAQE/AY0Yf//EABkQAQADAQEAAAAAAAAAAAAAAAEAEBEhEv/aAAgBAQAGPwIGIV6zswKZyv/EABsQAQADAQADAAAAAAAAAAAAAAEAESExQWFx/9oACAEBAAE/IbPI9yhsERelwxQeINQHwxF6N/IbfkE4jVNz/9oADAMBAAIAAwAAABAD8D7/xAAYEQEAAwEAAAAAAAAAAAAAAAABABARMf/aAAgBAwEBPxBHCY3/AP/EABgRAQEAAwAAAAAAAAAAAAAAAAEAEBEx/9oACAECAQE/EFOxghy//8QAHBABAAMBAAMBAAAAAAAAAAAAAQARIVExQXFh/9oACAEBAAE/EMl2XyrIABFKVGAWjqkAK+ao7XYdXBRK3j9hmHGJ6QyKFKPrUxUVviIpWtv7P//Z"
                    style="height: 100%; left: 0px; position: absolute; top: 0px; width: 100%;"
                  />
                  <picture>
                    <source
                      data-srcset="/static/417ee201d5e9b3646c7f94feac814c4a/18bed/Lauri-Lavanti-21-9.webp 432w,/static/417ee201d5e9b3646c7f94feac814c4a/d0f84/Lauri-Lavanti-21-9.webp 864w,/static/417ee201d5e9b3646c7f94feac814c4a/ca0c6/Lauri-Lavanti-21-9.webp 1728w"
                      sizes="(min-width: 1728px) 1728px, 100vw"
                      type="image/webp"
                    />
                    <img
                      alt="Terveys kuuluu kaikille"
                      data-gatsby-image-ssr=""
                      data-main-image=""
                      data-src="/static/417ee201d5e9b3646c7f94feac814c4a/4227f/Lauri-Lavanti-21-9.jpg"
                      data-srcset="/static/417ee201d5e9b3646c7f94feac814c4a/9e7cd/Lauri-Lavanti-21-9.jpg 432w,/static/417ee201d5e9b3646c7f94feac814c4a/ead50/Lauri-Lavanti-21-9.jpg 864w,/static/417ee201d5e9b3646c7f94feac814c4a/4227f/Lauri-Lavanti-21-9.jpg 1728w"
                      decoding="async"
                      loading="lazy"
                      sizes="(min-width: 1728px) 1728px, 100vw"
                      style="height: 100%; left: 0px; position: absolute; top: 0px; transform: translateZ(0); transition: opacity 250ms linear; width: 100%; will-change: opacity; opacity: 0;"
                    />
                  </picture>
                  <noscript />
                  <script
                    type="module"
                  >
                    const t="undefined"!=typeof HTMLImageElement&&"loading"in HTMLImageElement.prototype;if(t){const t=document.querySelectorAll("img[data-main-image]");for(let e of t){e.dataset.src&&(e.setAttribute("src",e.dataset.src),e.removeAttribute("data-src")),e.dataset.srcset&&(e.setAttribute("srcset",e.dataset.srcset),e.removeAttribute("data-srcset"));const t=e.parentNode.querySelectorAll("source[data-srcset]");for(let e of t)e.setAttribute("srcset",e.dataset.srcset),e.removeAttribute("data-srcset");e.complete&&(e.style.opacity=1,e.parentNode.parentNode.querySelector("[data-placeholder-image]").style.opacity=0)}}
                  </script>
                </div>
                <div
                  class="emotion-18"
                >
                  <h2
                    class="c2 emotion-19"
                    id="terveys-kuuluu-kaikille"
                    itemprop="headline"
                  >
                    Terveys kuuluu kaikille
                  </h2>
                </div>
              </a>
              <aside
                class="emotion-20"
              >
                <div
                  class="emotion-21"
                >
                  <span
                    class="emotion-22"
                  >
                    <svg
                      class="emotion-23"
                      fill="currentColor"
                      height="1em"
                      stroke="currentColor"
                      stroke-width="0"
                      viewBox="0 0 448 512"
                      width="1em"
                      xmlns="http://www.w3.org/2000/svg"
                    >
                      <path
                        d="M152 24c0-13.3-10.7-24-24-24s-24 10.7-24 24V64H64C28.7 64 0 92.7 0 128v16 48V448c0 35.3 28.7 64 64 64H384c35.3 0 64-28.7 64-64V192 144 128c0-35.3-28.7-64-64-64H344V24c0-13.3-10.7-24-24-24s-24 10.7-24 24V64H152V24zM48 192h80v56H48V192zm0 104h80v64H48V296zm128 0h96v64H176V296zm144 0h80v64H320V296zm80-48H320V192h80v56zm0 160v40c0 8.8-7.2 16-16 16H320V408h80zm-128 0v56H176V408h96zm-144 0v56H64c-8.8 0-16-7.2-16-16V408h80zM272 248H176V192h96v56z"
                      />
                    </svg>
                    <time
                      datetime="2022-01-19"
                    >
                      19.01.2022
                    </time>
                  </span>
                </div>
                <ul
                  class="emotion-24"
                >
                  <li
                    class="emotion-25"
                  >
                    <a
                      class="c0"
                      href="/kategoria/aluevaalit/"
                    >
                      #
                      aluevaalit
                    </a>
                  </li>
                  <li
                    class="emotion-25"
                  >
                    <a
                      class="c0"
                      href="/kategoria/kirkkonummi/"
                    >
                      #
                      kirkkonummi
                    </a>
                  </li>
                  <li
                    class="emotion-25"
                  >
                    <a
                      class="c0"
                      href="/kategoria/soteuudistus/"
                    >
                      #
                      soteuudistus
                    </a>
                  </li>
                </ul>
              </aside>
              <p
                class="emotion-28"
                itemprop="description"
              >
                Poistamalla sosiaali- ja terveydenhuollon asiakasmaksut, säästämme byrokratiassa. Lisäksi pääsemme hoitamaan ongelmia ennen kuin niistä tulee merkittäviä. Ja tärkeimpänä varmistamme, ettei kukaan jää ilman hoitoa taloudellisista syistä.
                 
                <a
                  class="c0"
                  href="/blogi/terveys-kuuluu-kaikille/"
                  rel="permalink"
                >
                  Lue lisää »
                </a>
              </p>
            </article>
          </li>
          <li
            class="emotion-13"
          >
            <article
              aria-label="Sote on hyvinvointiyhteiskunnan kulmakivi"
              class="emotion-14"
              itemscope=""
              itemtype="https://schema.org/CreativeWork"
            >
              <a
                class="c0 emotion-15"
                href="/blogi/blogi/2021/12/20/sote-on-hyvinvointiyhteiskunnan-kulmakivi/"
                rel="permalink"
              >
                <div
                  class="gatsby-image-wrapper gatsby-image-wrapper-constrained emotion-16"
                  data-gatsby-image-wrapper=""
                  style="position: relative; overflow: hidden; display: inline-block; vertical-align: top;"
                >
                  <div
                    style="max-width: 4032px; display: block;"
                  >
                    <img
                      alt=""
                      aria-hidden="true"
                      role="presentation"
                      src="data:image/svg+xml;charset=utf-8,%3Csvg%20height='1728'%20width='4032'%20xmlns='http://www.w3.org/2000/svg'%20version='1.1'%3E%3C/svg%3E"
                      style="max-width: 100%; display: block; position: static;"
                    />
                  </div>
                  <img
                    alt=""
                    aria-hidden="true"
                    data-placeholder-image=""
                    decoding="async"
                    src="data:image/jpeg;base64,/9j/4AAQSkZJRgABAQEBLAEsAAD/2wBDABALDA4MChAODQ4SERATGCgaGBYWGDEjJR0oOjM9PDkzODdASFxOQERXRTc4UG1RV19iZ2hnPk1xeXBkeFxlZ2P/2wBDARESEhgVGC8aGi9jQjhCY2NjY2NjY2NjY2NjY2NjY2NjY2NjY2NjY2NjY2NjY2NjY2NjY2NjY2NjY2NjY2NjY2P/wAARCAAJABQDAREAAhEBAxEB/8QAFQABAQAAAAAAAAAAAAAAAAAABQT/xAAiEAACAQIGAwEAAAAAAAAAAAABAhEAAwQFEhMxcTI1QXL/xAAYAQEAAwEAAAAAAAAAAAAAAAADAAIEAf/EABsRAQACAwEBAAAAAAAAAAAAAAABAgMRMSES/9oADAMBAAIRAxEAPwA6zlpYFt6BMERxQ7X+TOZ4BsFhVu7qvpUK2lYHdTLTUbHb3kASzIYVWjn6aBWfV9vxPVLLQQz71dj8iu5OQO/Atrg91msN/9k="
                    style="height: 100%; left: 0px; position: absolute; top: 0px; width: 100%;"
                  />
                  <picture>
                    <source
                      data-srcset="https://images.ctfassets.net/44t6u1r4zgqq/5aPvGwEnquvx8jkXJmkYE5/25e52ab22adc2730dce65ab3686cf060/Lauri-Lavanti-21-9.jpg?w=1008&h=432&q=50&fm=webp 1008w,https://images.ctfassets.net/44t6u1r4zgqq/5aPvGwEnquvx8jkXJmkYE5/25e52ab22adc2730dce65ab3686cf060/Lauri-Lavanti-21-9.jpg?w=2016&h=864&q=50&fm=webp 2016w,https://images.ctfassets.net/44t6u1r4zgqq/5aPvGwEnquvx8jkXJmkYE5/25e52ab22adc2730dce65ab3686cf060/Lauri-Lavanti-21-9.jpg?w=4000&h=1714&q=50&fm=webp 4000w"
                      sizes="(min-width: 4032px) 4032px, 100vw"
                      type="image/webp"
                    />
                    <img
                      alt="Sote on hyvinvointiyhteiskunnan kulmakivi"
                      data-gatsby-image-ssr=""
                      data-main-image=""
                      data-src="https://images.ctfassets.net/44t6u1r4zgqq/5aPvGwEnquvx8jkXJmkYE5/25e52ab22adc2730dce65ab3686cf060/Lauri-Lavanti-21-9.jpg?w=1008&h=432&fl=progressive&q=50&fm=jpg"
                      data-srcset="https://images.ctfassets.net/44t6u1r4zgqq/5aPvGwEnquvx8jkXJmkYE5/25e52ab22adc2730dce65ab3686cf060/Lauri-Lavanti-21-9.jpg?w=1008&h=432&fl=progressive&q=50&fm=jpg 1008w,https://images.ctfassets.net/44t6u1r4zgqq/5aPvGwEnquvx8jkXJmkYE5/25e52ab22adc2730dce65ab3686cf060/Lauri-Lavanti-21-9.jpg?w=2016&h=864&fl=progressive&q=50&fm=jpg 2016w,https://images.ctfassets.net/44t6u1r4zgqq/5aPvGwEnquvx8jkXJmkYE5/25e52ab22adc2730dce65ab3686cf060/Lauri-Lavanti-21-9.jpg?w=4000&h=1714&fl=progressive&q=50&fm=jpg 4000w"
                      decoding="async"
                      loading="lazy"
                      sizes="(min-width: 4032px) 4032px, 100vw"
                      style="height: 100%; left: 0px; position: absolute; top: 0px; transform: translateZ(0); transition: opacity 250ms linear; width: 100%; will-change: opacity; opacity: 0;"
                    />
                  </picture>
                  <noscript />
                  <script
                    type="module"
                  >
                    const t="undefined"!=typeof HTMLImageElement&&"loading"in HTMLImageElement.prototype;if(t){const t=document.querySelectorAll("img[data-main-image]");for(let e of t){e.dataset.src&&(e.setAttribute("src",e.dataset.src),e.removeAttribute("data-src")),e.dataset.srcset&&(e.setAttribute("srcset",e.dataset.srcset),e.removeAttribute("data-srcset"));const t=e.parentNode.querySelectorAll("source[data-srcset]");for(let e of t)e.setAttribute("srcset",e.dataset.srcset),e.removeAttribute("data-srcset");e.complete&&(e.style.opacity=1,e.parentNode.parentNode.querySelector("[data-placeholder-image]").style.opacity=0)}}
                  </script>
                </div>
                <div
                  class="gatsby-image-wrapper gatsby-image-wrapper-constrained emotion-17"
                  data-gatsby-image-wrapper=""
                  style="position: relative; overflow: hidden; display: inline-block; vertical-align: top;"
                >
                  <div
                    style="max-width: 1728px; display: block;"
                  >
                    <img
                      alt=""
                      aria-hidden="true"
                      role="presentation"
                      src="data:image/svg+xml;charset=utf-8,%3Csvg%20height='1728'%20width='1728'%20xmlns='http://www.w3.org/2000/svg'%20version='1.1'%3E%3C/svg%3E"
                      style="max-width: 100%; display: block; position: static;"
                    />
                  </div>
                  <img
                    alt=""
                    aria-hidden="true"
                    data-placeholder-image=""
                    decoding="async"
                    src="data:image/jpeg;base64,/9j/2wBDABALDA4MChAODQ4SERATGCgaGBYWGDEjJR0oOjM9PDkzODdASFxOQERXRTc4UG1RV19iZ2hnPk1xeXBkeFxlZ2P/2wBDARESEhgVGC8aGi9jQjhCY2NjY2NjY2NjY2NjY2NjY2NjY2NjY2NjY2NjY2NjY2NjY2NjY2NjY2NjY2NjY2NjY2P/wgARCAAUABQDASIAAhEBAxEB/8QAFwABAQEBAAAAAAAAAAAAAAAAAAMEBf/EABYBAQEBAAAAAAAAAAAAAAAAAAMCAP/aAAwDAQACEAMQAAABhbZSdzExTusKnGBx/8QAGxAAAgIDAQAAAAAAAAAAAAAAAQIAAxESMjH/2gAIAQEAAQUCp9brMpRDHQGGUk7WsVjdf//EABURAQEAAAAAAAAAAAAAAAAAAAEg/9oACAEDAQE/AWP/xAAXEQEAAwAAAAAAAAAAAAAAAAAQEiFB/9oACAECAQE/AY0Yf//EABkQAQADAQEAAAAAAAAAAAAAAAEAEBEhEv/aAAgBAQAGPwIGIV6zswKZyv/EABsQAQADAQADAAAAAAAAAAAAAAEAESExQWFx/9oACAEBAAE/IbPI9yhsERelwxQeINQHwxF6N/IbfkE4jVNz/9oADAMBAAIAAwAAABAD8D7/xAAYEQEAAwEAAAAAAAAAAAAAAAABABARMf/aAAgBAwEBPxBHCY3/AP/EABgRAQEAAwAAAAAAAAAAAAAAAAEAEBEx/9oACAECAQE/EFOxghy//8QAHBABAAMBAAMBAAAAAAAAAAAAAQARIVExQXFh/9oACAEBAAE/EMl2XyrIABFKVGAWjqkAK+ao7XYdXBRK3j9hmHGJ6QyKFKPrUxUVviIpWtv7P//Z"
                    style="height: 100%; left: 0px; position: absolute; top: 0px; width: 100%;"
                  />
                  <picture>
                    <source
                      data-srcset="/static/417ee201d5e9b3646c7f94feac814c4a/18bed/Lauri-Lavanti-21-9.webp 432w,/static/417ee201d5e9b3646c7f94feac814c4a/d0f84/Lauri-Lavanti-21-9.webp 864w,/static/417ee201d5e9b3646c7f94feac814c4a/ca0c6/Lauri-Lavanti-21-9.webp 1728w"
                      sizes="(min-width: 1728px) 1728px, 100vw"
                      type="image/webp"
                    />
                    <img
                      alt="Sote on hyvinvointiyhteiskunnan kulmakivi"
                      data-gatsby-image-ssr=""
                      data-main-image=""
                      data-src="/static/417ee201d5e9b3646c7f94feac814c4a/4227f/Lauri-Lavanti-21-9.jpg"
                      data-srcset="/static/417ee201d5e9b3646c7f94feac814c4a/9e7cd/Lauri-Lavanti-21-9.jpg 432w,/static/417ee201d5e9b3646c7f94feac814c4a/ead50/Lauri-Lavanti-21-9.jpg 864w,/static/417ee201d5e9b3646c7f94feac814c4a/4227f/Lauri-Lavanti-21-9.jpg 1728w"
                      decoding="async"
                      loading="lazy"
                      sizes="(min-width: 1728px) 1728px, 100vw"
                      style="height: 100%; left: 0px; position: absolute; top: 0px; transform: translateZ(0); transition: opacity 250ms linear; width: 100%; will-change: opacity; opacity: 0;"
                    />
                  </picture>
                  <noscript />
                  <script
                    type="module"
                  >
                    const t="undefined"!=typeof HTMLImageElement&&"loading"in HTMLImageElement.prototype;if(t){const t=document.querySelectorAll("img[data-main-image]");for(let e of t){e.dataset.src&&(e.setAttribute("src",e.dataset.src),e.removeAttribute("data-src")),e.dataset.srcset&&(e.setAttribute("srcset",e.dataset.srcset),e.removeAttribute("data-srcset"));const t=e.parentNode.querySelectorAll("source[data-srcset]");for(let e of t)e.setAttribute("srcset",e.dataset.srcset),e.removeAttribute("data-srcset");e.complete&&(e.style.opacity=1,e.parentNode.parentNode.querySelector("[data-placeholder-image]").style.opacity=0)}}
                  </script>
                </div>
                <div
                  class="emotion-18"
                >
                  <h2
                    class="c2 emotion-19"
                    id="sote-on-hyvinvointiyhteiskunnan-kulmakivi"
                    itemprop="headline"
                  >
                    Sote on hyvinvointiyhteiskunnan kulmakivi
                  </h2>
                </div>
              </a>
              <aside
                class="emotion-20"
              >
                <div
                  class="emotion-21"
                >
                  <span
                    class="emotion-22"
                  >
                    <svg
                      class="emotion-23"
                      fill="currentColor"
                      height="1em"
                      stroke="currentColor"
                      stroke-width="0"
                      viewBox="0 0 448 512"
                      width="1em"
                      xmlns="http://www.w3.org/2000/svg"
                    >
                      <path
                        d="M152 24c0-13.3-10.7-24-24-24s-24 10.7-24 24V64H64C28.7 64 0 92.7 0 128v16 48V448c0 35.3 28.7 64 64 64H384c35.3 0 64-28.7 64-64V192 144 128c0-35.3-28.7-64-64-64H344V24c0-13.3-10.7-24-24-24s-24 10.7-24 24V64H152V24zM48 192h80v56H48V192zm0 104h80v64H48V296zm128 0h96v64H176V296zm144 0h80v64H320V296zm80-48H320V192h80v56zm0 160v40c0 8.8-7.2 16-16 16H320V408h80zm-128 0v56H176V408h96zm-144 0v56H64c-8.8 0-16-7.2-16-16V408h80zM272 248H176V192h96v56z"
                      />
                    </svg>
                    <time
                      datetime="2021-12-20"
                    >
                      20.12.2021
                    </time>
                  </span>
                </div>
                <ul
                  class="emotion-24"
                >
                  <li
                    class="emotion-25"
                  >
                    <a
                      class="c0"
                      href="/kategoria/aluevaalit/"
                    >
                      #
                      aluevaalit
                    </a>
                  </li>
                  <li
                    class="emotion-25"
                  >
                    <a
                      class="c0"
                      href="/kategoria/kirkkonummi/"
                    >
                      #
                      kirkkonummi
                    </a>
                  </li>
                  <li
                    class="emotion-25"
                  >
                    <a
                      class="c0"
                      href="/kategoria/soteuudistus/"
                    >
                      #
                      soteuudistus
                    </a>
                  </li>
                </ul>
              </aside>
              <p
                class="emotion-28"
                itemprop="description"
              >
                Sosiaali- ja terveydenhuolto on kallista. Siitä ei pääse yli eikä ympäri. Mutta jos meillä ei ole hyvin toimivaa sosiaali- ja terveydenhuoltoa, voimmeko enää kutsua maatamme hyvinvointivaltioksi?
                 
                <a
                  class="c0"
                  href="/blogi/blogi/2021/12/20/sote-on-hyvinvointiyhteiskunnan-kulmakivi/"
                  rel="permalink"
                >
                  Lue lisää »
                </a>
              </p>
            </article>
          </li>
          <li
            class="emotion-13"
          >
            <article
              aria-label="Mitä jos terveyskeskusta ei olisikaan?"
              class="emotion-14"
              itemscope=""
              itemtype="https://schema.org/CreativeWork"
            >
              <a
                class="c0 emotion-15"
                href="/blogi/blogi/2021/11/15/mita-jos-terveyskeskusta-ei-olisikaan/"
                rel="permalink"
              >
                <div
                  class="gatsby-image-wrapper gatsby-image-wrapper-constrained emotion-16"
                  data-gatsby-image-wrapper=""
                  style="position: relative; overflow: hidden; display: inline-block; vertical-align: top;"
                >
                  <div
                    style="max-width: 4032px; display: block;"
                  >
                    <img
                      alt=""
                      aria-hidden="true"
                      role="presentation"
                      src="data:image/svg+xml;charset=utf-8,%3Csvg%20height='1728'%20width='4032'%20xmlns='http://www.w3.org/2000/svg'%20version='1.1'%3E%3C/svg%3E"
                      style="max-width: 100%; display: block; position: static;"
                    />
                  </div>
                  <img
                    alt=""
                    aria-hidden="true"
                    data-placeholder-image=""
                    decoding="async"
                    src="data:image/jpeg;base64,/9j/4AAQSkZJRgABAQEASABIAAD/2wBDABALDA4MChAODQ4SERATGCgaGBYWGDEjJR0oOjM9PDkzODdASFxOQERXRTc4UG1RV19iZ2hnPk1xeXBkeFxlZ2P/2wBDARESEhgVGC8aGi9jQjhCY2NjY2NjY2NjY2NjY2NjY2NjY2NjY2NjY2NjY2NjY2NjY2NjY2NjY2NjY2NjY2NjY2P/wAARCAAJABQDAREAAhEBAxEB/8QAFgABAQEAAAAAAAAAAAAAAAAAAwEE/8QAJBAAAgECBgEFAAAAAAAAAAAAAQIDABIEESExMjPBdIGhseH/xAAYAQADAQEAAAAAAAAAAAAAAAACAwQAAf/EAB4RAAICAgIDAAAAAAAAAAAAAAABAgMEMREyISJB/9oADAMBAAIRAxEAPwATJC1xRlaK3YqR806eU3piq8b415AWFI4zFBZGgkYW68tM/FSycXstgrEnwBGMUoYPNEDnsoP5XPQJq42tzFTy7iAH7JPUN9JT5bH19WTHd/t5NYFn/9k="
                    style="height: 100%; left: 0px; position: absolute; top: 0px; width: 100%;"
                  />
                  <picture>
                    <source
                      data-srcset="https://images.ctfassets.net/44t6u1r4zgqq/qrduG3vyJn1jzNdMISfJU/63cea405f75edca0c1890d65bc372cf5/sosiaali-ja-terveyskeskus.jpg?w=1008&h=432&q=50&fm=webp 1008w,https://images.ctfassets.net/44t6u1r4zgqq/qrduG3vyJn1jzNdMISfJU/63cea405f75edca0c1890d65bc372cf5/sosiaali-ja-terveyskeskus.jpg?w=2016&h=864&q=50&fm=webp 2016w,https://images.ctfassets.net/44t6u1r4zgqq/qrduG3vyJn1jzNdMISfJU/63cea405f75edca0c1890d65bc372cf5/sosiaali-ja-terveyskeskus.jpg?w=4000&h=1714&q=50&fm=webp 4000w"
                      sizes="(min-width: 4032px) 4032px, 100vw"
                      type="image/webp"
                    />
                    <img
                      alt="Mitä jos terveyskeskusta ei olisikaan?"
                      data-gatsby-image-ssr=""
                      data-main-image=""
                      data-src="https://images.ctfassets.net/44t6u1r4zgqq/qrduG3vyJn1jzNdMISfJU/63cea405f75edca0c1890d65bc372cf5/sosiaali-ja-terveyskeskus.jpg?w=1008&h=432&fl=progressive&q=50&fm=jpg"
                      data-srcset="https://images.ctfassets.net/44t6u1r4zgqq/qrduG3vyJn1jzNdMISfJU/63cea405f75edca0c1890d65bc372cf5/sosiaali-ja-terveyskeskus.jpg?w=1008&h=432&fl=progressive&q=50&fm=jpg 1008w,https://images.ctfassets.net/44t6u1r4zgqq/qrduG3vyJn1jzNdMISfJU/63cea405f75edca0c1890d65bc372cf5/sosiaali-ja-terveyskeskus.jpg?w=2016&h=864&fl=progressive&q=50&fm=jpg 2016w,https://images.ctfassets.net/44t6u1r4zgqq/qrduG3vyJn1jzNdMISfJU/63cea405f75edca0c1890d65bc372cf5/sosiaali-ja-terveyskeskus.jpg?w=4000&h=1714&fl=progressive&q=50&fm=jpg 4000w"
                      decoding="async"
                      loading="lazy"
                      sizes="(min-width: 4032px) 4032px, 100vw"
                      style="height: 100%; left: 0px; position: absolute; top: 0px; transform: translateZ(0); transition: opacity 250ms linear; width: 100%; will-change: opacity; opacity: 0;"
                    />
                  </picture>
                  <noscript />
                  <script
                    type="module"
                  >
                    const t="undefined"!=typeof HTMLImageElement&&"loading"in HTMLImageElement.prototype;if(t){const t=document.querySelectorAll("img[data-main-image]");for(let e of t){e.dataset.src&&(e.setAttribute("src",e.dataset.src),e.removeAttribute("data-src")),e.dataset.srcset&&(e.setAttribute("srcset",e.dataset.srcset),e.removeAttribute("data-srcset"));const t=e.parentNode.querySelectorAll("source[data-srcset]");for(let e of t)e.setAttribute("srcset",e.dataset.srcset),e.removeAttribute("data-srcset");e.complete&&(e.style.opacity=1,e.parentNode.parentNode.querySelector("[data-placeholder-image]").style.opacity=0)}}
                  </script>
                </div>
                <div
                  class="gatsby-image-wrapper gatsby-image-wrapper-constrained emotion-17"
                  data-gatsby-image-wrapper=""
                  style="position: relative; overflow: hidden; display: inline-block; vertical-align: top;"
                >
                  <div
                    style="max-width: 1728px; display: block;"
                  >
                    <img
                      alt=""
                      aria-hidden="true"
                      role="presentation"
                      src="data:image/svg+xml;charset=utf-8,%3Csvg%20height='1728'%20width='1728'%20xmlns='http://www.w3.org/2000/svg'%20version='1.1'%3E%3C/svg%3E"
                      style="max-width: 100%; display: block; position: static;"
                    />
                  </div>
                  <img
                    alt=""
                    aria-hidden="true"
                    data-placeholder-image=""
                    decoding="async"
                    src="data:image/jpeg;base64,/9j/2wBDABALDA4MChAODQ4SERATGCgaGBYWGDEjJR0oOjM9PDkzODdASFxOQERXRTc4UG1RV19iZ2hnPk1xeXBkeFxlZ2P/2wBDARESEhgVGC8aGi9jQjhCY2NjY2NjY2NjY2NjY2NjY2NjY2NjY2NjY2NjY2NjY2NjY2NjY2NjY2NjY2NjY2NjY2P/wgARCAAUABQDASIAAhEBAxEB/8QAFgABAQEAAAAAAAAAAAAAAAAAAAMC/8QAFwEAAwEAAAAAAAAAAAAAAAAAAQIDAP/aAAwDAQACEAMQAAABnOucTBKVmBJgX//EAB0QAAEEAgMAAAAAAAAAAAAAAAIAAQMREhMhMjT/2gAIAQEAAQUCOPJow1OuMmojoU3YPTa//8QAGBEAAwEBAAAAAAAAAAAAAAAAAAECECL/2gAIAQMBAT8BUuTsWf/EABoRAAICAwAAAAAAAAAAAAAAAAACARARIjH/2gAIAQIBAT8BlsmovK//xAAbEAADAAMBAQAAAAAAAAAAAAAAARECEDEhgf/aAAgBAQAGPwLsMvbVNRDxhwQ/uv/EACAQAAICAQMFAAAAAAAAAAAAAAABEUEhMWHRcZGhseH/2gAIAQEAAT8hu69PpnTSKcmN/HI8MDrTBMFG9FRNXshU5lZo9vUTQf/aAAwDAQACAAMAAAAQwNh9/8QAGREAAwADAAAAAAAAAAAAAAAAAAERITHw/9oACAEDAQE/EFmEd0M6U//EABYRAQEBAAAAAAAAAAAAAAAAAAERIP/aAAgBAgEBPxAnVwP/xAAdEAEAAwEAAgMAAAAAAAAAAAABABExIUFRcbHw/9oACAEBAAE/EBEAXtlX1kB2CNApaR7AK+H5h322jQEvnICtd9UxmeagK9f1krYsCJx2JNofenrPM//Z"
                    style="height: 100%; left: 0px; position: absolute; top: 0px; width: 100%;"
                  />
                  <picture>
                    <source
                      data-srcset="/static/aaf0eb28b01d8691152f60fa8fa38218/18bed/sosiaali-ja-terveyskeskus.webp 432w,/static/aaf0eb28b01d8691152f60fa8fa38218/d0f84/sosiaali-ja-terveyskeskus.webp 864w,/static/aaf0eb28b01d8691152f60fa8fa38218/ca0c6/sosiaali-ja-terveyskeskus.webp 1728w"
                      sizes="(min-width: 1728px) 1728px, 100vw"
                      type="image/webp"
                    />
                    <img
                      alt="Mitä jos terveyskeskusta ei olisikaan?"
                      data-gatsby-image-ssr=""
                      data-main-image=""
                      data-src="/static/aaf0eb28b01d8691152f60fa8fa38218/4227f/sosiaali-ja-terveyskeskus.jpg"
                      data-srcset="/static/aaf0eb28b01d8691152f60fa8fa38218/9e7cd/sosiaali-ja-terveyskeskus.jpg 432w,/static/aaf0eb28b01d8691152f60fa8fa38218/ead50/sosiaali-ja-terveyskeskus.jpg 864w,/static/aaf0eb28b01d8691152f60fa8fa38218/4227f/sosiaali-ja-terveyskeskus.jpg 1728w"
                      decoding="async"
                      loading="lazy"
                      sizes="(min-width: 1728px) 1728px, 100vw"
                      style="height: 100%; left: 0px; position: absolute; top: 0px; transform: translateZ(0); transition: opacity 250ms linear; width: 100%; will-change: opacity; opacity: 0;"
                    />
                  </picture>
                  <noscript />
                  <script
                    type="module"
                  >
                    const t="undefined"!=typeof HTMLImageElement&&"loading"in HTMLImageElement.prototype;if(t){const t=document.querySelectorAll("img[data-main-image]");for(let e of t){e.dataset.src&&(e.setAttribute("src",e.dataset.src),e.removeAttribute("data-src")),e.dataset.srcset&&(e.setAttribute("srcset",e.dataset.srcset),e.removeAttribute("data-srcset"));const t=e.parentNode.querySelectorAll("source[data-srcset]");for(let e of t)e.setAttribute("srcset",e.dataset.srcset),e.removeAttribute("data-srcset");e.complete&&(e.style.opacity=1,e.parentNode.parentNode.querySelector("[data-placeholder-image]").style.opacity=0)}}
                  </script>
                </div>
                <div
                  class="emotion-18"
                >
                  <h2
                    class="c2 emotion-19"
                    id="mita-jos-terveyskeskusta-ei-olisikaan?"
                    itemprop="headline"
                  >
                    Mitä jos terveyskeskusta ei olisikaan?
                  </h2>
                </div>
              </a>
              <aside
                class="emotion-20"
              >
                <div
                  class="emotion-21"
                >
                  <span
                    class="emotion-22"
                  >
                    <svg
                      class="emotion-23"
                      fill="currentColor"
                      height="1em"
                      stroke="currentColor"
                      stroke-width="0"
                      viewBox="0 0 448 512"
                      width="1em"
                      xmlns="http://www.w3.org/2000/svg"
                    >
                      <path
                        d="M152 24c0-13.3-10.7-24-24-24s-24 10.7-24 24V64H64C28.7 64 0 92.7 0 128v16 48V448c0 35.3 28.7 64 64 64H384c35.3 0 64-28.7 64-64V192 144 128c0-35.3-28.7-64-64-64H344V24c0-13.3-10.7-24-24-24s-24 10.7-24 24V64H152V24zM48 192h80v56H48V192zm0 104h80v64H48V296zm128 0h96v64H176V296zm144 0h80v64H320V296zm80-48H320V192h80v56zm0 160v40c0 8.8-7.2 16-16 16H320V408h80zm-128 0v56H176V408h96zm-144 0v56H64c-8.8 0-16-7.2-16-16V408h80zM272 248H176V192h96v56z"
                      />
                    </svg>
                    <time
                      datetime="2021-11-15"
                    >
                      15.11.2021
                    </time>
                  </span>
                </div>
                <ul
                  class="emotion-24"
                >
                  <li
                    class="emotion-25"
                  >
                    <a
                      class="c0"
                      href="/kategoria/aluevaalit/"
                    >
                      #
                      aluevaalit
                    </a>
                  </li>
                  <li
                    class="emotion-25"
                  >
                    <a
                      class="c0"
                      href="/kategoria/kirkkonummi/"
                    >
                      #
                      kirkkonummi
                    </a>
                  </li>
                  <li
                    class="emotion-25"
                  >
                    <a
                      class="c0"
                      href="/kategoria/soteuudistus/"
                    >
                      #
                      soteuudistus
                    </a>
                  </li>
                </ul>
              </aside>
              <p
                class="emotion-28"
                itemprop="description"
              >
                Mitä jos Jorvin ensiapu olisi koko läntisen Uudenmaan ainoa päivystys? Mitä jos Jorvissa pitäisi aina jonottaa monta tuntia? Entä jos siitä tulisi jälkikäteen lasku, jossa olisi pari nollaa enemmän kuin nykyään?
                 
                <a
                  class="c0"
                  href="/blogi/blogi/2021/11/15/mita-jos-terveyskeskusta-ei-olisikaan/"
                  rel="permalink"
                >
                  Lue lisää »
                </a>
              </p>
            </article>
          </li>
          <li
            class="emotion-13"
          >
            <article
              aria-label="Perusturvajaosto - mikä se on?"
              class="emotion-14"
              itemscope=""
              itemtype="https://schema.org/CreativeWork"
            >
              <a
                class="c0 emotion-15"
                href="/blogi/blogi/2021/10/31/perusturvajaosto-mika-se-on/"
                rel="permalink"
              >
                <div
                  class="gatsby-image-wrapper gatsby-image-wrapper-constrained emotion-16"
                  data-gatsby-image-wrapper=""
                  style="position: relative; overflow: hidden; display: inline-block; vertical-align: top;"
                >
                  <div
                    style="max-width: 3264px; display: block;"
                  >
                    <img
                      alt=""
                      aria-hidden="true"
                      role="presentation"
                      src="data:image/svg+xml;charset=utf-8,%3Csvg%20height='1399'%20width='3264'%20xmlns='http://www.w3.org/2000/svg'%20version='1.1'%3E%3C/svg%3E"
                      style="max-width: 100%; display: block; position: static;"
                    />
                  </div>
                  <img
                    alt=""
                    aria-hidden="true"
                    data-placeholder-image=""
                    decoding="async"
                    src="data:image/jpeg;base64,/9j/4AAQSkZJRgABAQEBLAEsAAD/2wBDABALDA4MChAODQ4SERATGCgaGBYWGDEjJR0oOjM9PDkzODdASFxOQERXRTc4UG1RV19iZ2hnPk1xeXBkeFxlZ2P/2wBDARESEhgVGC8aGi9jQjhCY2NjY2NjY2NjY2NjY2NjY2NjY2NjY2NjY2NjY2NjY2NjY2NjY2NjY2NjY2NjY2NjY2P/wAARCAAJABQDAREAAhEBAxEB/8QAFwABAAMAAAAAAAAAAAAAAAAAAwECBP/EACMQAAEDAwIHAAAAAAAAAAAAAAIAAQMEERIiMSEzNHGCsbL/xAAXAQADAQAAAAAAAAAAAAAAAAABAgMA/8QAHREAAgICAwEAAAAAAAAAAAAAAAECEQMxEiEyM//aAAwDAQACEQMRAD8AOemoXac3PI3fUe+D27pJbKQkuNiyxjPHiTRmFuGlvdllYOmiAKSGMYgPEAawtZnsye2TaRkpuRU+fyhLYuL5sSl6YUWLi8l33WKH/9k="
                    style="height: 100%; left: 0px; position: absolute; top: 0px; width: 100%;"
                  />
                  <picture>
                    <source
                      data-srcset="https://images.ctfassets.net/44t6u1r4zgqq/16g8SHm3OAgir1bD93gsrt/7cc1ba58581d8399d0ba452d35e167f2/lauri-lavanti-perusturvajaosto.jpg?w=816&h=350&q=50&fm=webp 816w,https://images.ctfassets.net/44t6u1r4zgqq/16g8SHm3OAgir1bD93gsrt/7cc1ba58581d8399d0ba452d35e167f2/lauri-lavanti-perusturvajaosto.jpg?w=1632&h=700&q=50&fm=webp 1632w,https://images.ctfassets.net/44t6u1r4zgqq/16g8SHm3OAgir1bD93gsrt/7cc1ba58581d8399d0ba452d35e167f2/lauri-lavanti-perusturvajaosto.jpg?w=3264&h=1399&q=50&fm=webp 3264w"
                      sizes="(min-width: 3264px) 3264px, 100vw"
                      type="image/webp"
                    />
                    <img
                      alt="Perusturvajaosto - mikä se on?"
                      data-gatsby-image-ssr=""
                      data-main-image=""
                      data-src="https://images.ctfassets.net/44t6u1r4zgqq/16g8SHm3OAgir1bD93gsrt/7cc1ba58581d8399d0ba452d35e167f2/lauri-lavanti-perusturvajaosto.jpg?w=3264&h=1399&fl=progressive&q=50&fm=jpg"
                      data-srcset="https://images.ctfassets.net/44t6u1r4zgqq/16g8SHm3OAgir1bD93gsrt/7cc1ba58581d8399d0ba452d35e167f2/lauri-lavanti-perusturvajaosto.jpg?w=816&h=350&fl=progressive&q=50&fm=jpg 816w,https://images.ctfassets.net/44t6u1r4zgqq/16g8SHm3OAgir1bD93gsrt/7cc1ba58581d8399d0ba452d35e167f2/lauri-lavanti-perusturvajaosto.jpg?w=1632&h=700&fl=progressive&q=50&fm=jpg 1632w,https://images.ctfassets.net/44t6u1r4zgqq/16g8SHm3OAgir1bD93gsrt/7cc1ba58581d8399d0ba452d35e167f2/lauri-lavanti-perusturvajaosto.jpg?w=3264&h=1399&fl=progressive&q=50&fm=jpg 3264w"
                      decoding="async"
                      loading="lazy"
                      sizes="(min-width: 3264px) 3264px, 100vw"
                      style="height: 100%; left: 0px; position: absolute; top: 0px; transform: translateZ(0); transition: opacity 250ms linear; width: 100%; will-change: opacity; opacity: 0;"
                    />
                  </picture>
                  <noscript />
                  <script
                    type="module"
                  >
                    const t="undefined"!=typeof HTMLImageElement&&"loading"in HTMLImageElement.prototype;if(t){const t=document.querySelectorAll("img[data-main-image]");for(let e of t){e.dataset.src&&(e.setAttribute("src",e.dataset.src),e.removeAttribute("data-src")),e.dataset.srcset&&(e.setAttribute("srcset",e.dataset.srcset),e.removeAttribute("data-srcset"));const t=e.parentNode.querySelectorAll("source[data-srcset]");for(let e of t)e.setAttribute("srcset",e.dataset.srcset),e.removeAttribute("data-srcset");e.complete&&(e.style.opacity=1,e.parentNode.parentNode.querySelector("[data-placeholder-image]").style.opacity=0)}}
                  </script>
                </div>
                <div
                  class="gatsby-image-wrapper gatsby-image-wrapper-constrained emotion-17"
                  data-gatsby-image-wrapper=""
                  style="position: relative; overflow: hidden; display: inline-block; vertical-align: top;"
                >
                  <div
                    style="max-width: 1399px; display: block;"
                  >
                    <img
                      alt=""
                      aria-hidden="true"
                      role="presentation"
                      src="data:image/svg+xml;charset=utf-8,%3Csvg%20height='1399'%20width='1399'%20xmlns='http://www.w3.org/2000/svg'%20version='1.1'%3E%3C/svg%3E"
                      style="max-width: 100%; display: block; position: static;"
                    />
                  </div>
                  <img
                    alt=""
                    aria-hidden="true"
                    data-placeholder-image=""
                    decoding="async"
                    src="data:image/jpeg;base64,/9j/2wBDABALDA4MChAODQ4SERATGCgaGBYWGDEjJR0oOjM9PDkzODdASFxOQERXRTc4UG1RV19iZ2hnPk1xeXBkeFxlZ2P/2wBDARESEhgVGC8aGi9jQjhCY2NjY2NjY2NjY2NjY2NjY2NjY2NjY2NjY2NjY2NjY2NjY2NjY2NjY2NjY2NjY2NjY2P/wgARCAAUABQDASIAAhEBAxEB/8QAGAABAAMBAAAAAAAAAAAAAAAAAAIDBAH/xAAXAQEBAQEAAAAAAAAAAAAAAAACAQAD/9oADAMBAAIQAxAAAAHN3bWXMY5ZlNQvD//EABoQAQADAQEBAAAAAAAAAAAAAAEAAgMSESL/2gAIAQEAAQUCrlLZ8vpOxG55MT61qciz/8QAGBEAAgMAAAAAAAAAAAAAAAAAABARQUL/2gAIAQMBAT8BpZJP/8QAFREBAQAAAAAAAAAAAAAAAAAAEEH/2gAIAQIBAT8BKf/EABwQAAICAgMAAAAAAAAAAAAAAAARASECECIyof/aAAgBAQAGPwLlKKlnT0qGXWsh6//EABwQAQACAwADAAAAAAAAAAAAAAEAESExQVFhcf/aAAgBAQABPyFlcG6PcqO6vkKclfMhFVF3NREsxLOPcQRyW9sEUM//2gAMAwEAAgADAAAAEBA/Qv/EABkRAAMAAwAAAAAAAAAAAAAAAAABETFRsf/aAAgBAwEBPxBPIiFyVs//xAAYEQACAwAAAAAAAAAAAAAAAAAAARAhMf/aAAgBAgEBPxB6WOH/xAAdEAEAAwABBQAAAAAAAAAAAAABABEhYTFBcaHB/9oACAEBAAE/EMDXprV8jMzFdlLAgIFKW+4LIMRBVQDDtTd2XAWg08wdigArZqwlUtePEBpA5n//2Q=="
                    style="height: 100%; left: 0px; position: absolute; top: 0px; width: 100%;"
                  />
                  <picture>
                    <source
                      data-srcset="/static/9191e5858402a1213443faa945425bd8/6cac9/lauri-lavanti-perusturvajaosto.webp 350w,/static/9191e5858402a1213443faa945425bd8/ec00d/lauri-lavanti-perusturvajaosto.webp 700w,/static/9191e5858402a1213443faa945425bd8/c688d/lauri-lavanti-perusturvajaosto.webp 1399w"
                      sizes="(min-width: 1399px) 1399px, 100vw"
                      type="image/webp"
                    />
                    <img
                      alt="Perusturvajaosto - mikä se on?"
                      data-gatsby-image-ssr=""
                      data-main-image=""
                      data-src="/static/9191e5858402a1213443faa945425bd8/c1041/lauri-lavanti-perusturvajaosto.jpg"
                      data-srcset="/static/9191e5858402a1213443faa945425bd8/7ba70/lauri-lavanti-perusturvajaosto.jpg 350w,/static/9191e5858402a1213443faa945425bd8/9366f/lauri-lavanti-perusturvajaosto.jpg 700w,/static/9191e5858402a1213443faa945425bd8/c1041/lauri-lavanti-perusturvajaosto.jpg 1399w"
                      decoding="async"
                      loading="lazy"
                      sizes="(min-width: 1399px) 1399px, 100vw"
                      style="height: 100%; left: 0px; position: absolute; top: 0px; transform: translateZ(0); transition: opacity 250ms linear; width: 100%; will-change: opacity; opacity: 0;"
                    />
                  </picture>
                  <noscript />
                  <script
                    type="module"
                  >
                    const t="undefined"!=typeof HTMLImageElement&&"loading"in HTMLImageElement.prototype;if(t){const t=document.querySelectorAll("img[data-main-image]");for(let e of t){e.dataset.src&&(e.setAttribute("src",e.dataset.src),e.removeAttribute("data-src")),e.dataset.srcset&&(e.setAttribute("srcset",e.dataset.srcset),e.removeAttribute("data-srcset"));const t=e.parentNode.querySelectorAll("source[data-srcset]");for(let e of t)e.setAttribute("srcset",e.dataset.srcset),e.removeAttribute("data-srcset");e.complete&&(e.style.opacity=1,e.parentNode.parentNode.querySelector("[data-placeholder-image]").style.opacity=0)}}
                  </script>
                </div>
                <div
                  class="emotion-18"
                >
                  <h2
                    class="c2 emotion-19"
                    id="perusturvajaosto---mika-se-on?"
                    itemprop="headline"
                  >
                    Perusturvajaosto - mikä se on?
                  </h2>
                </div>
              </a>
              <aside
                class="emotion-20"
              >
                <div
                  class="emotion-21"
                >
                  <span
                    class="emotion-22"
                  >
                    <svg
                      class="emotion-23"
                      fill="currentColor"
                      height="1em"
                      stroke="currentColor"
                      stroke-width="0"
                      viewBox="0 0 448 512"
                      width="1em"
                      xmlns="http://www.w3.org/2000/svg"
                    >
                      <path
                        d="M152 24c0-13.3-10.7-24-24-24s-24 10.7-24 24V64H64C28.7 64 0 92.7 0 128v16 48V448c0 35.3 28.7 64 64 64H384c35.3 0 64-28.7 64-64V192 144 128c0-35.3-28.7-64-64-64H344V24c0-13.3-10.7-24-24-24s-24 10.7-24 24V64H152V24zM48 192h80v56H48V192zm0 104h80v64H48V296zm128 0h96v64H176V296zm144 0h80v64H320V296zm80-48H320V192h80v56zm0 160v40c0 8.8-7.2 16-16 16H320V408h80zm-128 0v56H176V408h96zm-144 0v56H64c-8.8 0-16-7.2-16-16V408h80zM272 248H176V192h96v56z"
                      />
                    </svg>
                    <time
                      datetime="2021-10-30"
                    >
                      30.10.2021
                    </time>
                  </span>
                </div>
                <ul
                  class="emotion-24"
                >
                  <li
                    class="emotion-25"
                  >
                    <a
                      class="c0"
                      href="/kategoria/kirkkonummi/"
                    >
                      #
                      kirkkonummi
                    </a>
                  </li>
                  <li
                    class="emotion-25"
                  >
                    <a
                      class="c0"
                      href="/kategoria/perustuva/"
                    >
                      #
                      perustuva
                    </a>
                  </li>
                </ul>
              </aside>
              <p
                class="emotion-28"
                itemprop="description"
              >
                Perusturvajaosto vastaa asukkaiden oikaisuvaatimuksiin perusturvaan liittyvissä asioissa. Vaikka kokousten sisältö on yksityisyydensuojan alaista, voi näistä tapauksista ottaa opiksi.
                 
                <a
                  class="c0"
                  href="/blogi/blogi/2021/10/31/perusturvajaosto-mika-se-on/"
                  rel="permalink"
                >
                  Lue lisää »
                </a>
              </p>
            </article>
          </li>
          <li
            class="emotion-13"
          >
            <article
              aria-label="Ehdolle aluevaaleihin"
              class="emotion-14"
              itemscope=""
              itemtype="https://schema.org/CreativeWork"
            >
              <a
                class="c0 emotion-15"
                href="/blogi/ehdolle-aluevaaleihin/"
                rel="permalink"
              >
                <div
                  class="gatsby-image-wrapper gatsby-image-wrapper-constrained emotion-16"
                  data-gatsby-image-wrapper=""
                  style="position: relative; overflow: hidden; display: inline-block; vertical-align: top;"
                >
                  <div
                    style="max-width: 2683px; display: block;"
                  >
                    <img
                      alt=""
                      aria-hidden="true"
                      role="presentation"
                      src="data:image/svg+xml;charset=utf-8,%3Csvg%20height='1509'%20width='2683'%20xmlns='http://www.w3.org/2000/svg'%20version='1.1'%3E%3C/svg%3E"
                      style="max-width: 100%; display: block; position: static;"
                    />
                  </div>
                  <img
                    alt=""
                    aria-hidden="true"
                    data-placeholder-image=""
                    decoding="async"
                    src="data:image/jpeg;base64,/9j/4AAQSkZJRgABAQEBLAEsAAD/2wBDABALDA4MChAODQ4SERATGCgaGBYWGDEjJR0oOjM9PDkzODdASFxOQERXRTc4UG1RV19iZ2hnPk1xeXBkeFxlZ2P/2wBDARESEhgVGC8aGi9jQjhCY2NjY2NjY2NjY2NjY2NjY2NjY2NjY2NjY2NjY2NjY2NjY2NjY2NjY2NjY2NjY2NjY2P/wAARCAALABQDAREAAhEBAxEB/8QAFwAAAwEAAAAAAAAAAAAAAAAAAQQFA//EACMQAAEDBAIBBQAAAAAAAAAAAAECAxEABAUSITFRE0GRksH/xAAYAQEBAQEBAAAAAAAAAAAAAAABAwIEBf/EAB4RAAICAQUBAAAAAAAAAAAAAAABAhEDBBMUMUNR/9oADAMBAAIRAxEAPwCZhsjd2FsGH7JxxG07cykfFMM6iqRGeNSdjrueHqI0tyJkans+D1WnqJVaBYI0FvM3JTJxwJ8hyPyjlBsL6JoWsrSkqMGvOSLWYHnMtT7QB9VVfyNLoolRHANc4H//2Q=="
                    style="height: 100%; left: 0px; position: absolute; top: 0px; width: 100%;"
                  />
                  <picture>
                    <source
                      data-srcset="https://images.ctfassets.net/44t6u1r4zgqq/7j3kCI9UbuoXfXKoGdhLnp/b8569a0f8335bdf5827b174db091569f/Lauri-Lavanti-aluevaaliehdokas-16-9.jpg?w=671&h=377&q=50&fm=webp 671w,https://images.ctfassets.net/44t6u1r4zgqq/7j3kCI9UbuoXfXKoGdhLnp/b8569a0f8335bdf5827b174db091569f/Lauri-Lavanti-aluevaaliehdokas-16-9.jpg?w=1342&h=755&q=50&fm=webp 1342w,https://images.ctfassets.net/44t6u1r4zgqq/7j3kCI9UbuoXfXKoGdhLnp/b8569a0f8335bdf5827b174db091569f/Lauri-Lavanti-aluevaaliehdokas-16-9.jpg?w=2683&h=1509&q=50&fm=webp 2683w"
                      sizes="(min-width: 2683px) 2683px, 100vw"
                      type="image/webp"
                    />
                    <img
                      alt="Ehdolle aluevaaleihin"
                      data-gatsby-image-ssr=""
                      data-main-image=""
                      data-src="https://images.ctfassets.net/44t6u1r4zgqq/7j3kCI9UbuoXfXKoGdhLnp/b8569a0f8335bdf5827b174db091569f/Lauri-Lavanti-aluevaaliehdokas-16-9.jpg?w=2683&h=1509&fl=progressive&q=50&fm=jpg"
                      data-srcset="https://images.ctfassets.net/44t6u1r4zgqq/7j3kCI9UbuoXfXKoGdhLnp/b8569a0f8335bdf5827b174db091569f/Lauri-Lavanti-aluevaaliehdokas-16-9.jpg?w=671&h=377&fl=progressive&q=50&fm=jpg 671w,https://images.ctfassets.net/44t6u1r4zgqq/7j3kCI9UbuoXfXKoGdhLnp/b8569a0f8335bdf5827b174db091569f/Lauri-Lavanti-aluevaaliehdokas-16-9.jpg?w=1342&h=755&fl=progressive&q=50&fm=jpg 1342w,https://images.ctfassets.net/44t6u1r4zgqq/7j3kCI9UbuoXfXKoGdhLnp/b8569a0f8335bdf5827b174db091569f/Lauri-Lavanti-aluevaaliehdokas-16-9.jpg?w=2683&h=1509&fl=progressive&q=50&fm=jpg 2683w"
                      decoding="async"
                      loading="lazy"
                      sizes="(min-width: 2683px) 2683px, 100vw"
                      style="height: 100%; left: 0px; position: absolute; top: 0px; transform: translateZ(0); transition: opacity 250ms linear; width: 100%; will-change: opacity; opacity: 0;"
                    />
                  </picture>
                  <noscript />
                  <script
                    type="module"
                  >
                    const t="undefined"!=typeof HTMLImageElement&&"loading"in HTMLImageElement.prototype;if(t){const t=document.querySelectorAll("img[data-main-image]");for(let e of t){e.dataset.src&&(e.setAttribute("src",e.dataset.src),e.removeAttribute("data-src")),e.dataset.srcset&&(e.setAttribute("srcset",e.dataset.srcset),e.removeAttribute("data-srcset"));const t=e.parentNode.querySelectorAll("source[data-srcset]");for(let e of t)e.setAttribute("srcset",e.dataset.srcset),e.removeAttribute("data-srcset");e.complete&&(e.style.opacity=1,e.parentNode.parentNode.querySelector("[data-placeholder-image]").style.opacity=0)}}
                  </script>
                </div>
                <div
                  class="gatsby-image-wrapper gatsby-image-wrapper-constrained emotion-17"
                  data-gatsby-image-wrapper=""
                  style="position: relative; overflow: hidden; display: inline-block; vertical-align: top;"
                >
                  <div
                    style="max-width: 1509px; display: block;"
                  >
                    <img
                      alt=""
                      aria-hidden="true"
                      role="presentation"
                      src="data:image/svg+xml;charset=utf-8,%3Csvg%20height='1509'%20width='1509'%20xmlns='http://www.w3.org/2000/svg'%20version='1.1'%3E%3C/svg%3E"
                      style="max-width: 100%; display: block; position: static;"
                    />
                  </div>
                  <img
                    alt=""
                    aria-hidden="true"
                    data-placeholder-image=""
                    decoding="async"
                    src="data:image/jpeg;base64,/9j/2wBDABALDA4MChAODQ4SERATGCgaGBYWGDEjJR0oOjM9PDkzODdASFxOQERXRTc4UG1RV19iZ2hnPk1xeXBkeFxlZ2P/2wBDARESEhgVGC8aGi9jQjhCY2NjY2NjY2NjY2NjY2NjY2NjY2NjY2NjY2NjY2NjY2NjY2NjY2NjY2NjY2NjY2NjY2P/wgARCAAUABQDASIAAhEBAxEB/8QAGAABAAMBAAAAAAAAAAAAAAAAAAMEBQH/xAAXAQADAQAAAAAAAAAAAAAAAAABAgMA/9oADAMBAAIQAxAAAAG1Hl8M9VmF01Ym9sIf/8QAGhABAQEBAAMAAAAAAAAAAAAAAQIAAxExMv/aAAgBAQABBQIZddEjcGObOfMzBTJunuPj/8QAGBEAAgMAAAAAAAAAAAAAAAAAAAECEBL/2gAIAQMBAT8BUEYV/wD/xAAZEQACAwEAAAAAAAAAAAAAAAAAAhAREzH/2gAIAQIBAT8B0s1YXsf/xAAbEAACAgMBAAAAAAAAAAAAAAAAAREhIDFhcf/aAAgBAQAGPwKmiaZsqMJ4Lw//xAAdEAADAAICAwAAAAAAAAAAAAAAAREhMUGBUXGR/9oACAEBAAE/IUNa7G9HDijCNTau1GmcrnwTXicVmapu8MRZ6x//2gAMAwEAAgADAAAAEH/3Qv/EABYRAQEBAAAAAAAAAAAAAAAAABABEf/aAAgBAwEBPxDQEP/EABkRAQACAwAAAAAAAAAAAAAAAAEAECExQf/aAAgBAgEBPxAeBEHlTuf/xAAeEAEBAQEAAgIDAAAAAAAAAAABESEAMUFRYXGRwf/aAAgBAQABPxCEBZ+XxzGSVBss7XFLhebVdNrjDUgDTwzftP1wrWrpsueu3LzZ2rWtHofngCWfw7//2Q=="
                    style="height: 100%; left: 0px; position: absolute; top: 0px; width: 100%;"
                  />
                  <picture>
                    <source
                      data-srcset="/static/21b2876e43d499dadd58d90d69279f91/e6df8/Lauri-Lavanti-aluevaaliehdokas-16-9.webp 377w,/static/21b2876e43d499dadd58d90d69279f91/9a8b1/Lauri-Lavanti-aluevaaliehdokas-16-9.webp 755w,/static/21b2876e43d499dadd58d90d69279f91/d1461/Lauri-Lavanti-aluevaaliehdokas-16-9.webp 1509w"
                      sizes="(min-width: 1509px) 1509px, 100vw"
                      type="image/webp"
                    />
                    <img
                      alt="Ehdolle aluevaaleihin"
                      data-gatsby-image-ssr=""
                      data-main-image=""
                      data-src="/static/21b2876e43d499dadd58d90d69279f91/5e0f8/Lauri-Lavanti-aluevaaliehdokas-16-9.jpg"
                      data-srcset="/static/21b2876e43d499dadd58d90d69279f91/3c15e/Lauri-Lavanti-aluevaaliehdokas-16-9.jpg 377w,/static/21b2876e43d499dadd58d90d69279f91/3fcac/Lauri-Lavanti-aluevaaliehdokas-16-9.jpg 755w,/static/21b2876e43d499dadd58d90d69279f91/5e0f8/Lauri-Lavanti-aluevaaliehdokas-16-9.jpg 1509w"
                      decoding="async"
                      loading="lazy"
                      sizes="(min-width: 1509px) 1509px, 100vw"
                      style="height: 100%; left: 0px; position: absolute; top: 0px; transform: translateZ(0); transition: opacity 250ms linear; width: 100%; will-change: opacity; opacity: 0;"
                    />
                  </picture>
                  <noscript />
                  <script
                    type="module"
                  >
                    const t="undefined"!=typeof HTMLImageElement&&"loading"in HTMLImageElement.prototype;if(t){const t=document.querySelectorAll("img[data-main-image]");for(let e of t){e.dataset.src&&(e.setAttribute("src",e.dataset.src),e.removeAttribute("data-src")),e.dataset.srcset&&(e.setAttribute("srcset",e.dataset.srcset),e.removeAttribute("data-srcset"));const t=e.parentNode.querySelectorAll("source[data-srcset]");for(let e of t)e.setAttribute("srcset",e.dataset.srcset),e.removeAttribute("data-srcset");e.complete&&(e.style.opacity=1,e.parentNode.parentNode.querySelector("[data-placeholder-image]").style.opacity=0)}}
                  </script>
                </div>
                <div
                  class="emotion-18"
                >
                  <h2
                    class="c2 emotion-19"
                    id="ehdolle-aluevaaleihin"
                    itemprop="headline"
                  >
                    Ehdolle aluevaaleihin
                  </h2>
                </div>
              </a>
              <aside
                class="emotion-20"
              >
                <div
                  class="emotion-21"
                >
                  <span
                    class="emotion-22"
                  >
                    <svg
                      class="emotion-23"
                      fill="currentColor"
                      height="1em"
                      stroke="currentColor"
                      stroke-width="0"
                      viewBox="0 0 448 512"
                      width="1em"
                      xmlns="http://www.w3.org/2000/svg"
                    >
                      <path
                        d="M152 24c0-13.3-10.7-24-24-24s-24 10.7-24 24V64H64C28.7 64 0 92.7 0 128v16 48V448c0 35.3 28.7 64 64 64H384c35.3 0 64-28.7 64-64V192 144 128c0-35.3-28.7-64-64-64H344V24c0-13.3-10.7-24-24-24s-24 10.7-24 24V64H152V24zM48 192h80v56H48V192zm0 104h80v64H48V296zm128 0h96v64H176V296zm144 0h80v64H320V296zm80-48H320V192h80v56zm0 160v40c0 8.8-7.2 16-16 16H320V408h80zm-128 0v56H176V408h96zm-144 0v56H64c-8.8 0-16-7.2-16-16V408h80zM272 248H176V192h96v56z"
                      />
                    </svg>
                    <time
                      datetime="2021-09-27"
                    >
                      27.09.2021
                    </time>
                  </span>
                </div>
                <ul
                  class="emotion-24"
                >
                  <li
                    class="emotion-25"
                  >
                    <a
                      class="c0"
                      href="/kategoria/aluevaalit/"
                    >
                      #
                      aluevaalit
                    </a>
                  </li>
                  <li
                    class="emotion-25"
                  >
                    <a
                      class="c0"
                      href="/kategoria/kirkkonummi/"
                    >
                      #
                      kirkkonummi
                    </a>
                  </li>
                  <li
                    class="emotion-25"
                  >
                    <a
                      class="c0"
                      href="/kategoria/soteuudistus/"
                    >
                      #
                      soteuudistus
                    </a>
                  </li>
                </ul>
              </aside>
              <p
                class="emotion-28"
                itemprop="description"
              >
                Sote-uudituksessa tärkeintä on huolehtia lähipalvelujen säilymisestä lähellä, terveydenhuollon pitäminen julkisena palveluna, hoitohenkilökunnan hyvinvoinnista ja riittävyydestä sekä ratkaista hoitajapula ja hoitovelka.
                 
                <a
                  class="c0"
                  href="/blogi/ehdolle-aluevaaleihin/"
                  rel="permalink"
                >
                  Lue lisää »
                </a>
              </p>
            </article>
          </li>
        </ul>
      </article>
    </main>
    <footer
      class="emotion-92"
    >
      <ul
        class="emotion-93"
      >
        <li
          class="emotion-94"
        >
          <a
            class="emotion-95"
            href="https://www.facebook.com/laurilavanti"
            rel="me noopener noreferrer"
            target="_blank"
            title="Facebook"
          >
            <svg
              class="emotion-96"
              fill="currentColor"
              height="1em"
              stroke="currentColor"
              stroke-width="0"
              viewBox="0 0 512 512"
              width="1em"
              xmlns="http://www.w3.org/2000/svg"
            >
              <path
                d="M504 256C504 119 393 8 256 8S8 119 8 256c0 123.78 90.69 226.38 209.25 245V327.69h-63V256h63v-54.64c0-62.15 37-96.48 93.67-96.48 27.14 0 55.52 4.84 55.52 4.84v61h-31.28c-30.8 0-40.41 19.12-40.41 38.73V256h68.78l-11 71.69h-57.78V501C413.31 482.38 504 379.78 504 256z"
              />
            </svg>
          </a>
        </li>
        <li
          class="emotion-94"
        >
          <a
            class="emotion-95"
            href="https://twitter.com/laurilavanti"
            rel="me noopener noreferrer"
            target="_blank"
            title="Twitter"
          >
            <svg
              class="emotion-99"
              fill="currentColor"
              height="1em"
              stroke="currentColor"
              stroke-width="0"
              viewBox="0 0 512 512"
              width="1em"
              xmlns="http://www.w3.org/2000/svg"
            >
              <path
                d="M389.2 48h70.6L305.6 224.2 487 464H345L233.7 318.6 106.5 464H35.8L200.7 275.5 26.8 48H172.4L272.9 180.9 389.2 48zM364.4 421.8h39.1L151.1 88h-42L364.4 421.8z"
              />
            </svg>
          </a>
        </li>
        <li
          class="emotion-94"
        >
          <a
            class="emotion-95"
            href="https://www.instagram.com/laurilavanti/"
            rel="me noopener noreferrer"
            target="_blank"
            title="Instagram"
          >
            <svg
              class="emotion-102"
              fill="currentColor"
              height="1em"
              stroke="currentColor"
              stroke-width="0"
              viewBox="0 0 448 512"
              width="1em"
              xmlns="http://www.w3.org/2000/svg"
            >
              <path
                d="M224.1 141c-63.6 0-114.9 51.3-114.9 114.9s51.3 114.9 114.9 114.9S339 319.5 339 255.9 287.7 141 224.1 141zm0 189.6c-41.1 0-74.7-33.5-74.7-74.7s33.5-74.7 74.7-74.7 74.7 33.5 74.7 74.7-33.6 74.7-74.7 74.7zm146.4-194.3c0 14.9-12 26.8-26.8 26.8-14.9 0-26.8-12-26.8-26.8s12-26.8 26.8-26.8 26.8 12 26.8 26.8zm76.1 27.2c-1.7-35.9-9.9-67.7-36.2-93.9-26.2-26.2-58-34.4-93.9-36.2-37-2.1-147.9-2.1-184.9 0-35.8 1.7-67.6 9.9-93.9 36.1s-34.4 58-36.2 93.9c-2.1 37-2.1 147.9 0 184.9 1.7 35.9 9.9 67.7 36.2 93.9s58 34.4 93.9 36.2c37 2.1 147.9 2.1 184.9 0 35.9-1.7 67.7-9.9 93.9-36.2 26.2-26.2 34.4-58 36.2-93.9 2.1-37 2.1-147.8 0-184.8zM398.8 388c-7.8 19.6-22.9 34.7-42.6 42.6-29.5 11.7-99.5 9-132.1 9s-102.7 2.6-132.1-9c-19.6-7.8-34.7-22.9-42.6-42.6-11.7-29.5-9-99.5-9-132.1s-2.6-102.7 9-132.1c7.8-19.6 22.9-34.7 42.6-42.6 29.5-11.7 99.5-9 132.1-9s102.7-2.6 132.1 9c19.6 7.8 34.7 22.9 42.6 42.6 11.7 29.5 9 99.5 9 132.1s2.7 102.7-9 132.1z"
              />
            </svg>
          </a>
        </li>
        <li
          class="emotion-94"
        >
          <a
            class="emotion-95"
            href="https://www.linkedin.com/in/lapanti"
            rel="me noopener noreferrer"
            target="_blank"
            title="LinkedIn"
          >
            <svg
              class="emotion-105"
              fill="currentColor"
              height="1em"
              stroke="currentColor"
              stroke-width="0"
              viewBox="0 0 448 512"
              width="1em"
              xmlns="http://www.w3.org/2000/svg"
            >
              <path
                d="M416 32H31.9C14.3 32 0 46.5 0 64.3v383.4C0 465.5 14.3 480 31.9 480H416c17.6 0 32-14.5 32-32.3V64.3c0-17.8-14.4-32.3-32-32.3zM135.4 416H69V202.2h66.5V416zm-33.2-243c-21.3 0-38.5-17.3-38.5-38.5S80.9 96 102.2 96c21.2 0 38.5 17.3 38.5 38.5 0 21.3-17.2 38.5-38.5 38.5zm282.1 243h-66.4V312c0-24.8-.5-56.7-34.5-56.7-34.6 0-39.9 27-39.9 54.9V416h-66.4V202.2h63.7v29.2h.9c8.9-16.8 30.6-34.5 62.9-34.5 67.2 0 79.7 44.3 79.7 101.9V416z"
              />
            </svg>
          </a>
        </li>
        <li
          class="emotion-94"
        >
          <a
            class="emotion-95"
            href="https://mastodontti.fi/@laurilavanti"
            rel="me noopener noreferrer"
            target="_blank"
            title="Mastodon"
          >
            <svg
              class="emotion-108"
              fill="currentColor"
              height="1em"
              stroke="currentColor"
              stroke-width="0"
              viewBox="0 0 448 512"
              width="1em"
              xmlns="http://www.w3.org/2000/svg"
            >
              <path
                d="M433 179.11c0-97.2-63.71-125.7-63.71-125.7-62.52-28.7-228.56-28.4-290.48 0 0 0-63.72 28.5-63.72 125.7 0 115.7-6.6 259.4 105.63 289.1 40.51 10.7 75.32 13 103.33 11.4 50.81-2.8 79.32-18.1 79.32-18.1l-1.7-36.9s-36.31 11.4-77.12 10.1c-40.41-1.4-83-4.4-89.63-54a102.54 102.54 0 0 1-.9-13.9c85.63 20.9 158.65 9.1 178.75 6.7 56.12-6.7 105-41.3 111.23-72.9 9.8-49.8 9-121.5 9-121.5zm-75.12 125.2h-46.63v-114.2c0-49.7-64-51.6-64 6.9v62.5h-46.33V197c0-58.5-64-56.6-64-6.9v114.2H90.19c0-122.1-5.2-147.9 18.41-175 25.9-28.9 79.82-30.8 103.83 6.1l11.6 19.5 11.6-19.5c24.11-37.1 78.12-34.8 103.83-6.1 23.71 27.3 18.4 53 18.4 175z"
              />
            </svg>
          </a>
        </li>
      </ul>
    </footer>
    <svg
      aria-hidden="true"
      style="position: absolute; width: 0px; height: 0px; overflow: hidden;"
      version="1.1"
      xmlns="http://www.w3.org/2000/svg"
      xmlns:xlink="http://www.w3.org/1999/xlink"
    >
      <defs>
        <svg
          height="0"
          width="0"
        >
          <radialgradient
            cx="30%"
            cy="107%"
            id="instagram-gradient"
            r="150%"
          >
            <stop
              offset="0"
              stop-color="#fdf497"
            />
            <stop
              offset="0.05"
              stop-color="#fdf497"
            />
            <stop
              offset="0.45"
              stop-color="#fd5949"
            />
            <stop
              offset="0.6"
              stop-color="#d6249f"
            />
            <stop
              offset="0.9"
              stop-color="#285AEB"
            />
          </radialgradient>
        </svg>
        <symbol
          id="logo"
          viewBox="0 0 600 600"
        >
          <g>
            <title>
              Lauri lavanti
            </title>
            <rect
              fill="#045a1c"
              height="600"
              id="svg_2"
              rx="50"
              width="600"
              x="0"
              y="0"
            />
            <text
              fill="#ffffff"
              font-family="Times New Roman"
              font-size="24"
              font-style="normal"
              font-weight="400"
              id="svg_1"
              stroke="#ffffff"
              text-anchor="start"
              transform="matrix(22.2798, 0, 0, 22.2798, -4774.17, -4448.06)"
              x="217.25434"
              xml:space="preserve"
              y="221.21152"
            >
              L²
            </text>
          </g>
        </symbol>
      </defs>
    </svg>
  </div>
</div>
`;
