// Vitest Snapshot v1, https://vitest.dev/guide/snapshot.html

exports[`<Excerpt /> > should render 1`] = `
<li
  data-astro-cid-bufef7ef=""
  style="--sizes35: 35rem;"
>
   
  <article
    aria-label="Test Article"
    data-astro-cid-bufef7ef=""
    itemscope=""
    itemtype="https://schema.org/CreativeWork"
    style="--sizes35: 35rem;"
  >
     
    <a
      data-astro-cid-jtxoc2go=""
      href="/undefined/"
      rel="permalink"
      style="--sizes025: 0.25rem;--sizes01875: 0.1875rem;"
    >
        
      <div
        data-astro-cid-jtxoc2go=""
        style="--sizes025: 0.25rem;--sizes01875: 0.1875rem;"
      >
         
        <h2
          data-astro-cid-k2kdrolm=""
          itemprop="headline"
          style="--h2FontFamily: &#34;Krana Fat&#34;, Trebuchet MS;--h2FontSize: 2.25rem;--h2FontWeight: 1000;--h2LineHeight: 2.5rem;--sizes1: 1rem;"
        >
           Test Article 
        </h2>
         
      </div>
       
    </a>
      
    <p
      data-astro-cid-ho6gvodc=""
      itemprop="description"
      style=";--bodyFontSize: 1.125rem;--bodyFontWeight: 400;--bodyLineHeight: 1.75rem;--marginBottom: 1rem;--marginTop: 0.25rem;"
    >
        
      <a
        data-astro-cid-76ftwowl=""
        href="/undefined/"
        rel="permalink"
        style="--colorsMoss: rgb(90, 94, 0);"
      >
         Lue lisää » 
      </a>
       
    </p>
     
  </article>
   
</li>
`;
