// Vitest Snapshot v1, https://vitest.dev/guide/snapshot.html

exports[`<Excerpt /> > should render 1`] = `
<li
  data-astro-cid-tmtughiq=""
>
   
  <article
    aria-label="Test Article"
    data-astro-cid-tmtughiq=""
    itemscope=""
    itemtype="https://schema.org/CreativeWork"
  >
     
    <a
      data-astro-cid-b4rtpqyh=""
      href="/undefined/"
      rel="permalink"
      style="--sizes025: 0.25rem;--sizes01875: 0.1875rem;"
    >
        
      <div
        data-astro-cid-b4rtpqyh=""
        style="--sizes025: 0.25rem;--sizes01875: 0.1875rem;"
      >
         
        <h2
          data-astro-cid-zdc3o45h=""
          itemprop="headline"
          style="--h2FontFamily: "Big Shoulders Display", Trebuchet MS;--h2FontSize: 2.25rem;--h2FontWeight: 900;--h2LineHeight: 1.2;"
        >
           Test Article 
        </h2>
         
      </div>
       
    </a>
      
    <p
      data-astro-cid-7zjb5n2t=""
      itemprop="description"
      style=";--bodyFontFamily: "IBM Plex Sans", Trebuchet MS;--bodyFontSize: 1.25rem;--bodyFontWeight: 400;--bodyLineHeight: 1.2;"
    >
        
    </p>
     
  </article>
   
</li>
`;
