// Jest Snapshot v1, https://goo.gl/fbAQLP

exports[`styles lib breakpoints should match snapshot 1`] = `
{
  "1200": {
    "max": "@media not all and (min-width: 1200px)",
    "min": "@media (min-width: 1200px)",
  },
}
`;

exports[`styles lib colors colors should match snapshot 1`] = `
{
  "black": "rgb(0, 0, 0)",
  "bluesky": "#0060df",
  "evening": "rgb(0, 98, 114)",
  "evening70": "rgba(0, 98, 114, 0.7)",
  "facebook": "#4267B2",
  "gray": "rgb(235, 235, 236)",
  "instagramGradient": "url(#instagram-gradient)",
  "linkedin": "#0E76A8",
  "moss": "rgb(90, 94, 0)",
  "peach": "rgb(248, 207, 169)",
  "sand": "rgb(214, 210, 196)",
  "threads": "rgb(0, 0, 0)",
  "transparent": "transparent",
  "white": "rgb(255, 255, 255)",
}
`;

exports[`styles lib fonts fontFamilies should match snapshot 1`] = `
{
  "heading": ""Krana Fat", Trebuchet MS",
  "mono": ""IBM Plex Mono", Lucida Sans Typewriter",
  "sans": ""IBM Plex Sans", Trebuchet MS",
}
`;

exports[`styles lib fonts fontSizes should match snapshot 1`] = `
{
  "1": {
    "fontSize": "1rem",
    "lineHeight": "1.5rem",
  },
  "1.125": {
    "fontSize": "1.125rem",
    "lineHeight": "1.75rem",
  },
  "1.25": {
    "fontSize": "1.25rem",
    "lineHeight": "1.75rem",
  },
  "1.5": {
    "fontSize": "1.5rem",
    "lineHeight": "2rem",
  },
  "1.75": {
    "fontSize": "1.75rem",
    "lineHeight": "2.25rem",
  },
  "2.25": {
    "fontSize": "2.25rem",
    "lineHeight": "2.5rem",
  },
  "3": {
    "fontSize": "3rem",
    "lineHeight": "1",
  },
  "3.75": {
    "fontSize": "3.75rem",
    "lineHeight": "1",
  },
  "5": {
    "fontSize": "5rem",
    "lineHeight": "1",
  },
  "6": {
    "fontSize": "6rem",
    "lineHeight": "1",
  },
}
`;

exports[`styles lib fonts fontWeights should match snapshot 1`] = `
{
  "black": 1000,
  "bold": 700,
  "normal": 400,
}
`;

exports[`styles lib grid variables gridAreas should match snapshot 1`] = `
{
  "footer": "footer",
  "main": "main",
}
`;

exports[`styles lib grid variables gridTemplateAreasLayout should match snapshot 1`] = `
"
    "main"
    "footer"
"
`;

exports[`styles lib grid variables gridTemplateColumns should match snapshot 1`] = `"repeat(1, minmax(0, 1fr))"`;

exports[`styles lib grid variables gridTemplateColumnsArticle should match snapshot 1`] = `"1fr 0.5rem min(calc(75rem - 1rem), calc(100% - 1.125rem)) 0.5rem 1fr"`;

exports[`styles lib grid variables gridTemplateRowsLayout should match snapshot 1`] = `"1fr 6rem"`;

exports[`styles lib spacing sizes should match snapshot 1`] = `
{
  "0": "0px",
  "0.25": "0.25rem",
  "0.5": "0.5rem",
  "0.875": "0.875rem",
  "1": "1rem",
  "1.125": "1.125rem",
  "1.25": "1.25rem",
  "1.5": "1.5rem",
  "1.75": "1.75rem",
  "2": "2rem",
  "2.25": "2.25rem",
  "2.5": "2.5rem",
  "24": "24rem",
  "3": "3rem",
  "3.5": "3.5rem",
  "3.75": "3.75rem",
  "35": "35rem",
  "37.5": "37.5rem",
  "4": "4rem",
  "4.5": "4.5rem",
  "45": "45rem",
  "5": "5rem",
  "6": "6rem",
  "75": "75rem",
  "8": "8rem",
  "9": "9rem",
}
`;

exports[`styles lib spacing zIndices should match snapshot 1`] = `
{
  "40": 40,
  "50": 50,
}
`;

exports[`styles lib transitions should match snapshot 1`] = `
{
  "base": {
    "transitionDuration": "150ms",
    "transitionProperty": "color, background-color, border-color, text-decoration-color, fill, stroke, opacity, box-shadow, transform, filter, backdrop-filter",
    "transitionTimingFunction": "cubic-bezier(0.4, 0, 0.2, 1)",
  },
}
`;
