// Vitest Snapshot v1, https://vitest.dev/guide/snapshot.html

exports[`<Button /> > should render 1`] = `
<a
  class="btn"
  data-astro-cid-ekguhzzh=""
  href="/fi/ohjelma/"
  style="--buttonFontFamily: "Big Shoulders Display", "Haettenschweiler", "Arial Narrow", sans-serif;--buttonFontSize: 21px;--buttonFontWeight: 800;--buttonLetterSpacing: 0.07em;--buttonLineHeight: 1.4;--colorsDarkGreen: #006845;--colorsDeepForest: rgb(22, 62, 53);--colorsLightSand: #E9E4D4;--colorsOffWhite: #F5F5F5;"
>
  Tutustu ohjelmaan
</a>
`;
