// Vitest Snapshot v1, https://vitest.dev/guide/snapshot.html

exports[`<CurriculumVitae /> > should render 1`] = `
<div
  data-astro-cid-r7cudfim=""
>
   
  <h2
    data-astro-cid-zdc3o45h=""
    style="--h2FontFamily: "Big Shoulders Display", Trebuchet MS;--h2FontSize: 2.25rem;--h2FontWeight: 900;--h2LineHeight: 1.2;"
  >
     Fiduciaries 
  </h2>
   
  <div
    data-astro-cid-xwk6limo=""
    style="--bodyFontFamily: "IBM Plex Sans", Trebuchet MS;--bodyFontSize: 1.25rem;--bodyFontWeight: 400;--bodyLineHeight: 1.5;--sizes1: 1rem;"
  >
     
    <ul
      data-astro-cid-7wdnm4ti=""
    >
        
    </ul>
     
  </div>
   
  <h2
    data-astro-cid-zdc3o45h=""
    style="--h2FontFamily: "Big Shoulders Display", Trebuchet MS;--h2FontSize: 2.25rem;--h2FontWeight: 900;--h2LineHeight: 1.2;"
  >
     Experience 
  </h2>
   
  <div
    data-astro-cid-xwk6limo=""
    style="--bodyFontFamily: "IBM Plex Sans", Trebuchet MS;--bodyFontSize: 1.25rem;--bodyFontWeight: 400;--bodyLineHeight: 1.5;--sizes1: 1rem;"
  >
     
    <ul
      data-astro-cid-7wdnm4ti=""
    >
        
    </ul>
     
  </div>
   
  <h2
    data-astro-cid-zdc3o45h=""
    style="--h2FontFamily: "Big Shoulders Display", Trebuchet MS;--h2FontSize: 2.25rem;--h2FontWeight: 900;--h2LineHeight: 1.2;"
  >
     Education 
  </h2>
   
  <div
    data-astro-cid-xwk6limo=""
    style="--bodyFontFamily: "IBM Plex Sans", Trebuchet MS;--bodyFontSize: 1.25rem;--bodyFontWeight: 400;--bodyLineHeight: 1.5;--sizes1: 1rem;"
  >
     
    <ul
      data-astro-cid-7wdnm4ti=""
    >
        
    </ul>
     
  </div>
   
</div>
`;
