// Vitest Snapshot v1, https://vitest.dev/guide/snapshot.html

exports[`<H2 /> > should render 1`] = `
<h2
  data-astro-cid-k2kdrolm=""
  style="--h2FontFamily: &#34;Krana Fat&#34;, Trebuchet MS;--h2FontSize: 2.25rem;--h2FontWeight: 1000;--h2LineHeight: 2.5rem;--sizes1: 1rem;"
>
   Mastodontti 
</h2>
`;
