// Jest Snapshot v1, https://jestjs.io/docs/snapshot-testing

exports[`<H2 /> should render 1`] = `
.c0 {
  font-size: 2.25rem;
  line-height: 2.5rem;
  font-family: "Krana Fat",Trebuchet MS;
  font-weight: 1000;
  grid-column-start: 3;
  margin-top: 1rem;
}

<h2
  class="c0"
  id="aakkoset-ja-lapset-leikkivat"
>
  Ääkköset ja Lapset Leikkivät
</h2>
`;
