// Jest Snapshot v1, https://goo.gl/fbAQLP

exports[`<H2 /> should render 1`] = `
.c0 {
  grid-column-start: 3;
  font-family: "IBM Plex Mono";
  font-weight: 700;
  font-size: 1.5rem;
  line-height: 2rem;
}

<h2
  class="c0"
  id="aakkoset-ja-lapset-leikkivat"
>
  Ääkköset ja Lapset Leikkivät
</h2>
`;
