// Jest Snapshot v1, https://jestjs.io/docs/snapshot-testing

exports[`<H3 /> should render 1`] = `
.c0 {
  font-size: 1.5rem;
  line-height: 2rem;
  font-family: "IBM Plex Sans",Trebuchet MS;
  font-weight: 500;
  grid-column-start: 3;
  margin-top: 1rem;
}

<h3
  class="c0"
  id="aakkoset-ja-lapset-leikkivat"
>
  Ääkköset ja Lapset Leikkivät
</h3>
`;
