// Jest Snapshot v1, https://goo.gl/fbAQLP

exports[`<H3 /> should render 1`] = `
.c0 {
  font-family: "IBM Plex Mono",Lucida Sans Typewriter;
  font-weight: 700;
  grid-column-start: 3;
  font-size: 1.5rem;
  line-height: 2rem;
}

<h3
  class="c0"
  id="aakkoset-ja-lapset-leikkivat"
>
  Ääkköset ja Lapset Leikkivät
</h3>
`;
