// Jest Snapshot v1, https://goo.gl/fbAQLP

exports[`<HomeTitle /> should render 1`] = `
<h1
  class="css-j0buno"
>
  <dl
    class="css-nqsfib"
  >
    <dt
      aria-label="Lauri Lavanti"
      class="css-1bf7e4w"
    >
      Lauri Lavanti
    </dt>
    <dd
      aria-label="Isä"
    >
      Isä
    </dd>
    <dd
      aria-label="Kirkkonummelainen"
    >
      Kirkkonummelainen
    </dd>
    <dd
      aria-label="Ohjelmistokehittäjä"
    >
      Ohjelmistokehittäjä
    </dd>
    <dd
      aria-label="Diplomi-insinööri"
    >
      Diplomi-insinööri
    </dd>
  </dl>
</h1>
`;
