// Jest Snapshot v1, https://goo.gl/fbAQLP

exports[`<InternalLink /> should render 1`] = `
.c0 {
  color: rgb(90, 94, 0);
  text-decoration: none;
  transition-property: color,background-color,border-color,text-decoration-color,fill,stroke,opacity,box-shadow,transform,filter,backdrop-filter;
  transition-timing-function: cubic-bezier(0.4, 0, 0.2, 1);
  transition-duration: 150ms;
}

.c0 :hover,
.c0 :active,
.c0 :focus {
  text-decoration: underline;
}

<a
  class="c0"
  href="/blogi"
>
  Linkki
</a>
`;
