// Vitest Snapshot v1, https://vitest.dev/guide/snapshot.html

exports[`<Link /> > should render 1`] = `
<a
  data-astro-cid-mbqdmgin=""
  data-astro-source-file="/home/lapanti/code/laurilavanti/src/components/Link.astro"
  data-astro-source-loc="19:42"
  href="/blogi/vuosi-2026-on-tekoalyn"
  rel=""
  style="--colorsMoss: rgb(90, 94, 0);--sizes0125: 0.125rem;"
>
   Vuosi 2026 on tekoälyn 
</a>
`;
