// Vitest Snapshot v1, https://vitest.dev/guide/snapshot.html

exports[`<LinkRule /> > should render 1`] = `
<a
  class="link-rule"
  data-astro-cid-gqnnfohh=""
  href="/fi/kirjoitukset/"
  style="--colorsDarkGreen: #006845;--colorsDeepForest: rgb(22, 62, 53);--linkRuleFontFamily: "Big Shoulders Display", "Haettenschweiler", "Arial Narrow", sans-serif;--linkRuleFontSize: 14px;--linkRuleFontWeight: 700;--linkRuleLetterSpacing: 0.12em;--linkRuleLineHeight: 1.68;"
>
  Kaikki kirjoitukset
</a>
`;
