// Jest Snapshot v1, https://jestjs.io/docs/snapshot-testing

exports[`<Paragraph /> should render 1`] = `
.c0 {
  font-size: 1.125rem;
  line-height: 1.75rem;
  font-family: "IBM Plex Sans",Trebuchet MS;
  font-weight: 400;
  margin-bottom: 1rem;
  margin-top: 1rem;
}

<p
  class="c0"
>
  Children
</p>
`;
