// Vitest Snapshot v1, https://vitest.dev/guide/snapshot.html

exports[`<Plate /> > should render 1`] = `
<section
  class="plate section"
  data-astro-cid-b3zjniq2=""
  style="--groundColor: #E9E4D4;"
>
   
  <div
    class="sheet"
    data-astro-cid-b3zjniq2=""
    style="--groundColor: #E9E4D4;"
  >
     
    <div
      class="inner"
      data-astro-cid-b3zjniq2=""
      style="--groundColor: #E9E4D4;"
    >
       Plate content 
    </div>
     
  </div>
   
</section>
`;
