// Vitest Snapshot v1, https://vitest.dev/guide/snapshot.html

exports[`<Plate /> > should render 1`] = `
<section
  class="plate section"
  data-astro-cid-b3zjniq2=""
  style="--colorsDeepForest: rgb(22, 62, 53);--displayFontFamily: "Big Shoulders Display", "Haettenschweiler", "Arial Narrow", sans-serif;--displayFontWeight: 900;--groundColor: #E9E4D4;"
>
   
  <div
    class="sheet"
    data-astro-cid-b3zjniq2=""
    style="--colorsDeepForest: rgb(22, 62, 53);--displayFontFamily: "Big Shoulders Display", "Haettenschweiler", "Arial Narrow", sans-serif;--displayFontWeight: 900;--groundColor: #E9E4D4;"
  >
     
    <div
      class="inner"
      data-astro-cid-b3zjniq2=""
      style="--colorsDeepForest: rgb(22, 62, 53);--displayFontFamily: "Big Shoulders Display", "Haettenschweiler", "Arial Narrow", sans-serif;--displayFontWeight: 900;--groundColor: #E9E4D4;"
    >
         Plate content 
    </div>
     
  </div>
   
</section>
`;
