// Jest Snapshot v1, https://goo.gl/fbAQLP

exports[`<PostMeta /> should render 1`] = `
<aside
  class="css-j7qwjs"
>
  <div
    class="css-96di1v"
  >
    <span
      class="css-1fuc7m2"
    >
      <svg
        class="css-79tm4e"
      >
        <use
          xlink:href="#icon-calendar-alt"
        />
      </svg>
      <time
        datetime="2022-3-16"
      >
        16.3.2022
      </time>
    </span>
  </div>
  <ul
    class="css-p58oka"
  >
    <li
      class="css-1rw86pq"
    >
      <a
        class="css-1oxnj2p"
        href="/kategoria/kirkkonummi"
      >
        #
        kirkkonummi
      </a>
    </li>
    <li
      class="css-1rw86pq"
    >
      <a
        class="css-1oxnj2p"
        href="/kategoria/aluevaalit"
      >
        #
        aluevaalit
      </a>
    </li>
    <li
      class="css-1rw86pq"
    >
      <a
        class="css-1oxnj2p"
        href="/kategoria/sote"
      >
        #
        sote
      </a>
    </li>
    <li
      class="css-1rw86pq"
    >
      <a
        class="css-1oxnj2p"
        href="/kategoria/kuntavaalit"
      >
        #
        kuntavaalit
      </a>
    </li>
  </ul>
</aside>
`;

exports[`<PostMeta /> should render multiple minutes 1`] = `
<aside
  class="css-j7qwjs"
>
  <div
    class="css-96di1v"
  >
    <span
      class="css-1fuc7m2"
    >
      <svg
        class="css-79tm4e"
      >
        <use
          xlink:href="#icon-calendar-alt"
        />
      </svg>
      <time
        datetime="2022-3-16"
      >
        16.3.2022
      </time>
    </span>
  </div>
  <ul
    class="css-p58oka"
  >
    <li
      class="css-1rw86pq"
    >
      <a
        class="css-1oxnj2p"
        href="/kategoria/kirkkonummi"
      >
        #
        kirkkonummi
      </a>
    </li>
    <li
      class="css-1rw86pq"
    >
      <a
        class="css-1oxnj2p"
        href="/kategoria/aluevaalit"
      >
        #
        aluevaalit
      </a>
    </li>
    <li
      class="css-1rw86pq"
    >
      <a
        class="css-1oxnj2p"
        href="/kategoria/sote"
      >
        #
        sote
      </a>
    </li>
    <li
      class="css-1rw86pq"
    >
      <a
        class="css-1oxnj2p"
        href="/kategoria/kuntavaalit"
      >
        #
        kuntavaalit
      </a>
    </li>
  </ul>
</aside>
`;
