// Vitest Snapshot v1, https://vitest.dev/guide/snapshot.html

exports[`SummaryBox > should render 1`] = `
<aside
  aria-label="Faktoja Laurista"
  data-astro-cid-h3haue3q=""
  style="--colorsGray: rgb(235, 235, 236);--sizes1: 1rem;"
>
   
  <h2
    data-astro-cid-k2kdrolm=""
    style="--h2FontFamily: "Krana Fat", Trebuchet MS;--h2FontSize: 2.25rem;--h2FontWeight: 1000;--h2LineHeight: 2.5rem;--sizes1: 1rem;"
  >
     Lauri lyhyesti 
  </h2>
   
  <ul
    data-astro-cid-aqp45yrh=""
  >
     
    <li
      data-astro-cid-7jajnglq=""
      style=";--bodyFontFamily: "IBM Plex Sans", Trebuchet MS;--bodyFontSize: 1.125rem;--bodyFontWeight: 400;--bodyLineHeight: 1.75rem;--colorsEvening: rgb(0, 98, 114);--sizes05: 0.5rem;--sizes125: 1.25rem;"
    >
       Joku testailee 
    </li>
    <li
      data-astro-cid-7jajnglq=""
      style=";--bodyFontFamily: "IBM Plex Sans", Trebuchet MS;--bodyFontSize: 1.125rem;--bodyFontWeight: 400;--bodyLineHeight: 1.75rem;--colorsEvening: rgb(0, 98, 114);--sizes05: 0.5rem;--sizes125: 1.25rem;"
    >
       More testing 
    </li>
    <li
      data-astro-cid-7jajnglq=""
      style=";--bodyFontFamily: "IBM Plex Sans", Trebuchet MS;--bodyFontSize: 1.125rem;--bodyFontWeight: 400;--bodyLineHeight: 1.75rem;--colorsEvening: rgb(0, 98, 114);--sizes05: 0.5rem;--sizes125: 1.25rem;"
    >
       Lauri on testaamassa 
    </li>
     
  </ul>
   
</aside>
`;
