// Vitest Snapshot v1, https://vitest.dev/guide/snapshot.html

exports[`<BlockQuote /> > should render 1`] = `
<blockquote
  data-astro-cid-rvc2gyq6=""
  data-astro-source-file="/home/lapanti/code/laurilavanti/src/components/body/BlockQuote.astro"
  data-astro-source-loc="30:13"
  style="--blockQuoteFontFamily: &#34;IBM Plex Mono&#34;, Lucida Sans Typewriter;--blockQuoteFontSize: 1.5rem;--blockQuoteFontStyle: italic;--blockQuoteFontWeight: 400;--blockQuoteLineHeight: 2rem;--colorsSand: rgb(214, 210, 196);--sizes05: 0.5rem;"
>
   Quote text 
</blockquote>
`;
