// Vitest Snapshot v1, https://vitest.dev/guide/snapshot.html

exports[`<CurriculumVitae /> > should render 1`] = `
<div
  class="container"
  data-astro-cid-63dhnsbf=""
  data-astro-source-file="/home/lapanti/code/laurilavanti/src/components/body/CurriculumVitae.astro"
  data-astro-source-loc="47:24"
  style="--bodyFontSize: 1.125rem;--bodyFontWeight: 400;--bodyLineHeight: 1.75rem;--sizes1: 1rem;"
>
   
  <h2
    data-astro-cid-k2kdrolm=""
    data-astro-source-file="/home/lapanti/code/laurilavanti/src/components/H2.astro"
    data-astro-source-loc="29:25"
    style="--h2FontFamily: &#34;Krana Fat&#34;, Trebuchet MS;--h2FontSize: 2.25rem;--h2FontWeight: 1000;--h2LineHeight: 2.5rem;--sizes1: 1rem;"
  >
      
  </h2>
   
  <div
    data-astro-cid-63dhnsbf=""
    data-astro-source-file="/home/lapanti/code/laurilavanti/src/components/body/CurriculumVitae.astro"
    data-astro-source-loc="49:10"
    style="--bodyFontSize: 1.125rem;--bodyFontWeight: 400;--bodyLineHeight: 1.75rem;--sizes1: 1rem;"
  >
     
    <ul
      data-astro-cid-aqp45yrh=""
      data-astro-source-file="/home/lapanti/code/laurilavanti/src/components/UL.astro"
      data-astro-source-loc="12:5"
    >
        
    </ul>
     
  </div>
   
  <h2
    data-astro-cid-k2kdrolm=""
    data-astro-source-file="/home/lapanti/code/laurilavanti/src/components/H2.astro"
    data-astro-source-loc="29:25"
    style="--h2FontFamily: &#34;Krana Fat&#34;, Trebuchet MS;--h2FontSize: 2.25rem;--h2FontWeight: 1000;--h2LineHeight: 2.5rem;--sizes1: 1rem;"
  >
      
  </h2>
   
  <div
    data-astro-cid-63dhnsbf=""
    data-astro-source-file="/home/lapanti/code/laurilavanti/src/components/body/CurriculumVitae.astro"
    data-astro-source-loc="66:10"
    style="--bodyFontSize: 1.125rem;--bodyFontWeight: 400;--bodyLineHeight: 1.75rem;--sizes1: 1rem;"
  >
     
    <ul
      data-astro-cid-aqp45yrh=""
      data-astro-source-file="/home/lapanti/code/laurilavanti/src/components/UL.astro"
      data-astro-source-loc="12:5"
    >
        
    </ul>
     
  </div>
   
  <h2
    data-astro-cid-k2kdrolm=""
    data-astro-source-file="/home/lapanti/code/laurilavanti/src/components/H2.astro"
    data-astro-source-loc="29:25"
    style="--h2FontFamily: &#34;Krana Fat&#34;, Trebuchet MS;--h2FontSize: 2.25rem;--h2FontWeight: 1000;--h2LineHeight: 2.5rem;--sizes1: 1rem;"
  >
      
  </h2>
   
  <div
    data-astro-cid-63dhnsbf=""
    data-astro-source-file="/home/lapanti/code/laurilavanti/src/components/body/CurriculumVitae.astro"
    data-astro-source-loc="83:10"
    style="--bodyFontSize: 1.125rem;--bodyFontWeight: 400;--bodyLineHeight: 1.75rem;--sizes1: 1rem;"
  >
     
    <ul
      data-astro-cid-aqp45yrh=""
      data-astro-source-file="/home/lapanti/code/laurilavanti/src/components/UL.astro"
      data-astro-source-loc="12:5"
    >
        
    </ul>
     
  </div>
   
</div>
`;
