// Vitest Snapshot v1, https://vitest.dev/guide/snapshot.html

exports[`<CurriculumVitae /> > should render 1`] = `
<div
  data-astro-cid-63dhnsbf=""
>
   
  <h2
    data-astro-cid-k2kdrolm=""
    style="--h2FontFamily: &#34;Krana Fat&#34;, Trebuchet MS;--h2FontSize: 2.25rem;--h2FontWeight: 1000;--h2LineHeight: 2.5rem;--sizes1: 1rem;"
  >
     Fiduciaries 
  </h2>
  <div
    data-astro-cid-tyzp6sit=""
    style="--bodyFontSize: 1.125rem;--bodyFontWeight: 400;--bodyLineHeight: 1.75rem;--sizes1: 1rem;"
  >
     
    <ul
      data-astro-cid-aqp45yrh=""
    >
        
    </ul>
     
  </div>
   
  <h2
    data-astro-cid-k2kdrolm=""
    style="--h2FontFamily: &#34;Krana Fat&#34;, Trebuchet MS;--h2FontSize: 2.25rem;--h2FontWeight: 1000;--h2LineHeight: 2.5rem;--sizes1: 1rem;"
  >
     Experience 
  </h2>
  <div
    data-astro-cid-tyzp6sit=""
    style="--bodyFontSize: 1.125rem;--bodyFontWeight: 400;--bodyLineHeight: 1.75rem;--sizes1: 1rem;"
  >
     
    <ul
      data-astro-cid-aqp45yrh=""
    >
        
    </ul>
     
  </div>
   
  <h2
    data-astro-cid-k2kdrolm=""
    style="--h2FontFamily: &#34;Krana Fat&#34;, Trebuchet MS;--h2FontSize: 2.25rem;--h2FontWeight: 1000;--h2LineHeight: 2.5rem;--sizes1: 1rem;"
  >
     Education 
  </h2>
  <div
    data-astro-cid-tyzp6sit=""
    style="--bodyFontSize: 1.125rem;--bodyFontWeight: 400;--bodyLineHeight: 1.75rem;--sizes1: 1rem;"
  >
     
    <ul
      data-astro-cid-aqp45yrh=""
    >
        
    </ul>
     
  </div>
   
</div>
`;
