// Vitest Snapshot v1, https://vitest.dev/guide/snapshot.html

exports[`<H3 /> > should render 1`] = `
<h3
  data-astro-cid-3va6lj73=""
  data-astro-source-file="/home/lapanti/code/laurilavanti/src/components/body/H3.astro"
  data-astro-source-loc="28:25"
  style="--h3FontSize: 1.5rem;--h3FontWeight: 500;--h3LineHeight: 2rem;--sizes1: 1rem;"
>
   Heading 
</h3>
`;
