// Vitest Snapshot v1, https://vitest.dev/guide/snapshot.html

exports[`<ImageWithCaption /> > should render 1`] = `
<figure
  aria-label="Test Caption"
  data-astro-cid-u75m2whm=""
  style="--additionalInfoFontFamily: &#34;IBM Plex Mono&#34;, Lucida Sans Typewriter;--additionalInfoFontSize: 1rem;--additionalInfoFontWeight: 400;--additionalInfoLineHeight: 1.5rem;--sizes05: 0.5rem;--sizes1: 1rem;"
>
  <img
    alt="Test image description"
    data-astro-cid-u75m2whm="true"
    decoding="async"
    loading="lazy"
    sizes="(min-width: 1200px) 1200px, 100vw"
    src="https://images.ctfassets.net/44t6u1r4zgqq/22zkTYrMQVwAfvrEW3WGeX/9d5c7c3e5e853a9dede1b5cc0e539486/Teko%C3%83_ly.jpg?w=1200&h=500&fit=fill"
    srcset="https://images.ctfassets.net/44t6u1r4zgqq/22zkTYrMQVwAfvrEW3WGeX/9d5c7c3e5e853a9dede1b5cc0e539486/Teko%C3%83_ly.jpg?w=640&h=267&fit=fill 640w,
https://images.ctfassets.net/44t6u1r4zgqq/22zkTYrMQVwAfvrEW3WGeX/9d5c7c3e5e853a9dede1b5cc0e539486/Teko%C3%83_ly.jpg?w=750&h=313&fit=fill 750w,
https://images.ctfassets.net/44t6u1r4zgqq/22zkTYrMQVwAfvrEW3WGeX/9d5c7c3e5e853a9dede1b5cc0e539486/Teko%C3%83_ly.jpg?w=828&h=345&fit=fill 828w,
https://images.ctfassets.net/44t6u1r4zgqq/22zkTYrMQVwAfvrEW3WGeX/9d5c7c3e5e853a9dede1b5cc0e539486/Teko%C3%83_ly.jpg?w=960&h=400&fit=fill 960w,
https://images.ctfassets.net/44t6u1r4zgqq/22zkTYrMQVwAfvrEW3WGeX/9d5c7c3e5e853a9dede1b5cc0e539486/Teko%C3%83_ly.jpg?w=1080&h=450&fit=fill 1080w,
https://images.ctfassets.net/44t6u1r4zgqq/22zkTYrMQVwAfvrEW3WGeX/9d5c7c3e5e853a9dede1b5cc0e539486/Teko%C3%83_ly.jpg?w=1200&h=500&fit=fill 1200w,
https://images.ctfassets.net/44t6u1r4zgqq/22zkTYrMQVwAfvrEW3WGeX/9d5c7c3e5e853a9dede1b5cc0e539486/Teko%C3%83_ly.jpg?w=1280&h=533&fit=fill 1280w,
https://images.ctfassets.net/44t6u1r4zgqq/22zkTYrMQVwAfvrEW3WGeX/9d5c7c3e5e853a9dede1b5cc0e539486/Teko%C3%83_ly.jpg?w=1668&h=695&fit=fill 1668w,
https://images.ctfassets.net/44t6u1r4zgqq/22zkTYrMQVwAfvrEW3WGeX/9d5c7c3e5e853a9dede1b5cc0e539486/Teko%C3%83_ly.jpg?w=1920&h=800&fit=fill 1920w,
https://images.ctfassets.net/44t6u1r4zgqq/22zkTYrMQVwAfvrEW3WGeX/9d5c7c3e5e853a9dede1b5cc0e539486/Teko%C3%83_ly.jpg?w=2048&h=853&fit=fill 2048w,
https://images.ctfassets.net/44t6u1r4zgqq/22zkTYrMQVwAfvrEW3WGeX/9d5c7c3e5e853a9dede1b5cc0e539486/Teko%C3%83_ly.jpg?w=2400&h=1000&fit=fill 2400w"
    style="object-fit:cover;background-image:url(data:image/bmp;base64,Qk32BAAAAAAAADYAAAAoAAAACAAAAAgAAAABABgAAAAAAMAAAAATCwAAEwsAAAAAAAAAAAAAAAAdDwAALgAAOR0iNTVYJTxsEzBdDAEkAA0rFggGNRAAPyorOT5kJ0V5FDhqFBIvABg2HhgYPSEARzY1P0lwKk6HF0F3Gx85AB87JSEfQywATUA9RVJ5L1aQHUh/ISc+BiM6KSYeRzQAUkhCSlh8NluTI02BIyw+DyQ0LCkZSTgAVU1GT118PF+RKU9+JC46FSMsLioQSjsAVlBHUV96QGCNLVB5JC41FiMpLyoLSjsAV1FHUmB5QmGLL1B3JC4z);background-size:cover;background-repeat:no-repeat;max-width:1200px;max-height:500px;aspect-ratio:2.4;width:100%"
  />
  <figcaption
    data-astro-cid-u75m2whm=""
    style="--additionalInfoFontFamily: &#34;IBM Plex Mono&#34;, Lucida Sans Typewriter;--additionalInfoFontSize: 1rem;--additionalInfoFontWeight: 400;--additionalInfoLineHeight: 1.5rem;--sizes05: 0.5rem;--sizes1: 1rem;"
  >
    Test Caption
  </figcaption>
</figure>
`;
