// Vitest Snapshot v1, https://vitest.dev/guide/snapshot.html

exports[`<H1 /> > should render 1`] = `
<h1
  data-astro-cid-dqoe6t4j=""
  data-astro-source-file="/home/lapanti/code/laurilavanti/src/components/titleBanner/title/H1.astro"
  data-astro-source-loc="20:6"
  style="--h1FontFamily: &#34;Krana Fat&#34;, Trebuchet MS;--h1FontSize: 3.75rem;--h1FontWeight: 1000;--h1LineHeight: 1;"
>
  Test Title
</h1>
`;
