// Vitest Snapshot v1, https://vitest.dev/guide/snapshot.html

exports[`<DesktopMenu /> > should render 1`] = `
<div
  class="container"
  data-astro-cid-3xajtrza=""
  style="--contentPadding: 0.5rem;--contentSize: 75rem;--sizes25: 2.5rem;"
>
   
  <div
    data-astro-cid-3xajtrza=""
    style="--contentPadding: 0.5rem;--contentSize: 75rem;--sizes25: 2.5rem;"
  >
     
    <a
      aria-current="page"
      data-astro-cid-kpdrc2u3=""
      href="/"
      style="--colorsPeach: rgb(248, 207, 169);--h1FontFamily: &#34;Krana Fat&#34;, Trebuchet MS;--h1FontSize: 1.75rem;--h1FontWeight: 1000;--h1LineHeight: 2.25rem;--sizes01875: 0.1875rem;"
    >
      Lauri Lavanti
    </a>
     
  </div>
   
  <div
    data-astro-cid-3xajtrza=""
    style="--contentPadding: 0.5rem;--contentSize: 75rem;--sizes25: 2.5rem;"
  >
     
    <a
      aria-current="false"
      aria-label="Minusta"
      data-astro-cid-qwsiyuss=""
      href="/minusta/"
      style="--bodyFontSize: 1.5rem;--bodyFontWeight: 400;--bodyLineHeight: 2rem;--colorsPeach: rgb(248, 207, 169);--sizes01875: 0.1875rem;"
    >
      Laurista 
    </a>
    <a
      aria-current="false"
      aria-label="Blogi"
      data-astro-cid-qwsiyuss=""
      href="/blogi/"
      style="--bodyFontSize: 1.5rem;--bodyFontWeight: 400;--bodyLineHeight: 2rem;--colorsPeach: rgb(248, 207, 169);--sizes01875: 0.1875rem;"
    >
      Blogi 
    </a>
     
  </div>
   
</div>
`;
