// Vitest Snapshot v1, https://vitest.dev/guide/snapshot.html

exports[`<MobileMenu /> > should render 1`] = `
<div
  class="container"
  data-astro-cid-nsf3oqw4=""
  data-astro-source-file="/home/lapanti/code/laurilavanti/src/components/header/MobileMenu.astro"
  data-astro-source-loc="160:24"
  style="--colorsEvening: rgb(0, 98, 114);--colorsPeach: rgb(248, 207, 169);--contentPadding: 0.5rem;--contentSize: 75rem;--headerSize: 3.75rem;--sizes05: 0.5rem;--sizes025: 0.25rem;--sizes3: 3rem;--sizes25: 2.5rem;"
>
   
  <div
    data-astro-cid-nsf3oqw4=""
    data-astro-source-file="/home/lapanti/code/laurilavanti/src/components/header/MobileMenu.astro"
    data-astro-source-loc="161:10"
    style="--colorsEvening: rgb(0, 98, 114);--colorsPeach: rgb(248, 207, 169);--contentPadding: 0.5rem;--contentSize: 75rem;--headerSize: 3.75rem;--sizes05: 0.5rem;--sizes025: 0.25rem;--sizes3: 3rem;--sizes25: 2.5rem;"
  >
     
    <a
      aria-current="page"
      data-astro-cid-kpdrc2u3=""
      data-astro-source-file="/home/lapanti/code/laurilavanti/src/components/header/components/MainNavigationLink.astro"
      data-astro-source-loc="50:112"
      href="/"
      style="--colorsPeach: rgb(248, 207, 169);--h1FontFamily: &#34;Krana Fat&#34;, Trebuchet MS;--h1FontSize: 1.75rem;--h1FontWeight: 1000;--h1LineHeight: 2.25rem;--sizes01875: 0.1875rem;"
      title="Lauri Lavanti"
    >
      
Lauri Lavanti

    </a>
     
  </div>
   
  <div
    data-astro-cid-nsf3oqw4=""
    data-astro-source-file="/home/lapanti/code/laurilavanti/src/components/header/MobileMenu.astro"
    data-astro-source-loc="164:10"
    style="--colorsEvening: rgb(0, 98, 114);--colorsPeach: rgb(248, 207, 169);--contentPadding: 0.5rem;--contentSize: 75rem;--headerSize: 3.75rem;--sizes05: 0.5rem;--sizes025: 0.25rem;--sizes3: 3rem;--sizes25: 2.5rem;"
  >
     
    <input
      data-astro-cid-nsf3oqw4=""
      data-astro-source-file="/home/lapanti/code/laurilavanti/src/components/header/MobileMenu.astro"
      data-astro-source-loc="165:10"
      id="mobile-hamburger"
      name=""
      style="--colorsEvening: rgb(0, 98, 114);--colorsPeach: rgb(248, 207, 169);--contentPadding: 0.5rem;--contentSize: 75rem;--headerSize: 3.75rem;--sizes05: 0.5rem;--sizes025: 0.25rem;--sizes3: 3rem;--sizes25: 2.5rem;"
      type="checkbox"
    />
     
    <div
      class="hamburger-lines-container"
      data-astro-cid-nsf3oqw4=""
      data-astro-source-file="/home/lapanti/code/laurilavanti/src/components/header/MobileMenu.astro"
      data-astro-source-loc="166:48"
      style="--colorsEvening: rgb(0, 98, 114);--colorsPeach: rgb(248, 207, 169);--contentPadding: 0.5rem;--contentSize: 75rem;--headerSize: 3.75rem;--sizes05: 0.5rem;--sizes025: 0.25rem;--sizes3: 3rem;--sizes25: 2.5rem;"
    >
       
      <span
        class="line1"
        data-astro-cid-nsf3oqw4=""
        data-astro-source-file="/home/lapanti/code/laurilavanti/src/components/header/MobileMenu.astro"
        data-astro-source-loc="167:14"
        style="--colorsEvening: rgb(0, 98, 114);--colorsPeach: rgb(248, 207, 169);--contentPadding: 0.5rem;--contentSize: 75rem;--headerSize: 3.75rem;--sizes05: 0.5rem;--sizes025: 0.25rem;--sizes3: 3rem;--sizes25: 2.5rem;"
      />
       
      <span
        class="line2"
        data-astro-cid-nsf3oqw4=""
        data-astro-source-file="/home/lapanti/code/laurilavanti/src/components/header/MobileMenu.astro"
        data-astro-source-loc="168:14"
        style="--colorsEvening: rgb(0, 98, 114);--colorsPeach: rgb(248, 207, 169);--contentPadding: 0.5rem;--contentSize: 75rem;--headerSize: 3.75rem;--sizes05: 0.5rem;--sizes025: 0.25rem;--sizes3: 3rem;--sizes25: 2.5rem;"
      />
       
      <span
        class="line3"
        data-astro-cid-nsf3oqw4=""
        data-astro-source-file="/home/lapanti/code/laurilavanti/src/components/header/MobileMenu.astro"
        data-astro-source-loc="169:14"
        style="--colorsEvening: rgb(0, 98, 114);--colorsPeach: rgb(248, 207, 169);--contentPadding: 0.5rem;--contentSize: 75rem;--headerSize: 3.75rem;--sizes05: 0.5rem;--sizes025: 0.25rem;--sizes3: 3rem;--sizes25: 2.5rem;"
      />
       
    </div>
     
    <div
      class="links"
      data-astro-cid-nsf3oqw4=""
      data-astro-source-file="/home/lapanti/code/laurilavanti/src/components/header/MobileMenu.astro"
      data-astro-source-loc="171:28"
      style="--colorsEvening: rgb(0, 98, 114);--colorsPeach: rgb(248, 207, 169);--contentPadding: 0.5rem;--contentSize: 75rem;--headerSize: 3.75rem;--sizes05: 0.5rem;--sizes025: 0.25rem;--sizes3: 3rem;--sizes25: 2.5rem;"
    >
       
      <a
        aria-current="false"
        data-astro-cid-qwsiyuss=""
        data-astro-source-file="/home/lapanti/code/laurilavanti/src/components/header/components/NavigationLink.astro"
        data-astro-source-loc="62:6"
        href="/minusta/"
        style="--bodyFontSize: 1.5rem;--bodyFontWeight: 400;--bodyLineHeight: 2rem;--colorsPeach: rgb(248, 207, 169);--sizes01875: 0.1875rem;"
        title="Minusta"
      >
        Laurista 
      </a>
      <a
        aria-current="false"
        data-astro-cid-qwsiyuss=""
        data-astro-source-file="/home/lapanti/code/laurilavanti/src/components/header/components/NavigationLink.astro"
        data-astro-source-loc="62:6"
        href="/blogi/"
        style="--bodyFontSize: 1.5rem;--bodyFontWeight: 400;--bodyLineHeight: 2rem;--colorsPeach: rgb(248, 207, 169);--sizes01875: 0.1875rem;"
        title="Blogi"
      >
        Blogi 
      </a>
       
    </div>
     
  </div>
   
</div>
`;
