// Vitest Snapshot v1, https://vitest.dev/guide/snapshot.html

exports[`<MobileMenu /> > should render 1`] = `
<div
  class="container"
  data-astro-cid-nsf3oqw4=""
  style="--colorsForestGreen: rgb(22, 62, 53);--colorsPeach: rgb(248, 207, 169);--contentPadding: 0.5rem;--contentSize: 75rem;--headerSize: 3.75rem;--sizes05: 0.5rem;--sizes025: 0.25rem;--sizes3: 3rem;--sizes25: 2.5rem;"
>
   
  <div
    data-astro-cid-nsf3oqw4=""
    style="--colorsForestGreen: rgb(22, 62, 53);--colorsPeach: rgb(248, 207, 169);--contentPadding: 0.5rem;--contentSize: 75rem;--headerSize: 3.75rem;--sizes05: 0.5rem;--sizes025: 0.25rem;--sizes3: 3rem;--sizes25: 2.5rem;"
  >
     
    <a
      aria-current="false"
      data-astro-cid-kpdrc2u3=""
      href="/fi/"
      style="--colorsWhite: rgb(255, 255, 255);--sizes01875: 0.1875rem;"
    >
       
      <span
        class="name-logo"
        data-astro-cid-aelfrx6r=""
        style="--colorsWhite: rgb(255, 255, 255);--fontFamily: "Big Shoulders Display", Trebuchet MS;--fontSize: 1.5rem;--fontWeight: 900;--lineHeight: 1.2;"
      >
        <span
          data-astro-cid-aelfrx6r=""
          style="--colorsWhite: rgb(255, 255, 255);--fontFamily: "Big Shoulders Display", Trebuchet MS;--fontSize: 1.5rem;--fontWeight: 900;--lineHeight: 1.2;"
        >
          Lauri
        </span>
         
        <span
          data-astro-cid-aelfrx6r=""
          style="--colorsWhite: rgb(255, 255, 255);--fontFamily: "Big Shoulders Display", Trebuchet MS;--fontSize: 1.5rem;--fontWeight: 900;--lineHeight: 1.2;"
        >
          Lavanti
        </span>
      </span>
       
    </a>
     
  </div>
   
  <div
    data-astro-cid-nsf3oqw4=""
    style="--colorsForestGreen: rgb(22, 62, 53);--colorsPeach: rgb(248, 207, 169);--contentPadding: 0.5rem;--contentSize: 75rem;--headerSize: 3.75rem;--sizes05: 0.5rem;--sizes025: 0.25rem;--sizes3: 3rem;--sizes25: 2.5rem;"
  >
     
    <input
      aria-label="Avaa valikko. Sulje valikko kun valittu."
      data-astro-cid-nsf3oqw4=""
      name=""
      style="--colorsForestGreen: rgb(22, 62, 53);--colorsPeach: rgb(248, 207, 169);--contentPadding: 0.5rem;--contentSize: 75rem;--headerSize: 3.75rem;--sizes05: 0.5rem;--sizes025: 0.25rem;--sizes3: 3rem;--sizes25: 2.5rem;"
      type="checkbox"
    />
     
    <div
      class="hamburger-lines-container"
      data-astro-cid-nsf3oqw4=""
      style="--colorsForestGreen: rgb(22, 62, 53);--colorsPeach: rgb(248, 207, 169);--contentPadding: 0.5rem;--contentSize: 75rem;--headerSize: 3.75rem;--sizes05: 0.5rem;--sizes025: 0.25rem;--sizes3: 3rem;--sizes25: 2.5rem;"
    >
       
      <span
        class="line1"
        data-astro-cid-nsf3oqw4=""
        style="--colorsForestGreen: rgb(22, 62, 53);--colorsPeach: rgb(248, 207, 169);--contentPadding: 0.5rem;--contentSize: 75rem;--headerSize: 3.75rem;--sizes05: 0.5rem;--sizes025: 0.25rem;--sizes3: 3rem;--sizes25: 2.5rem;"
      />
       
      <span
        class="line2"
        data-astro-cid-nsf3oqw4=""
        style="--colorsForestGreen: rgb(22, 62, 53);--colorsPeach: rgb(248, 207, 169);--contentPadding: 0.5rem;--contentSize: 75rem;--headerSize: 3.75rem;--sizes05: 0.5rem;--sizes025: 0.25rem;--sizes3: 3rem;--sizes25: 2.5rem;"
      />
       
      <span
        class="line3"
        data-astro-cid-nsf3oqw4=""
        style="--colorsForestGreen: rgb(22, 62, 53);--colorsPeach: rgb(248, 207, 169);--contentPadding: 0.5rem;--contentSize: 75rem;--headerSize: 3.75rem;--sizes05: 0.5rem;--sizes025: 0.25rem;--sizes3: 3rem;--sizes25: 2.5rem;"
      />
       
    </div>
     
    <div
      class="links"
      data-astro-cid-nsf3oqw4=""
      style="--colorsForestGreen: rgb(22, 62, 53);--colorsPeach: rgb(248, 207, 169);--contentPadding: 0.5rem;--contentSize: 75rem;--headerSize: 3.75rem;--sizes05: 0.5rem;--sizes025: 0.25rem;--sizes3: 3rem;--sizes25: 2.5rem;"
    >
       
      <a
        aria-current="false"
        data-astro-cid-qwsiyuss=""
        href="/fi/about/"
        style="min-height:2.75rem;min-width:2.75rem;--bodyFontFamily: "IBM Plex Sans", Trebuchet MS;--bodyFontSize: 1.5rem;--bodyFontWeight: 400;--bodyLineHeight: 1.2;--colorsWhite: rgb(255, 255, 255);--sizes01875: 0.1875rem;"
      >
         Laurista 
      </a>
      <a
        aria-current="false"
        data-astro-cid-qwsiyuss=""
        href="/fi/blog/"
        style="min-height:2.75rem;min-width:2.75rem;--bodyFontFamily: "IBM Plex Sans", Trebuchet MS;--bodyFontSize: 1.5rem;--bodyFontWeight: 400;--bodyLineHeight: 1.2;--colorsWhite: rgb(255, 255, 255);--sizes01875: 0.1875rem;"
      >
         Blogi 
      </a>
       
    </div>
     
  </div>
   
</div>
`;
