// Vitest Snapshot v1, https://vitest.dev/guide/snapshot.html

exports[`<SkipLinks /> > should render 1`] = `
<div>
  <a
    data-astro-cid-3wkywn4s=""
    href="#main"
    style="--colorsWhite: rgb(255, 255, 255);--rem05: 0.5rem;--zIndices100: 100;"
  >
    Siirry pääsisältöön ➡
  </a>
   
  <a
    data-astro-cid-3wkywn4s=""
    href="#footer"
    style="--colorsWhite: rgb(255, 255, 255);--rem05: 0.5rem;--zIndices100: 100;"
  >
    Siirry alatunnisteeseen ➡
  </a>
</div>
`;
