// Jest Snapshot v1, https://goo.gl/fbAQLP

exports[`<ContactInfo /> should render 1`] = `
.emotion-0 {
  grid-column-start: 3;
  margin-top: 1rem;
}

.emotion-1 {
  display: -webkit-box;
  display: -webkit-flex;
  display: -ms-flexbox;
  display: flex;
  -webkit-flex-direction: row;
  -ms-flex-direction: row;
  flex-direction: row;
  -webkit-align-items: center;
  -webkit-box-align: center;
  -ms-flex-align: center;
  align-items: center;
}

.emotion-2 {
  margin-right: 0.5rem;
  height: 1rem;
  width: 1rem;
}

.emotion-4 {
  font-size: 1rem;
  line-height: 1.5rem;
  --tw-text-opacity: 1;
  color: rgb(90 94 0 / var(--tw-text-opacity));
  text-decoration-line: none;
  display: -webkit-box;
  display: -webkit-flex;
  display: -ms-flexbox;
  display: flex;
  -webkit-flex-direction: row;
  -ms-flex-direction: row;
  flex-direction: row;
  -webkit-align-items: center;
  -webkit-box-align: center;
  -ms-flex-align: center;
  align-items: center;
}

.emotion-4:hover {
  text-decoration-line: underline;
}

.emotion-4:active {
  text-decoration-line: underline;
}

.emotion-5 {
  margin-right: 0.5rem;
  height: 1rem;
  width: 1rem;
  fill: #4267B2;
}

.emotion-8 {
  margin-right: 0.5rem;
  height: 1rem;
  width: 1rem;
  fill: #1DA1F2;
}

.emotion-11 {
  margin-right: 0.5rem;
  height: 1rem;
  width: 1rem;
  fill: url(#instagram-gradient);
}

.emotion-14 {
  margin-right: 0.5rem;
  height: 1rem;
  width: 1rem;
  fill: #0E76A8;
}

.emotion-17 {
  margin-right: 0.5rem;
  height: 1rem;
  width: 1rem;
  fill: #6363ff;
}

<ul
  class="emotion-0"
>
  <li
    class="emotion-1"
  >
    <svg
      class="emotion-2"
    >
      <use
        xlink:href="#icon-envelope"
      />
    </svg>
    <span>
      lauri.lavanti@kirkkonummi.fi
    </span>
  </li>
  <li
    class="emotion-1"
  >
    <a
      class="emotion-4"
      href="https://www.facebook.com/laurilavanti"
      rel="me noopener noreferrer"
      target="_blank"
    >
      <svg
        class="emotion-5"
      >
        <use
          xlink:href="#icon-facebook"
        />
      </svg>
      <span>
        Facebook
      </span>
    </a>
  </li>
  <li
    class="emotion-1"
  >
    <a
      class="emotion-4"
      href="https://twitter.com/laurilavanti"
      rel="me noopener noreferrer"
      target="_blank"
    >
      <svg
        class="emotion-8"
      >
        <use
          xlink:href="#icon-twitter"
        />
      </svg>
      <span>
        Twitter
      </span>
    </a>
  </li>
  <li
    class="emotion-1"
  >
    <a
      class="emotion-4"
      href="https://www.instagram.com/laurilavanti/"
      rel="me noopener noreferrer"
      target="_blank"
    >
      <svg
        class="emotion-11"
      >
        <use
          xlink:href="#icon-instagram"
        />
      </svg>
      <span>
        Instagram
      </span>
    </a>
  </li>
  <li
    class="emotion-1"
  >
    <a
      class="emotion-4"
      href="https://www.linkedin.com/in/lapanti"
      rel="me noopener noreferrer"
      target="_blank"
    >
      <svg
        class="emotion-14"
      >
        <use
          xlink:href="#icon-linkedin"
        />
      </svg>
      <span>
        LinkedIn
      </span>
    </a>
  </li>
  <li
    class="emotion-1"
  >
    <a
      class="emotion-4"
      href="https://mastodontti.fi/@laurilavanti"
      rel="me noopener noreferrer"
      target="_blank"
    >
      <svg
        class="emotion-17"
      >
        <use
          xlink:href="#icon-mastodon"
        />
      </svg>
      <span>
        Mastodon
      </span>
    </a>
  </li>
</ul>
`;
