// Jest Snapshot v1, https://goo.gl/fbAQLP

exports[`<ContactInfo /> should render 1`] = `
.emotion-0 {
  grid-column-start: 3;
  margin-top: 1rem;
}

.emotion-1 {
  display: -webkit-box;
  display: -webkit-flex;
  display: -ms-flexbox;
  display: flex;
  -webkit-flex-direction: row;
  -ms-flex-direction: row;
  flex-direction: row;
  -webkit-align-items: center;
  -webkit-box-align: center;
  -ms-flex-align: center;
  align-items: center;
}

.emotion-2 {
  width: 1rem;
  height: 1rem;
  margin-right: 0.5rem;
  fill: currentColor;
}

.emotion-4 {
  --tw-text-opacity: 1;
  color: rgba(72, 127, 109, var(--tw-text-opacity));
  -webkit-text-decoration: none;
  text-decoration: none;
  font-size: 1rem;
  line-height: 1.5rem;
  display: -webkit-box;
  display: -webkit-flex;
  display: -ms-flexbox;
  display: flex;
  -webkit-flex-direction: row;
  -ms-flex-direction: row;
  flex-direction: row;
  -webkit-align-items: center;
  -webkit-box-align: center;
  -ms-flex-align: center;
  align-items: center;
}

.emotion-4:hover {
  -webkit-text-decoration: underline;
  text-decoration: underline;
}

.emotion-4:active {
  -webkit-text-decoration: underline;
  text-decoration: underline;
}

.emotion-5 {
  width: 1rem;
  height: 1rem;
  margin-right: 0.5rem;
  fill: currentColor;
  --tw-text-opacity: 1;
  color: rgba(66, 103, 178, var(--tw-text-opacity));
}

.emotion-8 {
  width: 1rem;
  height: 1rem;
  margin-right: 0.5rem;
  fill: currentColor;
  --tw-text-opacity: 1;
  color: rgba(29, 161, 242, var(--tw-text-opacity));
}

.emotion-11 {
  width: 1rem;
  height: 1rem;
  margin-right: 0.5rem;
  fill: currentColor;
  --tw-text-opacity: 1;
  color: rgba(14, 118, 168, var(--tw-text-opacity));
}

<ul
  class="emotion-0"
>
  <li
    class="emotion-1"
  >
    <svg
      class="emotion-2"
    >
      <use
        xlink:href="#icon-envelope"
      />
    </svg>
    <span>
      lauri.lavanti@kirkkonummi.fi
    </span>
  </li>
  <li
    class="emotion-1"
  >
    <a
      class="emotion-4"
      href="https://www.facebook.com/laurilavanti"
      rel="noopener noreferrer"
      target="_blank"
    >
      <svg
        class="emotion-5"
      >
        <use
          xlink:href="#icon-facebook"
        />
      </svg>
      <span>
        Facebook
      </span>
    </a>
  </li>
  <li
    class="emotion-1"
  >
    <a
      class="emotion-4"
      href="https://twitter.com/laurilavanti"
      rel="noopener noreferrer"
      target="_blank"
    >
      <svg
        class="emotion-8"
      >
        <use
          xlink:href="#icon-twitter"
        />
      </svg>
      <span>
        Twitter
      </span>
    </a>
  </li>
  <li
    class="emotion-1"
  >
    <a
      class="emotion-4"
      href="https://www.linkedin.com/in/lapanti"
      rel="noopener noreferrer"
      target="_blank"
    >
      <svg
        class="emotion-11"
      >
        <use
          xlink:href="#icon-linkedin"
        />
      </svg>
      <span>
        LinkedIn
      </span>
    </a>
  </li>
</ul>
`;
