// Jest Snapshot v1, https://goo.gl/fbAQLP

exports[`<Footer /> should render 1`] = `
.emotion-0 {
  grid-area: footer;
  --tw-bg-opacity: 1;
  background-color: rgba(4, 90, 28, var(--tw-bg-opacity));
  --tw-text-opacity: 1;
  color: rgba(255, 255, 255, var(--tw-text-opacity));
  display: -webkit-box;
  display: -webkit-flex;
  display: -ms-flexbox;
  display: flex;
  -webkit-flex-direction: column;
  -ms-flex-direction: column;
  flex-direction: column;
  -webkit-align-items: center;
  -webkit-box-align: center;
  -ms-flex-align: center;
  align-items: center;
  -webkit-box-pack: center;
  -ms-flex-pack: center;
  -webkit-justify-content: center;
  justify-content: center;
  height: 100%;
}

.emotion-1 {
  display: -webkit-box;
  display: -webkit-flex;
  display: -ms-flexbox;
  display: flex;
  -webkit-flex-direction: row;
  -ms-flex-direction: row;
  flex-direction: row;
  -webkit-align-items: center;
  -webkit-box-align: center;
  -ms-flex-align: center;
  align-items: center;
  -webkit-box-pack: center;
  -ms-flex-pack: center;
  -webkit-justify-content: center;
  justify-content: center;
}

.emotion-2 {
  padding: 1.125rem;
}

.emotion-3 {
  transition-property: background-color,border-color,color,fill,stroke,opacity,box-shadow,transform,filter,backdrop-filter;
  transition-timing-function: cubic-bezier(0.4, 0, 0.2, 1);
  transition-duration: 150ms;
  fill: currentColor;
  --tw-text-opacity: 1;
  color: rgba(227, 227, 227, var(--tw-text-opacity));
  height: 2.25rem;
  width: 2.25rem;
}

.emotion-3:hover {
  --tw-text-opacity: 1;
  color: rgba(66, 103, 178, var(--tw-text-opacity));
}

.emotion-3:focus {
  --tw-text-opacity: 1;
  color: rgba(66, 103, 178, var(--tw-text-opacity));
}

.emotion-5 {
  transition-property: background-color,border-color,color,fill,stroke,opacity,box-shadow,transform,filter,backdrop-filter;
  transition-timing-function: cubic-bezier(0.4, 0, 0.2, 1);
  transition-duration: 150ms;
  fill: currentColor;
  --tw-text-opacity: 1;
  color: rgba(227, 227, 227, var(--tw-text-opacity));
  height: 2.25rem;
  width: 2.25rem;
}

.emotion-5:hover {
  --tw-text-opacity: 1;
  color: rgba(29, 161, 242, var(--tw-text-opacity));
}

.emotion-5:focus {
  --tw-text-opacity: 1;
  color: rgba(29, 161, 242, var(--tw-text-opacity));
}

.emotion-7 {
  transition-property: background-color,border-color,color,fill,stroke,opacity,box-shadow,transform,filter,backdrop-filter;
  transition-timing-function: cubic-bezier(0.4, 0, 0.2, 1);
  transition-duration: 150ms;
  fill: currentColor;
  --tw-text-opacity: 1;
  color: rgba(227, 227, 227, var(--tw-text-opacity));
  height: 2.25rem;
  width: 2.25rem;
}

.emotion-7:hover {
  --tw-text-opacity: 1;
  color: rgba(14, 118, 168, var(--tw-text-opacity));
}

.emotion-7:focus {
  --tw-text-opacity: 1;
  color: rgba(14, 118, 168, var(--tw-text-opacity));
}

<footer
  class="emotion-0"
>
  <ul
    class="emotion-1"
  >
    <li
      class="emotion-2"
    >
      <a
        href="https://www.facebook.com/laurilavanti"
        rel="noopener noreferrer"
        target="_blank"
        title="Facebook"
      >
        <svg
          class="emotion-3"
        >
          <use
            xlink:href="#icon-facebook"
          />
        </svg>
      </a>
    </li>
    <li
      class="emotion-2"
    >
      <a
        href="https://twitter.com/laurilavanti"
        rel="noopener noreferrer"
        target="_blank"
        title="Twitter"
      >
        <svg
          class="emotion-5"
        >
          <use
            xlink:href="#icon-twitter"
          />
        </svg>
      </a>
    </li>
    <li
      class="emotion-2"
    >
      <a
        href="https://www.linkedin.com/in/lapanti"
        rel="noopener noreferrer"
        target="_blank"
        title="LinkedIn"
      >
        <svg
          class="emotion-7"
        >
          <use
            xlink:href="#icon-linkedin"
          />
        </svg>
      </a>
    </li>
  </ul>
</footer>
`;
