// Jest Snapshot v1, https://goo.gl/fbAQLP

exports[`<Footer /> should render 1`] = `
.emotion-0 {
  display: -webkit-box;
  display: -webkit-flex;
  display: -ms-flexbox;
  display: flex;
  height: 100%;
  -webkit-flex-direction: column;
  -ms-flex-direction: column;
  flex-direction: column;
  -webkit-align-items: center;
  -webkit-box-align: center;
  -ms-flex-align: center;
  align-items: center;
  -webkit-box-pack: center;
  -ms-flex-pack: center;
  -webkit-justify-content: center;
  justify-content: center;
  --tw-bg-opacity: 1;
  background-color: rgb(40 71 52 / var(--tw-bg-opacity));
  --tw-text-opacity: 1;
  color: rgb(255 255 255 / var(--tw-text-opacity));
  grid-area: footer;
}

.emotion-1 {
  display: -webkit-box;
  display: -webkit-flex;
  display: -ms-flexbox;
  display: flex;
  -webkit-flex-direction: row;
  -ms-flex-direction: row;
  flex-direction: row;
  -webkit-align-items: center;
  -webkit-box-align: center;
  -ms-flex-align: center;
  align-items: center;
  -webkit-box-pack: center;
  -ms-flex-pack: center;
  -webkit-justify-content: center;
  justify-content: center;
  gap: 1.5rem;
}

.emotion-2 {
  padding: 0px;
}

.emotion-3 {
  display: -webkit-box;
  display: -webkit-flex;
  display: -ms-flexbox;
  display: flex;
  height: 100%;
  -webkit-align-items: center;
  -webkit-box-align: center;
  -ms-flex-align: center;
  align-items: center;
  -webkit-box-pack: center;
  -ms-flex-pack: center;
  -webkit-justify-content: center;
  justify-content: center;
}

.emotion-4 {
  height: 2.25rem;
  width: 2.25rem;
  --tw-text-opacity: 1;
  color: rgb(235 235 236 / var(--tw-text-opacity));
  transition-property: color,background-color,border-color,text-decoration-color,fill,stroke,opacity,box-shadow,transform,filter,backdrop-filter;
  transition-timing-function: cubic-bezier(0.4, 0, 0.2, 1);
  transition-duration: 150ms;
}

.emotion-4:hover {
  fill: #4267B2;
}

.emotion-4:focus {
  fill: #4267B2;
}

.emotion-7 {
  height: 2.25rem;
  width: 2.25rem;
  --tw-text-opacity: 1;
  color: rgb(235 235 236 / var(--tw-text-opacity));
  transition-property: color,background-color,border-color,text-decoration-color,fill,stroke,opacity,box-shadow,transform,filter,backdrop-filter;
  transition-timing-function: cubic-bezier(0.4, 0, 0.2, 1);
  transition-duration: 150ms;
}

.emotion-7:hover {
  fill: #1DA1F2;
}

.emotion-7:focus {
  fill: #1DA1F2;
}

.emotion-10 {
  height: 2.25rem;
  width: 2.25rem;
  --tw-text-opacity: 1;
  color: rgb(235 235 236 / var(--tw-text-opacity));
  transition-property: color,background-color,border-color,text-decoration-color,fill,stroke,opacity,box-shadow,transform,filter,backdrop-filter;
  transition-timing-function: cubic-bezier(0.4, 0, 0.2, 1);
  transition-duration: 150ms;
}

.emotion-10:hover {
  fill: #0E76A8;
}

.emotion-10:focus {
  fill: #0E76A8;
}

<footer
  class="emotion-0"
>
  <ul
    class="emotion-1"
  >
    <li
      class="emotion-2"
    >
      <a
        class="emotion-3"
        href="https://www.facebook.com/laurilavanti"
        rel="noopener noreferrer"
        target="_blank"
        title="Facebook"
      >
        <svg
          class="emotion-4"
        >
          <use
            xlink:href="#icon-facebook"
          />
        </svg>
      </a>
    </li>
    <li
      class="emotion-2"
    >
      <a
        class="emotion-3"
        href="https://twitter.com/laurilavanti"
        rel="noopener noreferrer"
        target="_blank"
        title="Twitter"
      >
        <svg
          class="emotion-7"
        >
          <use
            xlink:href="#icon-twitter"
          />
        </svg>
      </a>
    </li>
    <li
      class="emotion-2"
    >
      <a
        class="emotion-3"
        href="https://www.linkedin.com/in/lapanti"
        rel="noopener noreferrer"
        target="_blank"
        title="LinkedIn"
      >
        <svg
          class="emotion-10"
        >
          <use
            xlink:href="#icon-linkedin"
          />
        </svg>
      </a>
    </li>
  </ul>
</footer>
`;
