// Jest Snapshot v1, https://goo.gl/fbAQLP

exports[`<Header /> should render 1`] = `
.c3 {
  text-decoration: none;
  transition-duration: 150ms;
  transition-property: color,background-color,border-color,text-decoration-color,fill,stroke,opacity,box-shadow,transform,filter,backdrop-filter;
  transition-timing-function: cubic-bezier(0.4, 0, 0.2, 1);
  color: rgb(248, 207, 169);
}

.c3 :hover,
.c3 :active,
.c3 :focus {
  text-decoration: underline;
}

.c4 {
  font-size: 1.75rem;
  line-height: 2.25rem;
  font-family: "Krana Fat",Trebuchet MS;
}

.c7 {
  font-size: 1.5rem;
  line-height: 2rem;
  font-family: "IBM Plex Sans",Trebuchet MS;
}

.c10 {
  align-items: center;
  display: flex;
  gap: 2.5rem;
  width: 50%;
  justify-content: flex-start;
}

.c11 {
  align-items: center;
  display: flex;
  gap: 2.5rem;
  width: 50%;
  justify-content: flex-end;
}

.c8 {
  display: flex;
  flex-direction: row;
  margin: auto;
  padding-left: 0.5rem;
  padding-right: 0.5rem;
  width: 75rem;
}

.c1 {
  align-items: center;
  display: flex;
  flex: 1;
  justify-content: space-between;
  margin-left: 0.5rem;
  margin-right: 0.5rem;
}

.c5 {
  align-items: center;
  background: rgb(0, 98, 114);
  display: flex;
  flex-direction: column;
  gap: 2.5rem;
  justify-content: center;
  overflow: hidden;
  position: absolute;
  top: 3.75rem;
  transition: height 0.3s ease-in-out;
  width: 100vw;
  height: 0;
}

.c5 .c6 {
  transition: opacity 0.3s ease-in-out;
}

.c5 .c6 {
  opacity: 0;
}

.c2 {
  display: flex;
}

.c9 {
  display: none;
}

.c0 {
  background-color: rgb(0, 98, 114);
  box-sizing: border-box;
  display: flex;
  flex-direction: row;
  height: 3.75rem;
  position: fixed;
  user-select: none;
  width: 100%;
  z-index: 50;
}

@media (min-width: 1200px) {
  .c1 {
    display: none;
  }
}

@media (min-width: 1200px) {
  .c5 {
    display: none;
  }
}

@media (min-width: 1200px) {
  .c2 {
    display: none;
  }
}

@media (min-width: 1200px) {
  .c9 {
    display: flex;
  }
}

<header
  class="c0"
>
  <div
    class="c1 c2"
  >
    <a
      class="c3 c4"
      href="/"
      title="Lauri Lavanti"
    >
      Lauri Lavanti
    </a>
    <div
      aria-expanded="false"
      aria-label="Avaa valikko"
      class="hamburger-react"
      role="button"
      style="cursor: pointer; height: 48px; position: relative; transition: 0.3s ease-in-out; user-select: none; width: 48px; outline: none;"
      tabindex="0"
    >
      <div
        style="transition: 0.15s ease-in-out 0.15s; transform: none;"
      >
        <div
          style="background: rgb(248, 207, 169); height: 3px; left: 4px; position: absolute; width: 40px; top: 12px; transition: 0.15s ease-in-out 0s; transform: none;"
        />
      </div>
      <div
        style="transition: 0.15s ease-in-out; opacity: 1;"
      >
        <div
          style="background: rgb(248, 207, 169); height: 3px; left: 4px; position: absolute; width: 40px; top: 23px; transition: 0.15s ease-in-out;"
        />
      </div>
      <div
        style="transition: 0.15s ease-in-out 0.15s; transform: none;"
      >
        <div
          style="background: rgb(248, 207, 169); height: 3px; left: 4px; position: absolute; width: 40px; top: 34px; transition: 0.15s ease-in-out 0s; transform: none;"
        />
      </div>
    </div>
  </div>
  <div
    class="c5 c2"
  >
    <a
      class="c3 c6 c7"
      href="/minusta/"
      title="Lauri Lavanti - Liberaalia ja kestävää politiikkaa"
    >
      Minusta
    </a>
    <a
      class="c3 c6 c7"
      href="/blogi/"
      title="Blogi"
    >
      Blogi
    </a>
    <a
      class="c3 c6 c7"
      href="/ota-yhteytta/"
      title="Ota yhteyttä"
    >
      Ota yhteyttä
    </a>
  </div>
  <div
    class="c8 c9"
  >
    <div
      class="c10"
    >
      <a
        class="c3 c4"
        href="/"
        title="Lauri Lavanti"
      >
        Lauri Lavanti
      </a>
    </div>
    <div
      class="c11"
    >
      <a
        class="c3 c6 c7"
        href="/minusta/"
        title="Lauri Lavanti - Liberaalia ja kestävää politiikkaa"
      >
        Minusta
      </a>
      <a
        class="c3 c6 c7"
        href="/blogi/"
        title="Blogi"
      >
        Blogi
      </a>
      <a
        class="c3 c6 c7"
        href="/ota-yhteytta/"
        title="Ota yhteyttä"
      >
        Ota yhteyttä
      </a>
    </div>
  </div>
</header>
`;
