// Jest Snapshot v1, https://goo.gl/fbAQLP

exports[`<HomeTitle /> should render 1`] = `
.emotion-0 {
  font-size: 1.875rem;
  line-height: 2.25rem;
  --tw-text-opacity: 1;
  color: rgba(6, 45, 36, var(--tw-text-opacity));
  font-weight: 700;
  grid-column-start: 3;
}

.emotion-1 {
  display: -webkit-box;
  display: -webkit-flex;
  display: -ms-flexbox;
  display: flex;
  -webkit-flex-direction: column;
  -ms-flex-direction: column;
  flex-direction: column;
  -webkit-align-items: flex-end;
  -webkit-box-align: flex-end;
  -ms-flex-align: flex-end;
  align-items: flex-end;
  margin-top: 1.5rem;
  margin-bottom: 1.5rem;
}

.emotion-2 {
  -webkit-align-self: flex-start;
  -ms-flex-item-align: flex-start;
  align-self: flex-start;
}

<div
  class="emotion-0"
>
  <dl
    class="emotion-1"
  >
    <dt
      aria-label="Lauri Lavanti"
      class="emotion-2"
    >
      <h1>
        Lauri Lavanti
      </h1>
    </dt>
    <dd
      aria-label="Isä"
    >
      Isä
    </dd>
    <dd
      aria-label="Kirkkonummelainen"
    >
      Kirkkonummelainen
    </dd>
    <dd
      aria-label="Ohjelmistokehittäjä"
    >
      Ohjelmistokehittäjä
    </dd>
    <dd
      aria-label="Diplomi-insinööri"
    >
      Diplomi-insinööri
    </dd>
  </dl>
</div>
`;
