// Jest Snapshot v1, https://goo.gl/fbAQLP

exports[`<Svgs /> should render 1`] = `
<svg
  aria-hidden="true"
  style="position: absolute; width: 0px; height: 0px; overflow: hidden;"
  version="1.1"
  xmlns="http://www.w3.org/2000/svg"
  xmlns:xlink="http://www.w3.org/1999/xlink"
>
  <defs>
    <svg
      height="0"
      width="0"
    >
      <radialgradient
        cx="30%"
        cy="107%"
        id="instagram-gradient"
        r="150%"
      >
        <stop
          offset="0"
          stop-color="#fdf497"
        />
        <stop
          offset="0.05"
          stop-color="#fdf497"
        />
        <stop
          offset="0.45"
          stop-color="#fd5949"
        />
        <stop
          offset="0.6"
          stop-color="#d6249f"
        />
        <stop
          offset="0.9"
          stop-color="#285AEB"
        />
      </radialgradient>
    </svg>
    <symbol
      id="logo"
      viewBox="0 0 600 600"
    >
      <g>
        <title>
          Lauri lavanti
        </title>
        <rect
          fill="#045a1c"
          height="600"
          id="svg_2"
          rx="50"
          width="600"
          x="0"
          y="0"
        />
        <text
          fill="#ffffff"
          font-family="Times New Roman"
          font-size="24"
          font-style="normal"
          font-weight="400"
          id="svg_1"
          stroke="#ffffff"
          text-anchor="start"
          transform="matrix(22.2798, 0, 0, 22.2798, -4774.17, -4448.06)"
          x="217.25434"
          xml:space="preserve"
          y="221.21152"
        >
          L²
        </text>
      </g>
    </symbol>
  </defs>
</svg>
`;
