// Jest Snapshot v1, https://jestjs.io/docs/snapshot-testing

exports[`<Svgs /> should render 1`] = `
<svg
  aria-hidden="true"
  style="height: 0px; overflow: hidden; position: absolute; width: 0px;"
  version="1.1"
  xmlns="http://www.w3.org/2000/svg"
  xmlns:xlink="http://www.w3.org/1999/xlink"
>
  <defs>
    <svg
      height="0"
      width="0"
    >
      <radialgradient
        cx="30%"
        cy="107%"
        id="instagram-gradient"
        r="150%"
      >
        <stop
          offset="0"
          stop-color="#fdf497"
        />
        <stop
          offset="0.05"
          stop-color="#fdf497"
        />
        <stop
          offset="0.45"
          stop-color="#fd5949"
        />
        <stop
          offset="0.6"
          stop-color="#d6249f"
        />
        <stop
          offset="0.9"
          stop-color="#285AEB"
        />
      </radialgradient>
    </svg>
  </defs>
</svg>
`;
