// Jest Snapshot v1, https://goo.gl/fbAQLP

exports[`<Title /> should render 1`] = `
.c1 {
  grid-column-start: 3;
  font-family: "IBM Plex Mono";
  font-weight: 900;
  color: rgb(255, 255, 255);
  display: flex;
  align-items: flex-end;
  margin-bottom: 1rem;
  font-size: 2.25rem;
  line-height: 2.5rem;
}

.c0 {
  display: grid;
  grid-template-columns: 1fr 0.5rem min(80ch, calc(100% - 1.125rem)) 0.5rem 1fr;
  grid-column: 1/-1;
  margin-top: -14rem;
  z-index: 40;
  max-width: min(100%, 1920px);
  margin-left: auto;
  margin-right: auto;
  width: 100%;
  background-image: linear-gradient(to top, rgb(0, 0, 0), rgba(0, 0, 0, 0));
}

<section
  class="c0"
>
  <h1
    class="c1"
    itemprop="headline"
  >
    My title
  </h1>
</section>
`;
