// Jest Snapshot v1, https://goo.gl/fbAQLP

exports[`<DesktopMenu /> should render 1`] = `
.c2 {
  text-decoration: none;
  transition-duration: 150ms;
  transition-property: color,background-color,border-color,text-decoration-color,fill,stroke,opacity,box-shadow,transform,filter,backdrop-filter;
  transition-timing-function: cubic-bezier(0.4, 0, 0.2, 1);
  color: rgb(248, 207, 169);
}

.c2 :hover,
.c2 :active,
.c2 :focus {
  text-decoration: underline;
}

.c3 {
  font-size: 1.75rem;
  line-height: 2.25rem;
  font-family: "Krana Fat",Trebuchet MS;
}

.c5 {
  font-size: 1.5rem;
  line-height: 2rem;
  font-family: "IBM Plex Sans",Trebuchet MS;
}

.c1 {
  align-items: center;
  display: flex;
  gap: 2.5rem;
  width: 50%;
  justify-content: flex-start;
}

.c4 {
  align-items: center;
  display: flex;
  gap: 2.5rem;
  width: 50%;
  justify-content: flex-end;
}

.c0 {
  display: flex;
  flex-direction: row;
  margin: auto;
  padding-left: 0.5rem;
  padding-right: 0.5rem;
  width: 75rem;
}

<div
  class="c0"
>
  <div
    class="c1"
  >
    <a
      class="c2 c3"
      href="/"
      title="Lauri Lavanti"
    >
      Lauri Lavanti
    </a>
  </div>
  <div
    class="c4"
  >
    <a
      class="c2 c5"
      href="/minusta/"
      title="Lauri Lavanti - Liberaalia ja kestävää politiikkaa"
    >
      Minusta
    </a>
    <a
      class="c2 c5"
      href="/blogi/"
      title="Blogi"
    >
      Blogi
    </a>
    <a
      class="c2 c5"
      href="/ota-yhteytta/"
      title="Ota yhteyttä"
    >
      Ota yhteyttä
    </a>
  </div>
</div>
`;
