// Vitest Snapshot v1, https://vitest.dev/guide/snapshot.html

exports[`<Banner /> > should render 1`] = `
<a
  data-astro-cid-jtxoc2go=""
  href="/test-slug/"
  rel="permalink"
  style="--sizes025: 0.25rem;--sizes01875: 0.1875rem;"
>
   
  <picture
    data-astro-cid-jtxoc2go=""
    style="--sizes025: 0.25rem;--sizes01875: 0.1875rem;"
  >
     
    <source
      data-astro-cid-jtxoc2go="true"
      sizes="(min-width: 560px) 560px, 100vw"
      srcset="https://images.ctfassets.net/44t6u1r4zgqq/22zkTYrMQVwAfvrEW3WGeX/9d5c7c3e5e853a9dede1b5cc0e539486/Teko%C3%83_ly.jpg?q=80&fm=avif&w=560&h=315&fit=fill 560w,
https://images.ctfassets.net/44t6u1r4zgqq/22zkTYrMQVwAfvrEW3WGeX/9d5c7c3e5e853a9dede1b5cc0e539486/Teko%C3%83_ly.jpg?q=80&fm=avif&w=640&h=360&fit=fill 640w,
https://images.ctfassets.net/44t6u1r4zgqq/22zkTYrMQVwAfvrEW3WGeX/9d5c7c3e5e853a9dede1b5cc0e539486/Teko%C3%83_ly.jpg?q=80&fm=avif&w=750&h=422&fit=fill 750w,
https://images.ctfassets.net/44t6u1r4zgqq/22zkTYrMQVwAfvrEW3WGeX/9d5c7c3e5e853a9dede1b5cc0e539486/Teko%C3%83_ly.jpg?q=80&fm=avif&w=828&h=466&fit=fill 828w,
https://images.ctfassets.net/44t6u1r4zgqq/22zkTYrMQVwAfvrEW3WGeX/9d5c7c3e5e853a9dede1b5cc0e539486/Teko%C3%83_ly.jpg?q=80&fm=avif&w=960&h=540&fit=fill 960w,
https://images.ctfassets.net/44t6u1r4zgqq/22zkTYrMQVwAfvrEW3WGeX/9d5c7c3e5e853a9dede1b5cc0e539486/Teko%C3%83_ly.jpg?q=80&fm=avif&w=1080&h=608&fit=fill 1080w,
https://images.ctfassets.net/44t6u1r4zgqq/22zkTYrMQVwAfvrEW3WGeX/9d5c7c3e5e853a9dede1b5cc0e539486/Teko%C3%83_ly.jpg?q=80&fm=avif&w=1120&h=630&fit=fill 1120w"
      type="image/avif"
    />
     
    <source
      data-astro-cid-jtxoc2go="true"
      sizes="(min-width: 560px) 560px, 100vw"
      srcset="https://images.ctfassets.net/44t6u1r4zgqq/22zkTYrMQVwAfvrEW3WGeX/9d5c7c3e5e853a9dede1b5cc0e539486/Teko%C3%83_ly.jpg?q=80&fm=webp&w=560&h=315&fit=fill 560w,
https://images.ctfassets.net/44t6u1r4zgqq/22zkTYrMQVwAfvrEW3WGeX/9d5c7c3e5e853a9dede1b5cc0e539486/Teko%C3%83_ly.jpg?q=80&fm=webp&w=640&h=360&fit=fill 640w,
https://images.ctfassets.net/44t6u1r4zgqq/22zkTYrMQVwAfvrEW3WGeX/9d5c7c3e5e853a9dede1b5cc0e539486/Teko%C3%83_ly.jpg?q=80&fm=webp&w=750&h=422&fit=fill 750w,
https://images.ctfassets.net/44t6u1r4zgqq/22zkTYrMQVwAfvrEW3WGeX/9d5c7c3e5e853a9dede1b5cc0e539486/Teko%C3%83_ly.jpg?q=80&fm=webp&w=828&h=466&fit=fill 828w,
https://images.ctfassets.net/44t6u1r4zgqq/22zkTYrMQVwAfvrEW3WGeX/9d5c7c3e5e853a9dede1b5cc0e539486/Teko%C3%83_ly.jpg?q=80&fm=webp&w=960&h=540&fit=fill 960w,
https://images.ctfassets.net/44t6u1r4zgqq/22zkTYrMQVwAfvrEW3WGeX/9d5c7c3e5e853a9dede1b5cc0e539486/Teko%C3%83_ly.jpg?q=80&fm=webp&w=1080&h=608&fit=fill 1080w,
https://images.ctfassets.net/44t6u1r4zgqq/22zkTYrMQVwAfvrEW3WGeX/9d5c7c3e5e853a9dede1b5cc0e539486/Teko%C3%83_ly.jpg?q=80&fm=webp&w=1120&h=630&fit=fill 1120w"
      type="image/webp"
    />
     
    <img
      alt="Test image"
      class="excerpt-image"
      data-astro-cid-jtxoc2go="true"
      decoding="async"
      loading="lazy"
      sizes="(min-width: 560px) 560px, 100vw"
      src="https://images.ctfassets.net/44t6u1r4zgqq/22zkTYrMQVwAfvrEW3WGeX/9d5c7c3e5e853a9dede1b5cc0e539486/Teko%C3%83_ly.jpg?q=80&w=560&h=315&fit=fill"
      srcset="https://images.ctfassets.net/44t6u1r4zgqq/22zkTYrMQVwAfvrEW3WGeX/9d5c7c3e5e853a9dede1b5cc0e539486/Teko%C3%83_ly.jpg?q=80&w=560&h=315&fit=fill 560w,
https://images.ctfassets.net/44t6u1r4zgqq/22zkTYrMQVwAfvrEW3WGeX/9d5c7c3e5e853a9dede1b5cc0e539486/Teko%C3%83_ly.jpg?q=80&w=640&h=360&fit=fill 640w,
https://images.ctfassets.net/44t6u1r4zgqq/22zkTYrMQVwAfvrEW3WGeX/9d5c7c3e5e853a9dede1b5cc0e539486/Teko%C3%83_ly.jpg?q=80&w=750&h=422&fit=fill 750w,
https://images.ctfassets.net/44t6u1r4zgqq/22zkTYrMQVwAfvrEW3WGeX/9d5c7c3e5e853a9dede1b5cc0e539486/Teko%C3%83_ly.jpg?q=80&w=828&h=466&fit=fill 828w,
https://images.ctfassets.net/44t6u1r4zgqq/22zkTYrMQVwAfvrEW3WGeX/9d5c7c3e5e853a9dede1b5cc0e539486/Teko%C3%83_ly.jpg?q=80&w=960&h=540&fit=fill 960w,
https://images.ctfassets.net/44t6u1r4zgqq/22zkTYrMQVwAfvrEW3WGeX/9d5c7c3e5e853a9dede1b5cc0e539486/Teko%C3%83_ly.jpg?q=80&w=1080&h=608&fit=fill 1080w,
https://images.ctfassets.net/44t6u1r4zgqq/22zkTYrMQVwAfvrEW3WGeX/9d5c7c3e5e853a9dede1b5cc0e539486/Teko%C3%83_ly.jpg?q=80&w=1120&h=630&fit=fill 1120w"
      style="object-fit:cover;background-image:url(data:image/bmp;base64,Qk32BAAAAAAAADYAAAAoAAAACAAAAAgAAAABABgAAAAAAMAAAAATCwAAEwsAAAAAAAAAAAAAAAAYDAAAJQAALyIALjNEJDVZFyNODAAaAgApGwAHMxcAOzEiNkBaJ0NvGjNhGgUsDxI0JhgcPigARz44Pk1sK1CBHkFyIx05Fh85LCMjRTIATkZCRFZ2MFiKIkl6KCY+GB83LiQiRzUAUEpFSFl2NVuKJkt4KSc8FxYuLB8aRDMATkpCSFlvOFqBKUlvJSM0FQUjKBcNQDEAS0g8SFdmO1d2K0VkIRwpFAAdJxIEPi8ASUc6SFZiPFZwLERfHxkj);background-size:cover;background-repeat:no-repeat;max-width:560px;max-height:315px;aspect-ratio:1.7777777777777777;width:100%"
    />
     
  </picture>
   
  <div
    data-astro-cid-jtxoc2go=""
    style="--sizes025: 0.25rem;--sizes01875: 0.1875rem;"
  >
     
    <h2
      data-astro-cid-k2kdrolm=""
      itemprop="headline"
      style="--h2FontFamily: &#34;Krana Fat&#34;, Trebuchet MS;--h2FontSize: 2.25rem;--h2FontWeight: 1000;--h2LineHeight: 2.5rem;--sizes1: 1rem;"
    >
       Test Title 
    </h2>
     
  </div>
   
</a>
`;
