// Vitest Snapshot v1, https://vitest.dev/guide/snapshot.html

exports[`<Description /> > should render 1`] = `
<p
  data-astro-cid-ho6gvodc=""
  itemprop="description"
  style=";--bodyFontSize: 1.125rem;--bodyFontWeight: 400;--bodyLineHeight: 1.75rem;--marginBottom: 1rem;--marginTop: 0.25rem;"
>
   Test excerpt 
  <a
    data-astro-cid-76ftwowl=""
    href="/test-slug/"
    rel="permalink"
    style="--colorsMoss: rgb(90, 94, 0);"
  >
     Lue lisää » 
  </a>
   
</p>
`;
