// Jest Snapshot v1, https://goo.gl/fbAQLP

exports[`<SocialShare /> should render 1`] = `
<aside
  class="css-1p9vu28"
>
  <span
    class="css-9u48bm"
  >
    Jaa:
  </span>
  <a
    class="css-1ed7wy8"
    href="https://www.facebook.com/sharer/sharer.php?u=SiteUrl"
    rel="noopener noreferrer"
    target="_blank"
    title="Jaa Facebookissa"
  >
    <svg
      class="css-yoio3c"
    >
      <use
        xlink:href="#icon-facebook"
      />
    </svg>
  </a>
  <a
    class="css-1ed7wy8"
    href="https://twitter.com/intent/tweet?text=Title%20SiteUrl"
    rel="noopener noreferrer"
    target="_blank"
    title="Jaa Twitterissä"
  >
    <svg
      class="css-ckydu0"
    >
      <use
        xlink:href="#icon-twitter"
      />
    </svg>
  </a>
  <a
    class="css-1ed7wy8"
    href="https://www.linkedin.com/sharing/share-offsite/?url=SiteUrl"
    rel="noopener noreferrer"
    target="_blank"
    title="Jaa LinkedInissä"
  >
    <svg
      class="css-ufzs8u"
    >
      <use
        xlink:href="#icon-linkedin"
      />
    </svg>
  </a>
</aside>
`;
