// Vitest Snapshot v1, https://vitest.dev/guide/snapshot.html

exports[`<MainNavigationLink /> > should render 1`] = `
<a
  aria-current="false"
  data-astro-cid-6wv6yc2t=""
  href="/fi/"
  style="--colorsPeach: rgb(248, 207, 169);--h1FontFamily: "Big Shoulders Display", Trebuchet MS;--h1FontSize: 1.75rem;--h1FontWeight: 900;--h1LineHeight: 1.2;--sizes01875: 0.1875rem;"
>
  Lauri Lavanti
</a>
`;
