// Vitest Snapshot v1, https://vitest.dev/guide/snapshot.html

exports[`<MainNavigationLink /> > should render 1`] = `
<a
  aria-current="page"
  data-astro-cid-kpdrc2u3=""
  data-astro-source-file="/home/lapanti/code/laurilavanti/src/components/header/components/MainNavigationLink.astro"
  data-astro-source-loc="50:112"
  href="/"
  style="--colorsPeach: rgb(248, 207, 169);--h1FontFamily: &#34;Krana Fat&#34;, Trebuchet MS;--h1FontSize: 1.75rem;--h1FontWeight: 1000;--h1LineHeight: 2.25rem;--sizes01875: 0.1875rem;"
  title="Lauri Lavanti"
>
  
Lauri Lavanti

</a>
`;
