// Vitest Snapshot v1, https://vitest.dev/guide/snapshot.html

exports[`<NavigationLink /> > should render 1`] = `
<a
  aria-current="false"
  data-astro-cid-qwsiyuss=""
  data-astro-source-file="/home/lapanti/code/laurilavanti/src/components/header/components/NavigationLink.astro"
  data-astro-source-loc="62:6"
  href="/minusta/"
  style="--bodyFontSize: 1.5rem;--bodyFontWeight: 400;--bodyLineHeight: 2rem;--colorsPeach: rgb(248, 207, 169);--sizes01875: 0.1875rem;"
  title="Minusta"
>
  Laurista 
</a>
`;
