// Vitest Snapshot v1, https://vitest.dev/guide/snapshot.html

exports[`<NavigationLink /> > should render 1`] = `
<a
  aria-current="false"
  aria-label="Minusta"
  data-astro-cid-qwsiyuss=""
  href="/minusta/"
  style="--bodyFontSize: 1.5rem;--bodyFontWeight: 400;--bodyLineHeight: 2rem;--colorsPeach: rgb(248, 207, 169);--sizes01875: 0.1875rem;"
>
  Laurista 
</a>
`;
