// Vitest Snapshot v1, https://vitest.dev/guide/snapshot.html

exports[`<Row /> > should render 1`] = `
<li
  data-astro-cid-7jajnglq=""
  style="font-weight:1000;--bodyFontSize: 1.125rem;--bodyFontWeight: 400;--bodyLineHeight: 1.75rem;--colorsEvening: rgb(0, 98, 114);--sizes05: 0.5rem;--sizes125: 1.25rem;"
>
    
  <span>
      
  </span>
   
  <i>
       2020– 
  </i>
    
</li>
`;
