// Vitest Snapshot v1, https://vitest.dev/guide/snapshot.html

exports[`<Row /> > should render 1`] = `
<li
  data-astro-cid-7jajnglq=""
  data-astro-source-file="/home/lapanti/code/laurilavanti/src/components/LI.astro"
  data-astro-source-loc="40:69"
  style="font-weight:1000;--bodyFontSize: 1.125rem;--bodyFontWeight: 400;--bodyLineHeight: 1.75rem;--colorsEvening: rgb(0, 98, 114);--sizes05: 0.5rem;--sizes125: 1.25rem;"
>
    
  <span
    data-astro-source-file="/home/lapanti/code/laurilavanti/src/components/body/curriculumVitae/section/Row.astro"
    data-astro-source-loc="22:11"
  >
      
  </span>
   
  <i
    data-astro-source-file="/home/lapanti/code/laurilavanti/src/components/body/curriculumVitae/section/Row.astro"
    data-astro-source-loc="25:8"
  >
       2020– 
  </i>
    
</li>
`;
