// Vitest Snapshot v1, https://vitest.dev/guide/snapshot.html

exports[`<Row /> > should render 1`] = `
<li
  data-astro-cid-mxyohmtp=""
  style="font-weight:900;--bodyFontFamily: "IBM Plex Sans", Trebuchet MS;--bodyFontSize: 1.25rem;--bodyFontWeight: 400;--bodyLineHeight: 1.5;--colorsDarkGreen: #006845;--colorsForestGreen: rgb(22, 62, 53);--colorsTextSecondary: #4A4E45;--sizes05: 0.5rem;--sizes125: 1.25rem;--textFontFamily: "IBM Plex Sans", "Segoe UI", Helvetica, Arial, sans-serif;--textFontWeight: 400;--textLineHeight: 1.68;"
>
    
  <span />
   
  <i>
     2020–
  </i>
    
</li>
`;
