// Vitest Snapshot v1, https://vitest.dev/guide/snapshot.html

exports[`<Row /> > should render 1`] = `
<li
  data-astro-cid-7jajnglq=""
  style="font-weight:900;--bodyFontFamily: "IBM Plex Sans", Trebuchet MS;--bodyFontSize: 1.25rem;--bodyFontWeight: 400;--bodyLineHeight: 1.2;--colorsForestGreen: rgb(22, 62, 53);--sizes05: 0.5rem;--sizes125: 1.25rem;"
>
    
  <span />
   
  <i>
     2020–
  </i>
    
</li>
`;
