// Vitest Snapshot v1, https://vitest.dev/guide/snapshot.html

exports[`<Images /> > should render 1`] = `
<div
  class="hero-left"
  data-astro-cid-m3u6b4yh=""
>
   
  <div
    class="bg"
    data-astro-cid-m3u6b4yh=""
  >
      
  </div>
   
  <div
    class="mark"
    data-astro-cid-m3u6b4yh=""
  >
     
    <span
      class="name-logo"
      data-astro-cid-mwv2mh63=""
      style="--firstNameFontSize: 22px;--fontFamily: "Big Shoulders Display", Trebuchet MS;--fontSize: 3rem;--fontWeight: 900;--textColor: rgb(255, 255, 255);"
    >
      <span
        class="first-name"
        data-astro-cid-mwv2mh63=""
        style="--firstNameFontSize: 22px;--fontFamily: "Big Shoulders Display", Trebuchet MS;--fontSize: 3rem;--fontWeight: 900;--textColor: rgb(255, 255, 255);"
      >
        Lauri
      </span>
       
      <span
        data-astro-cid-mwv2mh63=""
        style="--firstNameFontSize: 22px;--fontFamily: "Big Shoulders Display", Trebuchet MS;--fontSize: 3rem;--fontWeight: 900;--textColor: rgb(255, 255, 255);"
      >
        Lavanti
      </span>
    </span>
     
  </div>
   
</div>
`;
