// Vitest Snapshot v1, https://vitest.dev/guide/snapshot.html

exports[`<Titles /> > should render 1`] = `
<div
  data-astro-cid-b45zlb2t=""
  style="--colorsPeach: rgb(248, 207, 169);--colorsWhite: rgb(255, 255, 255);--h1FontFamily: &#34;Krana Fat&#34;, Trebuchet MS;--h1FontSize: 3.75rem;--h1FontWeight: 1000;--h1LineHeight: 1;--h2FontFamily: &#34;Krana Fat&#34;, Trebuchet MS;--h2FontSize: 2.25rem;--h2FontWeight: 1000;--h2LineHeight: 2.5rem;--ingressFontSize: 1.875rem;--ingressFontWeight: 300;--ingressLineHeight: 2.25rem;--sizes0875: 0.875rem;--sizes3: 3rem;--sizes15: 1.5rem;--sizes375: 3.75rem;"
>
   
  <h1
    data-astro-cid-b45zlb2t=""
    style="--colorsPeach: rgb(248, 207, 169);--colorsWhite: rgb(255, 255, 255);--h1FontFamily: &#34;Krana Fat&#34;, Trebuchet MS;--h1FontSize: 3.75rem;--h1FontWeight: 1000;--h1LineHeight: 1;--h2FontFamily: &#34;Krana Fat&#34;, Trebuchet MS;--h2FontSize: 2.25rem;--h2FontWeight: 1000;--h2LineHeight: 2.5rem;--ingressFontSize: 1.875rem;--ingressFontWeight: 300;--ingressLineHeight: 2.25rem;--sizes0875: 0.875rem;--sizes3: 3rem;--sizes15: 1.5rem;--sizes375: 3.75rem;"
  >
    Test Title
  </h1>
   
  <p
    data-astro-cid-b45zlb2t=""
    style="--colorsPeach: rgb(248, 207, 169);--colorsWhite: rgb(255, 255, 255);--h1FontFamily: &#34;Krana Fat&#34;, Trebuchet MS;--h1FontSize: 3.75rem;--h1FontWeight: 1000;--h1LineHeight: 1;--h2FontFamily: &#34;Krana Fat&#34;, Trebuchet MS;--h2FontSize: 2.25rem;--h2FontWeight: 1000;--h2LineHeight: 2.5rem;--ingressFontSize: 1.875rem;--ingressFontWeight: 300;--ingressLineHeight: 2.25rem;--sizes0875: 0.875rem;--sizes3: 3rem;--sizes15: 1.5rem;--sizes375: 3.75rem;"
  >
    Subtitle
  </p>
   
  <h2
    data-astro-cid-b45zlb2t=""
    style="--colorsPeach: rgb(248, 207, 169);--colorsWhite: rgb(255, 255, 255);--h1FontFamily: &#34;Krana Fat&#34;, Trebuchet MS;--h1FontSize: 3.75rem;--h1FontWeight: 1000;--h1LineHeight: 1;--h2FontFamily: &#34;Krana Fat&#34;, Trebuchet MS;--h2FontSize: 2.25rem;--h2FontWeight: 1000;--h2LineHeight: 2.5rem;--ingressFontSize: 1.875rem;--ingressFontWeight: 300;--ingressLineHeight: 2.25rem;--sizes0875: 0.875rem;--sizes3: 3rem;--sizes15: 1.5rem;--sizes375: 3.75rem;"
  >
    Secondary Title
  </h2>
   
</div>
`;
