// Vitest Snapshot v1, https://vitest.dev/guide/snapshot.html

exports[`<BackgroundImage /> > should render 1`] = `
<div
  data-astro-cid-ifuk2w44=""
  style="--colorsEvening70: rgba(0, 98, 114, 0.7);"
>
  <img
    alt=""
    data-astro-cid-ifuk2w44="true"
    fetchpriority="high"
    loading="eager"
    role="presentation"
    src="https://images.ctfassets.net/44t6u1r4zgqq/22zkTYrMQVwAfvrEW3WGeX/9d5c7c3e5e853a9dede1b5cc0e539486/Teko%C3%83_ly.jpg?fit=fill"
    srcset="https://images.ctfassets.net/44t6u1r4zgqq/22zkTYrMQVwAfvrEW3WGeX/9d5c7c3e5e853a9dede1b5cc0e539486/Teko%C3%83_ly.jpg?w=640&fit=fill 640w,
https://images.ctfassets.net/44t6u1r4zgqq/22zkTYrMQVwAfvrEW3WGeX/9d5c7c3e5e853a9dede1b5cc0e539486/Teko%C3%83_ly.jpg?w=750&fit=fill 750w,
https://images.ctfassets.net/44t6u1r4zgqq/22zkTYrMQVwAfvrEW3WGeX/9d5c7c3e5e853a9dede1b5cc0e539486/Teko%C3%83_ly.jpg?w=828&fit=fill 828w,
https://images.ctfassets.net/44t6u1r4zgqq/22zkTYrMQVwAfvrEW3WGeX/9d5c7c3e5e853a9dede1b5cc0e539486/Teko%C3%83_ly.jpg?w=960&fit=fill 960w,
https://images.ctfassets.net/44t6u1r4zgqq/22zkTYrMQVwAfvrEW3WGeX/9d5c7c3e5e853a9dede1b5cc0e539486/Teko%C3%83_ly.jpg?w=1080&fit=fill 1080w,
https://images.ctfassets.net/44t6u1r4zgqq/22zkTYrMQVwAfvrEW3WGeX/9d5c7c3e5e853a9dede1b5cc0e539486/Teko%C3%83_ly.jpg?w=1280&fit=fill 1280w,
https://images.ctfassets.net/44t6u1r4zgqq/22zkTYrMQVwAfvrEW3WGeX/9d5c7c3e5e853a9dede1b5cc0e539486/Teko%C3%83_ly.jpg?w=1668&fit=fill 1668w,
https://images.ctfassets.net/44t6u1r4zgqq/22zkTYrMQVwAfvrEW3WGeX/9d5c7c3e5e853a9dede1b5cc0e539486/Teko%C3%83_ly.jpg?w=1920&fit=fill 1920w,
https://images.ctfassets.net/44t6u1r4zgqq/22zkTYrMQVwAfvrEW3WGeX/9d5c7c3e5e853a9dede1b5cc0e539486/Teko%C3%83_ly.jpg?w=2048&fit=fill 2048w,
https://images.ctfassets.net/44t6u1r4zgqq/22zkTYrMQVwAfvrEW3WGeX/9d5c7c3e5e853a9dede1b5cc0e539486/Teko%C3%83_ly.jpg?w=2560&fit=fill 2560w,
https://images.ctfassets.net/44t6u1r4zgqq/22zkTYrMQVwAfvrEW3WGeX/9d5c7c3e5e853a9dede1b5cc0e539486/Teko%C3%83_ly.jpg?w=3200&fit=fill 3200w,
https://images.ctfassets.net/44t6u1r4zgqq/22zkTYrMQVwAfvrEW3WGeX/9d5c7c3e5e853a9dede1b5cc0e539486/Teko%C3%83_ly.jpg?w=3840&fit=fill 3840w,
https://images.ctfassets.net/44t6u1r4zgqq/22zkTYrMQVwAfvrEW3WGeX/9d5c7c3e5e853a9dede1b5cc0e539486/Teko%C3%83_ly.jpg?w=4000&fit=fill 4480w,
https://images.ctfassets.net/44t6u1r4zgqq/22zkTYrMQVwAfvrEW3WGeX/9d5c7c3e5e853a9dede1b5cc0e539486/Teko%C3%83_ly.jpg?w=4000&fit=fill 5120w,
https://images.ctfassets.net/44t6u1r4zgqq/22zkTYrMQVwAfvrEW3WGeX/9d5c7c3e5e853a9dede1b5cc0e539486/Teko%C3%83_ly.jpg?w=4000&fit=fill 6016w"
    style="object-fit:cover;background-image:url(data:image/bmp;base64,Qk32BAAAAAAAADYAAAAoAAAACAAAAAgAAAABABgAAAAAAMAAAAATCwAAEwsAAAAAAAAAAAAABgAAFAAAIwAAKA8AIyZCFixZBSBOAQAYKR8zLxwVNx0AOCshMDxgIUJ5FzlvGiNCOzVOQDM4RjIARj08O0x3K1OSJEuHKThaQz9XSDxDTjwRTUdHQlaCMl2dK1WSL0JkQj9RRz09Tj4NTklHRFiANl6aLVaOMEFgOjg8PzcmSDkASkY+Q1V0N1qLLVB+KzlQLy4TNi0AQDMARUEyQVBkNlR4K0hqJC46KigAMSkAPS8AQz8rQE5dNlFuKkVgISct);background-size:cover;background-repeat:no-repeat;width:100%"
  />
</div>
`;
